Component: Arm Compiler for Embedded 6.22 Tool: armlink [5ee90200]

==============================================================================

Section Cross References

    cyberrypotter.o(.text.System_Init) refers to hardware.o(.text.Hardware_Init) for Hardware_Init
    cyberrypotter.o(.text.System_Init) refers to cyberrypotter.o(.bss.Cyberry_Potter_Status) for Cyberry_Potter_Status
    cyberrypotter.o(.text.System_Init) refers to stm32f10x_gpio.o(.text.GPIO_WriteBit) for GPIO_WriteBit
    cyberrypotter.o(.ARM.exidx.text.System_Init) refers to cyberrypotter.o(.text.System_Init) for [Anonymous Symbol]
    cyberrypotter.o(.text.Cyberry_Potter_System_Status_Update) refers to cyberrypotter.o(.bss.Cyberry_Potter_Status) for Cyberry_Potter_Status
    cyberrypotter.o(.text.Cyberry_Potter_System_Status_Update) refers to cyberrypotter.o(.rodata.str1.1) for .L.str
    cyberrypotter.o(.text.Cyberry_Potter_System_Status_Update) refers to printfa.o(i.__0printf) for printf
    cyberrypotter.o(.text.Cyberry_Potter_System_Status_Update) refers to cyberrypotter.o(.text.LED_Blink) for LED_Blink
    cyberrypotter.o(.ARM.exidx.text.Cyberry_Potter_System_Status_Update) refers to cyberrypotter.o(.text.Cyberry_Potter_System_Status_Update) for [Anonymous Symbol]
    cyberrypotter.o(.text.LED_Blink) refers to cyberrypotter.o(.bss.Cyberry_Potter_Status) for Cyberry_Potter_Status
    cyberrypotter.o(.text.LED_Blink) refers to stm32f10x_gpio.o(.text.GPIO_WriteBit) for GPIO_WriteBit
    cyberrypotter.o(.text.LED_Blink) refers to delay.o(.text.Delay_ms) for Delay_ms
    cyberrypotter.o(.ARM.exidx.text.LED_Blink) refers to cyberrypotter.o(.text.LED_Blink) for [Anonymous Symbol]
    cyberrypotter.o(.text.EXTI9_5_IRQHandler) refers to stm32f10x_exti.o(.text.EXTI_GetITStatus) for EXTI_GetITStatus
    cyberrypotter.o(.text.EXTI9_5_IRQHandler) refers to cyberrypotter.o(.bss.i) for i
    cyberrypotter.o(.text.EXTI9_5_IRQHandler) refers to imu.o(.text.IMU_Get_Data) for IMU_Get_Data
    cyberrypotter.o(.text.EXTI9_5_IRQHandler) refers to cyberrypotter.o(.rodata.str1.1) for .L.str.3
    cyberrypotter.o(.text.EXTI9_5_IRQHandler) refers to printfa.o(i.__0printf) for printf
    cyberrypotter.o(.text.EXTI9_5_IRQHandler) refers to cyberrypotter.o(.bss.Cyberry_Potter_Status) for Cyberry_Potter_Status
    cyberrypotter.o(.text.EXTI9_5_IRQHandler) refers to stm32f10x_exti.o(.text.EXTI_ClearITPendingBit) for EXTI_ClearITPendingBit
    cyberrypotter.o(.ARM.exidx.text.EXTI9_5_IRQHandler) refers to cyberrypotter.o(.text.EXTI9_5_IRQHandler) for [Anonymous Symbol]
    cyberrypotter.o(.text.EXTI0_IRQHandler) refers to stm32f10x_exti.o(.text.EXTI_GetITStatus) for EXTI_GetITStatus
    cyberrypotter.o(.text.EXTI0_IRQHandler) refers to cyberrypotter.o(.bss.Cyberry_Potter_Status) for Cyberry_Potter_Status
    cyberrypotter.o(.text.EXTI0_IRQHandler) refers to cyberrypotter.o(.rodata.str1.1) for .L.str.4
    cyberrypotter.o(.text.EXTI0_IRQHandler) refers to printfa.o(i.__0printf) for printf
    cyberrypotter.o(.text.EXTI0_IRQHandler) refers to stm32f10x_tim.o(.text.TIM_Cmd) for TIM_Cmd
    cyberrypotter.o(.text.EXTI0_IRQHandler) refers to stm32f10x_exti.o(.text.EXTI_ClearITPendingBit) for EXTI_ClearITPendingBit
    cyberrypotter.o(.ARM.exidx.text.EXTI0_IRQHandler) refers to cyberrypotter.o(.text.EXTI0_IRQHandler) for [Anonymous Symbol]
    cyberrypotter.o(.text.TIM4_IRQHandler) refers to stm32f10x_tim.o(.text.TIM_GetITStatus) for TIM_GetITStatus
    cyberrypotter.o(.text.TIM4_IRQHandler) refers to stm32f10x_gpio.o(.text.GPIO_ReadInputDataBit) for GPIO_ReadInputDataBit
    cyberrypotter.o(.text.TIM4_IRQHandler) refers to cyberrypotter.o(.data.TIM4_IRQHandler.previous_stuatus) for TIM4_IRQHandler.previous_stuatus
    cyberrypotter.o(.text.TIM4_IRQHandler) refers to cyberrypotter.o(.bss.time_hold_count_ms) for time_hold_count_ms
    cyberrypotter.o(.text.TIM4_IRQHandler) refers to cyberrypotter.o(.bss.Cyberry_Potter_Status) for Cyberry_Potter_Status
    cyberrypotter.o(.text.TIM4_IRQHandler) refers to cyberrypotter.o(.text.Cyberry_Potter_System_Status_Update) for Cyberry_Potter_System_Status_Update
    cyberrypotter.o(.text.TIM4_IRQHandler) refers to cyberrypotter.o(.bss.time_release_count_ms) for time_release_count_ms
    cyberrypotter.o(.text.TIM4_IRQHandler) refers to stm32f10x_tim.o(.text.TIM_Cmd) for TIM_Cmd
    cyberrypotter.o(.text.TIM4_IRQHandler) refers to cyberrypotter.o(.rodata.str1.1) for .L.str.5
    cyberrypotter.o(.text.TIM4_IRQHandler) refers to printfa.o(i.__0printf) for printf
    cyberrypotter.o(.text.TIM4_IRQHandler) refers to stm32f10x_tim.o(.text.TIM_ClearITPendingBit) for TIM_ClearITPendingBit
    cyberrypotter.o(.ARM.exidx.text.TIM4_IRQHandler) refers to cyberrypotter.o(.text.TIM4_IRQHandler) for [Anonymous Symbol]
    delay.o(.ARM.exidx.text.Delay_us) refers to delay.o(.text.Delay_us) for [Anonymous Symbol]
    delay.o(.text.Delay_ms) refers to delay.o(.text.Delay_us) for Delay_us
[...]
    MemManage_Handler                        0x0800010d   Thumb Code     2  startup_stm32f10x_md.o(.text)
    BusFault_Handler                         0x0800010f   Thumb Code     2  startup_stm32f10x_md.o(.text)
    UsageFault_Handler                       0x08000111   Thumb Code     2  startup_stm32f10x_md.o(.text)
    SVC_Handler                              0x08000113   Thumb Code     2  startup_stm32f10x_md.o(.text)
    DebugMon_Handler                         0x08000115   Thumb Code     2  startup_stm32f10x_md.o(.text)
    PendSV_Handler                           0x08000117   Thumb Code     2  startup_stm32f10x_md.o(.text)
    SysTick_Handler                          0x08000119   Thumb Code     2  startup_stm32f10x_md.o(.text)
    ADC1_2_IRQHandler                        0x0800011b   Thumb Code     0  startup_stm32f10x_md.o(.text)
    CAN1_RX1_IRQHandler                      0x0800011b   Thumb Code     0  startup_stm32f10x_md.o(.text)
    CAN1_SCE_IRQHandler                      0x0800011b   Thumb Code     0  startup_stm32f10x_md.o(.text)
    DMA1_Channel1_IRQHandler                 0x0800011b   Thumb Code     0  startup_stm32f10x_md.o(.text)
    DMA1_Channel2_IRQHandler                 0x0800011b   Thumb Code     0  startup_stm32f10x_md.o(.text)
    DMA1_Channel3_IRQHandler                 0x0800011b   Thumb Code     0  startup_stm32f10x_md.o(.text)
    DMA1_Channel4_IRQHandler                 0x0800011b   Thumb Code     0  startup_stm32f10x_md.o(.text)
    DMA1_Channel5_IRQHandler                 0x0800011b   Thumb Code     0  startup_stm32f10x_md.o(.text)
    DMA1_Channel6_IRQHandler                 0x0800011b   Thumb Code     0  startup_stm32f10x_md.o(.text)
    DMA1_Channel7_IRQHandler                 0x0800011b   Thumb Code     0  startup_stm32f10x_md.o(.text)
    EXTI15_10_IRQHandler                     0x0800011b   Thumb Code     0  startup_stm32f10x_md.o(.text)
    EXTI1_IRQHandler                         0x0800011b   Thumb Code     0  startup_stm32f10x_md.o(.text)
    EXTI2_IRQHandler                         0x0800011b   Thumb Code     0  startup_stm32f10x_md.o(.text)
    EXTI3_IRQHandler                         0x0800011b   Thumb Code     0  startup_stm32f10x_md.o(.text)
    EXTI4_IRQHandler                         0x0800011b   Thumb Code     0  startup_stm32f10x_md.o(.text)
    FLASH_IRQHandler                         0x0800011b   Thumb Code     0  startup_stm32f10x_md.o(.text)
    I2C1_ER_IRQHandler                       0x0800011b   Thumb Code     0  startup_stm32f10x_md.o(.text)
    I2C1_EV_IRQHandler                       0x0800011b   Thumb Code     0  startup_stm32f10x_md.o(.text)
    I2C2_ER_IRQHandler                       0x0800011b   Thumb Code     0  startup_stm32f10x_md.o(.text)
    I2C2_EV_IRQHandler                       0x0800011b   Thumb Code     0  startup_stm32f10x_md.o(.text)
    PVD_IRQHandler                           0x0800011b   Thumb Code     0  startup_stm32f10x_md.o(.text)
    RCC_IRQHandler                           0x0800011b   Thumb Code     0  startup_stm32f10x_md.o(.text)
    RTCAlarm_IRQHandler                      0x0800011b   Thumb Code     0  startup_stm32f10x_md.o(.text)
    RTC_IRQHandler                           0x0800011b   Thumb Code     0  startup_stm32f10x_md.o(.text)
    SPI1_IRQHandler                          0x0800011b   Thumb Code     0  startup_stm32f10x_md.o(.text)
    SPI2_IRQHandler                          0x0800011b   Thumb Code     0  startup_stm32f10x_md.o(.text)
    TAMPER_IRQHandler                        0x0800011b   Thumb Code     0  startup_stm32f10x_md.o(.text)
    TIM1_BRK_IRQHandler                      0x0800011b   Thumb Code     0  startup_stm32f10x_md.o(.text)
    TIM1_CC_IRQHandler                       0x0800011b   Thumb Code     0  startup_stm32f10x_md.o(.text)
    TIM1_TRG_COM_IRQHandler                  0x0800011b   Thumb Code     0  startup_stm32f10x_md.o(.text)
    TIM1_UP_IRQHandler                       0x0800011b   Thumb Code     0  startup_stm32f10x_md.o(.text)
    TIM2_IRQHandler                          0x0800011b   Thumb Code     0  startup_stm32f10x_md.o(.text)
    TIM3_IRQHandler                          0x0800011b   Thumb Code     0  startup_stm32f10x_md.o(.text)
    USART1_IRQHandler                        0x0800011b   Thumb Code     0  startup_stm32f10x_md.o(.text)
    USART2_IRQHandler                        0x0800011b   Thumb Code     0  startup_stm32f10x_md.o(.text)
    USART3_IRQHandler                        0x0800011b   Thumb Code     0  startup_stm32f10x_md.o(.text)
    USBWakeUp_IRQHandler                     0x0800011b   Thumb Code     0  startup_stm32f10x_md.o(.text)
    USB_HP_CAN1_TX_IRQHandler                0x0800011b   Thumb Code     0  startup_stm32f10x_md.o(.text)
    USB_LP_CAN1_RX0_IRQHandler               0x0800011b   Thumb Code     0  startup_stm32f10x_md.o(.text)
    WWDG_IRQHandler                          0x0800011b   Thumb Code     0  startup_stm32f10x_md.o(.text)
    __aeabi_uldivmod                         0x08000125   Thumb Code    98  uldiv.o(.text)
    __aeabi_ldivmod                          0x08000187   Thumb Code    98  ldiv.o(.text)
    __aeabi_memcpy                           0x080001e9   Thumb Code    36  memcpya.o(.text)
    __aeabi_memcpy4                          0x080001e9   Thumb Code     0  memcpya.o(.text)
    __aeabi_memcpy8                          0x080001e9   Thumb Code     0  memcpya.o(.text)
    __aeabi_memset                           0x0800020d   Thumb Code    14  memseta.o(.text)
    __aeabi_memset4                          0x0800020d   Thumb Code     0  memseta.o(.text)
    __aeabi_memset8                          0x0800020d   Thumb Code     0  memseta.o(.text)
    __aeabi_memclr                           0x0800021b   Thumb Code     4  memseta.o(.text)
    __aeabi_memclr4                          0x0800021b   Thumb Code     0  memseta.o(.text)
    __aeabi_memclr8                          0x0800021b   Thumb Code     0  memseta.o(.text)
    _memset$wrapper                          0x0800021f   Thumb Code    18  memseta.o(.text)
    memcmp                                   0x08000231   Thumb Code    26  memcmp.o(.text)
    __aeabi_fadd                             0x0800024b   Thumb Code   164  fadd.o(.text)
    __aeabi_fsub                             0x080002ef   Thumb Code     6  fadd.o(.text)
    __aeabi_frsub                            0x080002f5   Thumb Code     6  fadd.o(.text)
    __aeabi_fmul                             0x080002fb   Thumb Code   100  fmul.o(.text)
    __aeabi_fdiv                             0x0800035f   Thumb Code   124  fdiv.o(.text)
    __aeabi_dmul                             0x080003db   Thumb Code   228  dmul.o(.text)
    __aeabi_ddiv                             0x080004bf   Thumb Code   222  ddiv.o(.text)
    __aeabi_fcmple                           0x0800059d   Thumb Code    28  fcmple.o(.text)
    __aeabi_fcmplt                           0x080005b9   Thumb Code    28  fcmplt.o(.text)
    __aeabi_fcmpeq                           0x080005d5   Thumb Code    28  fcmpeq.o(.text)
    __aeabi_dcmple                           0x080005f1   Thumb Code    54  dcmple.o(.text)
    __aeabi_i2f                              0x08000627   Thumb Code    18  fflti.o(.text)
    __aeabi_ui2f                             0x08000639   Thumb Code    10  ffltui.o(.text)
    __aeabi_i2d                              0x08000643   Thumb Code    34  dflti.o(.text)
    __aeabi_f2iz                             0x08000665   Thumb Code    50  ffixi.o(.text)
    __aeabi_d2iz                             0x08000697   Thumb Code    62  dfixi.o(.text)
    __aeabi_f2d                              0x080006d5   Thumb Code    38  f2d.o(.text)
    __aeabi_d2f                              0x080006fb   Thumb Code    56  d2f.o(.text)
    __aeabi_uidiv                            0x08000733   Thumb Code     0  uidiv.o(.text)
    __aeabi_uidivmod                         0x08000733   Thumb Code    44  uidiv.o(.text)
    __aeabi_llsl                             0x0800075f   Thumb Code    30  llshl.o(.text)
    _ll_shift_l                              0x0800075f   Thumb Code     0  llshl.o(.text)
    __aeabi_llsr                             0x0800077d   Thumb Code    32  llushr.o(.text)
    _ll_ushift_r                             0x0800077d   Thumb Code     0  llushr.o(.text)
    __I$use$fp                               0x0800079d   Thumb Code     0  iusefp.o(.text)
    _float_round                             0x0800079d   Thumb Code    18  fepilogue.o(.text)
    _float_epilogue                          0x080007af   Thumb Code    92  fepilogue.o(.text)
    _double_round                            0x0800080b   Thumb Code    30  depilogue.o(.text)
    _double_epilogue                         0x08000829   Thumb Code   156  depilogue.o(.text)
    __aeabi_dadd                             0x080008c5   Thumb Code   322  dadd.o(.text)
    __aeabi_dsub                             0x08000a07   Thumb Code     6  dadd.o(.text)
    __aeabi_drsub                            0x08000a0d   Thumb Code     6  dadd.o(.text)
    __ARM_scalbn                             0x08000a13   Thumb Code    46  dscalb.o(.text)
    scalbn                                   0x08000a13   Thumb Code     0  dscalb.o(.text)
    _drnd                                    0x08000a41   Thumb Code   132  drnd.o(.text)
    __aeabi_d2ulz                            0x08000ac9   Thumb Code    48  dfixul.o(.text)
    __aeabi_cdcmpeq                          0x08000af9   Thumb Code     0  cdcmple.o(.text)
    __aeabi_cdcmple                          0x08000af9   Thumb Code    48  cdcmple.o(.text)
    __aeabi_cdrcmple                         0x08000b29   Thumb Code    48  cdrcmple.o(.text)
    __scatterload                            0x08000b59   Thumb Code    38  init.o(.text)
    __scatterload_rt2                        0x08000b59   Thumb Code     0  init.o(.text)
    __aeabi_lasr                             0x08000b89   Thumb Code    36  llsshr.o(.text)
    _ll_sshift_r                             0x08000b89   Thumb Code     0  llsshr.o(.text)
    _dsqrt                                   0x08000bad   Thumb Code   162  dsqrt.o(.text)
    Cyberry_Potter_System_Status_Update      0x08000c51   Thumb Code   148  cyberrypotter.o(.text.Cyberry_Potter_System_Status_Update)
    Delay_ms                                 0x08000ce5   Thumb Code    32  delay.o(.text.Delay_ms)
    Delay_us                                 0x08000d05   Thumb Code    84  delay.o(.text.Delay_us)
    EXTI0_IRQHandler                         0x08000d59   Thumb Code    68  cyberrypotter.o(.text.EXTI0_IRQHandler)
    EXTI9_5_IRQHandler                       0x08000d9d   Thumb Code   120  cyberrypotter.o(.text.EXTI9_5_IRQHandler)
    EXTI_ClearITPendingBit                   0x08000e15   Thumb Code    20  stm32f10x_exti.o(.text.EXTI_ClearITPendingBit)
    EXTI_GetITStatus                         0x08000e29   Thumb Code    68  stm32f10x_exti.o(.text.EXTI_GetITStatus)
    EXTI_Init                                0x08000e6d   Thumb Code   234  stm32f10x_exti.o(.text.EXTI_Init)
    EXTI_Restore                             0x08000f59   Thumb Code    34  hardware.o(.text.EXTI_Restore)
    EXTI_Stop                                0x08000f7d   Thumb Code    34  hardware.o(.text.EXTI_Stop)
    Flatten                                  0x08000fa1   Thumb Code   118  nnom_flatten.o(.text.Flatten)
    GPIO_EXTILineConfig                      0x08001019   Thumb Code    84  stm32f10x_gpio.o(.text.GPIO_EXTILineConfig)
    GPIO_Init                                0x0800106d   Thumb Code   390  stm32f10x_gpio.o(.text.GPIO_Init)
    GPIO_ReadInputDataBit                    0x080011f5   Thumb Code    52  stm32f10x_gpio.o(.text.GPIO_ReadInputDataBit)
    GPIO_WriteBit                            0x08001229   Thumb Code    40  stm32f10x_gpio.o(.text.GPIO_WriteBit)
    Hardware_Init                            0x08001251   Thumb Code   532  hardware.o(.text.Hardware_Init)
    IIC_Init                                 0x08001465   Thumb Code    68  iic.o(.text.IIC_Init)
    IIC_Receive_Byte                         0x080014f5   Thumb Code   106  iic.o(.text.IIC_Receive_Byte)
    IIC_Send_Byte                            0x08001581   Thumb Code    66  iic.o(.text.IIC_Send_Byte)
    IIC_read                                 0x0800164d   Thumb Code   152  iic.o(.text.IIC_read)
    IIC_write                                0x080016e5   Thumb Code   108  iic.o(.text.IIC_write)
    IMU_Get_Data                             0x08001751   Thumb Code   442  imu.o(.text.IMU_Get_Data)
    IMU_Sample_Start                         0x0800190d   Thumb Code    62  imu.o(.text.IMU_Sample_Start)
    LED_Blink                                0x0800194d   Thumb Code   324  cyberrypotter.o(.text.LED_Blink)
    MPU6050_Init                             0x08001a91   Thumb Code   210  mpu6050.o(.text.MPU6050_Init)
    MaxPool                                  0x08001b65   Thumb Code   270  nnom_maxpool.o(.text.MaxPool)
    NVIC_Init                                0x08001c75   Thumb Code   166  misc.o(.text.NVIC_Init)
    NVIC_PriorityGroupConfig                 0x08001d1d   Thumb Code    28  misc.o(.text.NVIC_PriorityGroupConfig)
    RCC_APB1PeriphClockCmd                   0x08001d39   Thumb Code    52  stm32f10x_rcc.o(.text.RCC_APB1PeriphClockCmd)
    RCC_APB2PeriphClockCmd                   0x08001d6d   Thumb Code    52  stm32f10x_rcc.o(.text.RCC_APB2PeriphClockCmd)
    RCC_GetClocksFreq                        0x08001da1   Thumb Code   370  stm32f10x_rcc.o(.text.RCC_GetClocksFreq)
    Softmax                                  0x08002041   Thumb Code   116  nnom_softmax.o(.text.Softmax)
    SystemInit                               0x080020b5   Thumb Code   102  system_stm32f10x.o(.text.SystemInit)
    System_Init                              0x0800211d   Thumb Code    46  cyberrypotter.o(.text.System_Init)
    TIM4_IRQHandler                          0x0800214d   Thumb Code   384  cyberrypotter.o(.text.TIM4_IRQHandler)
    TIM_ClearFlag                            0x080022cd   Thumb Code    22  stm32f10x_tim.o(.text.TIM_ClearFlag)
    TIM_ClearITPendingBit                    0x080022e5   Thumb Code    22  stm32f10x_tim.o(.text.TIM_ClearITPendingBit)
    TIM_Cmd                                  0x080022fd   Thumb Code    40  stm32f10x_tim.o(.text.TIM_Cmd)
    TIM_GetITStatus                          0x08002325   Thumb Code    82  stm32f10x_tim.o(.text.TIM_GetITStatus)
    TIM_ITConfig                             0x08002379   Thumb Code    48  stm32f10x_tim.o(.text.TIM_ITConfig)
    TIM_TimeBaseInit                         0x080023a9   Thumb Code   322  stm32f10x_tim.o(.text.TIM_TimeBaseInit)
    USART_Cmd                                0x080024ed   Thumb Code    40  stm32f10x_usart.o(.text.USART_Cmd)
    USART_ITConfig                           0x08002515   Thumb Code   142  stm32f10x_usart.o(.text.USART_ITConfig)
    USART_Init                               0x080025a5   Thumb Code   348  stm32f10x_usart.o(.text.USART_Init)
    act_get_dec_bit                          0x08002901   Thumb Code    44  nnom_activation.o(.text.act_get_dec_bit)
    act_relu                                 0x0800292d   Thumb Code    54  nnom_activation.o(.text.act_relu)
    block_mem_set                            0x08002a89   Thumb Code    98  nnom.o(.text.block_mem_set)
    check_model_version                      0x08002aed   Thumb Code   142  nnom.o(.text.check_model_version)
    compile_layers                           0x08002b7d   Thumb Code   960  nnom.o(.text.compile_layers)
    conv2d_build                             0x08002f3d   Thumb Code   350  nnom_conv2d.o(.text.conv2d_build)
    conv2d_free                              0x0800309d   Thumb Code    42  nnom_conv2d.o(.text.conv2d_free)
    conv2d_run                               0x080030c9   Thumb Code   470  nnom_conv2d.o(.text.conv2d_run)
    conv2d_s                                 0x080032a1   Thumb Code   482  nnom_conv2d.o(.text.conv2d_s)
    conv_output_length                       0x08003485   Thumb Code    86  nnom_conv2d.o(.text.conv_output_length)
    default_build                            0x080034dd   Thumb Code   104  nnom_baselayer.o(.text.default_build)
    delete_tensor                            0x08003545   Thumb Code    24  nnom_tensor.o(.text.delete_tensor)
    dense_build                              0x0800355d   Thumb Code   308  nnom_dense.o(.text.dense_build)
    dense_free                               0x08003691   Thumb Code    42  nnom_dense.o(.text.dense_free)
    dense_run                                0x080036bd   Thumb Code   146  nnom_dense.o(.text.dense_run)
    dense_s                                  0x08003751   Thumb Code   196  nnom_dense.o(.text.dense_s)
    dilation                                 0x08003815   Thumb Code    22  nnom_layers.o(.text.dilation)
    dmp_enable_6x_lp_quat                    0x0800382d   Thumb Code    70  inv_mpu_dmp_motion_driver.o(.text.dmp_enable_6x_lp_quat)
    dmp_enable_feature                       0x08003875   Thumb Code   682  inv_mpu_dmp_motion_driver.o(.text.dmp_enable_feature)
    dmp_enable_gyro_cal                      0x08003b21   Thumb Code   106  inv_mpu_dmp_motion_driver.o(.text.dmp_enable_gyro_cal)
    dmp_enable_lp_quat                       0x08003b8d   Thumb Code    70  inv_mpu_dmp_motion_driver.o(.text.dmp_enable_lp_quat)
    dmp_load_motion_driver_firmware          0x08003bd5   Thumb Code    26  inv_mpu_dmp_motion_driver.o(.text.dmp_load_motion_driver_firmware)
    dmp_set_accel_bias                       0x08003bf1   Thumb Code   342  inv_mpu_dmp_motion_driver.o(.text.dmp_set_accel_bias)
    dmp_set_fifo_rate                        0x08003d49   Thumb Code   164  inv_mpu_dmp_motion_driver.o(.text.dmp_set_fifo_rate)
    dmp_set_gyro_bias                        0x08003ded   Thumb Code   336  inv_mpu_dmp_motion_driver.o(.text.dmp_set_gyro_bias)
    dmp_set_orientation                      0x08003f3d   Thumb Code   432  inv_mpu_dmp_motion_driver.o(.text.dmp_set_orientation)
    dmp_set_shake_reject_thresh              0x080040ed   Thumb Code    86  inv_mpu_dmp_motion_driver.o(.text.dmp_set_shake_reject_thresh)
    dmp_set_shake_reject_time                0x08004145   Thumb Code    60  inv_mpu_dmp_motion_driver.o(.text.dmp_set_shake_reject_time)
    dmp_set_shake_reject_timeout             0x08004181   Thumb Code    60  inv_mpu_dmp_motion_driver.o(.text.dmp_set_shake_reject_timeout)
    dmp_set_tap_axes                         0x080041bd   Thumb Code   108  inv_mpu_dmp_motion_driver.o(.text.dmp_set_tap_axes)
    dmp_set_tap_count                        0x08004229   Thumb Code    74  inv_mpu_dmp_motion_driver.o(.text.dmp_set_tap_count)
    dmp_set_tap_thresh                       0x08004275   Thumb Code   508  inv_mpu_dmp_motion_driver.o(.text.dmp_set_tap_thresh)
    dmp_set_tap_time                         0x08004471   Thumb Code    62  inv_mpu_dmp_motion_driver.o(.text.dmp_set_tap_time)
    dmp_set_tap_time_multi                   0x080044b1   Thumb Code    62  inv_mpu_dmp_motion_driver.o(.text.dmp_set_tap_time_multi)
    flatten_build                            0x08004525   Thumb Code   104  nnom_flatten.o(.text.flatten_build)
    flatten_run                              0x0800458d   Thumb Code    10  nnom_flatten.o(.text.flatten_run)
    flatten_s                                0x08004599   Thumb Code    32  nnom_flatten.o(.text.flatten_s)
    fputc                                    0x080045b9   Thumb Code    46  hardware.o(.text.fputc)
    input_build                              0x08004d9d   Thumb Code    58  nnom_input.o(.text.input_build)
    input_run                                0x08004dd9   Thumb Code    46  nnom_input.o(.text.input_run)
    input_s                                  0x08004e09   Thumb Code   364  nnom_input.o(.text.input_s)
    io_init                                  0x08005055   Thumb Code    18  nnom_layers.o(.text.io_init)
    kernel                                   0x080050a1   Thumb Code    22  nnom_layers.o(.text.kernel)
    layer_run                                0x080050b9   Thumb Code    82  nnom.o(.text.layer_run)
    local_convolve_HWC_q15_nonsquare         0x0800515d   Thumb Code   878  nnom_local_q15.o(.text.local_convolve_HWC_q15_nonsquare)
    local_convolve_HWC_q7_nonsquare          0x080054cd   Thumb Code   832  nnom_local.o(.text.local_convolve_HWC_q7_nonsquare)
    local_fully_connected_q7_opt             0x0800580d   Thumb Code  1208  nnom_local.o(.text.local_fully_connected_q7_opt)
    local_maxpool_q7_HWC                     0x08005cc5   Thumb Code   508  nnom_local.o(.text.local_maxpool_q7_HWC)
    local_relu_q15                           0x08005ec1   Thumb Code    64  nnom_local_q15.o(.text.local_relu_q15)
    local_relu_q7                            0x08005f01   Thumb Code    60  nnom_local.o(.text.local_relu_q7)
    local_softmax_q7                         0x08005f3d   Thumb Code   280  nnom_local.o(.text.local_softmax_q7)
    main                                     0x08006055   Thumb Code   272  main.o(.text.main)
    maxpool_build                            0x08006165   Thumb Code   282  nnom_maxpool.o(.text.maxpool_build)
    maxpool_run                              0x08006281   Thumb Code   194  nnom_maxpool.o(.text.maxpool_run)
    maxpool_s                                0x08006345   Thumb Code   212  nnom_maxpool.o(.text.maxpool_s)
    mem_analysis_result                      0x08006419   Thumb Code   114  nnom.o(.text.mem_analysis_result)
    model_compile                            0x08006509   Thumb Code   370  nnom.o(.text.model_compile)
    model_feed_data                          0x0800667d   Thumb Code   230  main.o(.text.model_feed_data)
    model_get_output                         0x08006765   Thumb Code   436  main.o(.text.model_get_output)
    model_run                                0x080069d9   Thumb Code    18  nnom.o(.text.model_run)
    model_run_to                             0x080069ed   Thumb Code   252  nnom.o(.text.model_run_to)
    mpu_configure_fifo                       0x08006b35   Thumb Code   210  inv_mpu.o(.text.mpu_configure_fifo)
    mpu_get_accel_fsr                        0x08006c09   Thumb Code   108  inv_mpu.o(.text.mpu_get_accel_fsr)
    mpu_get_accel_sens                       0x08006c75   Thumb Code   116  inv_mpu.o(.text.mpu_get_accel_sens)
    mpu_get_fifo_config                      0x08006ce9   Thumb Code    24  inv_mpu.o(.text.mpu_get_fifo_config)
    mpu_get_gyro_fsr                         0x08006d01   Thumb Code    84  inv_mpu.o(.text.mpu_get_gyro_fsr)
    mpu_get_gyro_sens                        0x08006d55   Thumb Code   104  inv_mpu.o(.text.mpu_get_gyro_sens)
    mpu_get_lpf                              0x08006dbd   Thumb Code   100  inv_mpu.o(.text.mpu_get_lpf)
    mpu_get_sample_rate                      0x08006e21   Thumb Code    56  inv_mpu.o(.text.mpu_get_sample_rate)
    mpu_init                                 0x08006e59   Thumb Code   304  inv_mpu.o(.text.mpu_init)
    mpu_load_firmware                        0x08006f89   Thumb Code   308  inv_mpu.o(.text.mpu_load_firmware)
    mpu_lp_accel_mode                        0x080070bd   Thumb Code   294  inv_mpu.o(.text.mpu_lp_accel_mode)
    mpu_read_mem                             0x080071e5   Thumb Code   190  inv_mpu.o(.text.mpu_read_mem)
    mpu_reset_fifo                           0x080072a5   Thumb Code   656  inv_mpu.o(.text.mpu_reset_fifo)
    mpu_run_self_test                        0x08007535   Thumb Code   386  inv_mpu.o(.text.mpu_run_self_test)
    mpu_set_accel_fsr                        0x080076b9   Thumb Code   200  inv_mpu.o(.text.mpu_set_accel_fsr)
    mpu_set_bypass                           0x08007781   Thumb Code   498  inv_mpu.o(.text.mpu_set_bypass)
    mpu_set_dmp_state                        0x08007975   Thumb Code   208  inv_mpu.o(.text.mpu_set_dmp_state)
    mpu_set_gyro_fsr                         0x08007a45   Thumb Code   208  inv_mpu.o(.text.mpu_set_gyro_fsr)
    mpu_set_int_latched                      0x08007b15   Thumb Code   184  inv_mpu.o(.text.mpu_set_int_latched)
    mpu_set_lpf                              0x08007bcd   Thumb Code   226  inv_mpu.o(.text.mpu_set_lpf)
    mpu_set_sample_rate                      0x08007cb1   Thumb Code   250  inv_mpu.o(.text.mpu_set_sample_rate)
    mpu_set_sensors                          0x08007dad   Thumb Code   346  inv_mpu.o(.text.mpu_set_sensors)
    mpu_write_mem                            0x08007f09   Thumb Code   190  inv_mpu.o(.text.mpu_write_mem)
    new_model                                0x08007fc9   Thumb Code   118  nnom.o(.text.new_model)
    new_tensor                               0x08008041   Thumb Code   182  nnom_tensor.o(.text.new_tensor)
    nnom_alignto                             0x080080f9   Thumb Code    58  nnom.o(.text.nnom_alignto)
    nnom_free                                0x08008135   Thumb Code     8  nnom.o(.text.nnom_free)
    nnom_hook_length                         0x0800813d   Thumb Code    54  nnom.o(.text.nnom_hook_length)
    nnom_malloc                              0x08008175   Thumb Code   148  nnom.o(.text.nnom_malloc)
    nnom_mem                                 0x08008209   Thumb Code    62  nnom.o(.text.nnom_mem)
    nnom_set_static_buf                      0x080083d1   Thumb Code    46  nnom.o(.text.nnom_set_static_buf)
    output_run                               0x08008401   Thumb Code    50  nnom_output.o(.text.output_run)
    output_s                                 0x08008435   Thumb Code    74  nnom_output.o(.text.output_s)
    set_tailed_activation                    0x08008995   Thumb Code   124  nnom.o(.text.set_tailed_activation)
    shape                                    0x08008a11   Thumb Code    30  nnom_layers.o(.text.shape)
    softmax_build                            0x08008a31   Thumb Code    80  nnom_softmax.o(.text.softmax_build)
    softmax_run                              0x08008a81   Thumb Code    46  nnom_softmax.o(.text.softmax_run)
    softmax_s                                0x08008ab1   Thumb Code    32  nnom_softmax.o(.text.softmax_s)
    stride                                   0x08008ad1   Thumb Code    22  nnom_layers.o(.text.stride)
    tensor_cpy_attr                          0x08008ae9   Thumb Code   142  nnom_tensor.o(.text.tensor_cpy_attr)
    tensor_get_num_channel                   0x08008b79   Thumb Code    22  nnom_tensor.o(.text.tensor_get_num_channel)
    tensor_mem_set                           0x08008b91   Thumb Code    96  nnom.o(.text.tensor_mem_set)
    tensor_set_attr                          0x08008bf1   Thumb Code   112  nnom_tensor.o(.text.tensor_set_attr)
    tensor_set_attr_v                        0x08008c61   Thumb Code    76  nnom_tensor.o(.text.tensor_set_attr_v)
    tensor_size                              0x08008cad   Thumb Code    74  nnom_tensor.o(.text.tensor_size)
    __0printf                                0x08008cf9   Thumb Code    22  printfa.o(i.__0printf)
    __1printf                                0x08008cf9   Thumb Code     0  printfa.o(i.__0printf)
    __2printf                                0x08008cf9   Thumb Code     0  printfa.o(i.__0printf)
    __c89printf                              0x08008cf9   Thumb Code     0  printfa.o(i.__0printf)
    printf                                   0x08008cf9   Thumb Code     0  printfa.o(i.__0printf)
    __ARM_fpclassify                         0x08008d19   Thumb Code    40  fpclassify.o(i.__ARM_fpclassify)
    __kernel_poly                            0x08008d41   Thumb Code   170  poly.o(i.__kernel_poly)
    __mathlib_dbl_divzero                    0x08008ded   Thumb Code    12  dunder.o(i.__mathlib_dbl_divzero)
    __mathlib_dbl_infnan2                    0x08008dfd   Thumb Code     4  dunder.o(i.__mathlib_dbl_infnan2)
    __mathlib_dbl_invalid                    0x08008e01   Thumb Code    12  dunder.o(i.__mathlib_dbl_invalid)
    __mathlib_dbl_overflow                   0x08008e0d   Thumb Code    14  dunder.o(i.__mathlib_dbl_overflow)
    __mathlib_dbl_underflow                  0x08008e1d   Thumb Code    10  dunder.o(i.__mathlib_dbl_underflow)
    __scatterload_copy                       0x08008e2d   Thumb Code    14  handlers.o(i.__scatterload_copy)
    __scatterload_null                       0x08008e3b   Thumb Code     2  handlers.o(i.__scatterload_null)
    __scatterload_zeroinit                   0x08008e3d   Thumb Code    14  handlers.o(i.__scatterload_zeroinit)
    __set_errno                              0x08008e4d   Thumb Code     6  errno.o(i.__set_errno)
    pow                                      0x0800970d   Thumb Code  2532  pow.o(i.pow)
    round                                    0x0800a0f9   Thumb Code   136  round.o(i.round)
    sqrt                                     0x0800a18d   Thumb Code    76  sqrt.o(i.sqrt)
    __mathlib_zero                           0x0800a260   Data           8  qnan.o(.constdata)
    conv1d_1_bias_shift                      0x0800a27c   Data           4  main.o(.rodata.conv1d_1_bias_shift)
    conv1d_1_config                          0x0800a280   Data          40  main.o(.rodata.conv1d_1_config)
    conv1d_1_output_shift                    0x0800a2a8   Data           4  main.o(.rodata.conv1d_1_output_shift)
    conv1d_2_bias_shift                      0x0800a2ac   Data           4  main.o(.rodata.conv1d_2_bias_shift)
    conv1d_2_config                          0x0800a2b0   Data          40  main.o(.rodata.conv1d_2_config)
    conv1d_2_output_shift                    0x0800a2d8   Data           4  main.o(.rodata.conv1d_2_output_shift)
    conv1d_3_bias_shift                      0x0800a2dc   Data           4  main.o(.rodata.conv1d_3_bias_shift)
    conv1d_3_config                          0x0800a2e0   Data          40  main.o(.rodata.conv1d_3_config)
    conv1d_3_output_shift                    0x0800a308   Data           4  main.o(.rodata.conv1d_3_output_shift)
    conv1d_bias_shift                        0x0800a30c   Data           4  main.o(.rodata.conv1d_bias_shift)
    conv1d_config                            0x0800a310   Data          40  main.o(.rodata.conv1d_config)
    conv1d_output_shift                      0x0800a338   Data           4  main.o(.rodata.conv1d_output_shift)
    default_activation_names                 0x0800a33c   Data          64  nnom.o(.rodata.default_activation_names)
    default_cell_names                       0x0800a37c   Data          32  nnom.o(.rodata.default_cell_names)
    default_layer_names                      0x0800a39c   Data         396  nnom.o(.rodata.default_layer_names)
    dense_bias_shift                         0x0800a528   Data           4  main.o(.rodata.dense_bias_shift)
    dense_config                             0x0800a52c   Data          24  main.o(.rodata.dense_config)
    dense_output_shift                       0x0800a544   Data           4  main.o(.rodata.dense_output_shift)
    flatten_config                           0x0800b140   Data           4  main.o(.rodata.flatten_config)
    hw                                       0x0800b144   Data          12  inv_mpu.o(.rodata.hw)
    input_1_config                           0x0800b150   Data           8  main.o(.rodata.input_1_config)
    max_pooling1d_config                     0x0800b158   Data          16  main.o(.rodata.max_pooling1d_config)
    output0_config                           0x0800b168   Data           8  main.o(.rodata.output0_config)
    reg                                      0x0800b170   Data          30  inv_mpu.o(.rodata.reg)
    softmax_config                           0x0800b190   Data           4  main.o(.rodata.softmax_config)
    tensor_conv1d_1_bias_0                   0x0800b830   Data          24  main.o(.rodata.tensor_conv1d_1_bias_0)
    tensor_conv1d_1_bias_0_data              0x0800b848   Data          12  main.o(.rodata.tensor_conv1d_1_bias_0_data)
    tensor_conv1d_1_bias_0_dec               0x0800b854   Data           4  main.o(.rodata.tensor_conv1d_1_bias_0_dec)
    tensor_conv1d_1_bias_0_dim               0x0800b858   Data           2  main.o(.rodata.tensor_conv1d_1_bias_0_dim)
    tensor_conv1d_1_bias_0_offset            0x0800b85c   Data           4  main.o(.rodata.tensor_conv1d_1_bias_0_offset)
    tensor_conv1d_1_kernel_0                 0x0800b860   Data          24  main.o(.rodata.tensor_conv1d_1_kernel_0)
    tensor_conv1d_1_kernel_0_data            0x0800b878   Data         864  main.o(.rodata.tensor_conv1d_1_kernel_0_data)
    tensor_conv1d_1_kernel_0_dec             0x0800bbd8   Data           4  main.o(.rodata.tensor_conv1d_1_kernel_0_dec)
    tensor_conv1d_1_kernel_0_dim             0x0800bbdc   Data           6  main.o(.rodata.tensor_conv1d_1_kernel_0_dim)
    tensor_conv1d_1_kernel_0_offset          0x0800bbe4   Data           4  main.o(.rodata.tensor_conv1d_1_kernel_0_offset)
    tensor_conv1d_2_bias_0                   0x0800bbe8   Data          24  main.o(.rodata.tensor_conv1d_2_bias_0)
    tensor_conv1d_2_bias_0_data              0x0800bc00   Data          12  main.o(.rodata.tensor_conv1d_2_bias_0_data)
    tensor_conv1d_2_bias_0_dec               0x0800bc0c   Data           4  main.o(.rodata.tensor_conv1d_2_bias_0_dec)
    tensor_conv1d_2_bias_0_dim               0x0800bc10   Data           2  main.o(.rodata.tensor_conv1d_2_bias_0_dim)
    tensor_conv1d_2_bias_0_offset            0x0800bc14   Data           4  main.o(.rodata.tensor_conv1d_2_bias_0_offset)
    tensor_conv1d_2_kernel_0                 0x0800bc18   Data          24  main.o(.rodata.tensor_conv1d_2_kernel_0)
    tensor_conv1d_2_kernel_0_data            0x0800bc30   Data         432  main.o(.rodata.tensor_conv1d_2_kernel_0_data)
    tensor_conv1d_2_kernel_0_dec             0x0800bde0   Data           4  main.o(.rodata.tensor_conv1d_2_kernel_0_dec)
    tensor_conv1d_2_kernel_0_dim             0x0800bde4   Data           6  main.o(.rodata.tensor_conv1d_2_kernel_0_dim)
    tensor_conv1d_2_kernel_0_offset          0x0800bdec   Data           4  main.o(.rodata.tensor_conv1d_2_kernel_0_offset)
    tensor_conv1d_3_bias_0                   0x0800bdf0   Data          24  main.o(.rodata.tensor_conv1d_3_bias_0)
    tensor_conv1d_3_bias_0_data              0x0800be08   Data          12  main.o(.rodata.tensor_conv1d_3_bias_0_data)
    tensor_conv1d_3_bias_0_dec               0x0800be14   Data           4  main.o(.rodata.tensor_conv1d_3_bias_0_dec)
    tensor_conv1d_3_bias_0_dim               0x0800be18   Data           2  main.o(.rodata.tensor_conv1d_3_bias_0_dim)
    tensor_conv1d_3_bias_0_offset            0x0800be1c   Data           4  main.o(.rodata.tensor_conv1d_3_bias_0_offset)
    tensor_conv1d_3_kernel_0                 0x0800be20   Data          24  main.o(.rodata.tensor_conv1d_3_kernel_0)
    tensor_conv1d_3_kernel_0_data            0x0800be38   Data         432  main.o(.rodata.tensor_conv1d_3_kernel_0_data)
    tensor_conv1d_3_kernel_0_dec             0x0800bfe8   Data           4  main.o(.rodata.tensor_conv1d_3_kernel_0_dec)
    tensor_conv1d_3_kernel_0_dim             0x0800bfec   Data           6  main.o(.rodata.tensor_conv1d_3_kernel_0_dim)
    tensor_conv1d_3_kernel_0_offset          0x0800bff4   Data           4  main.o(.rodata.tensor_conv1d_3_kernel_0_offset)
    tensor_conv1d_bias_0                     0x0800bff8   Data          24  main.o(.rodata.tensor_conv1d_bias_0)
    tensor_conv1d_bias_0_data                0x0800c010   Data          24  main.o(.rodata.tensor_conv1d_bias_0_data)
    tensor_conv1d_bias_0_dec                 0x0800c028   Data           4  main.o(.rodata.tensor_conv1d_bias_0_dec)
    tensor_conv1d_bias_0_dim                 0x0800c02c   Data           2  main.o(.rodata.tensor_conv1d_bias_0_dim)
    tensor_conv1d_bias_0_offset              0x0800c030   Data           4  main.o(.rodata.tensor_conv1d_bias_0_offset)
    tensor_conv1d_kernel_0                   0x0800c034   Data          24  main.o(.rodata.tensor_conv1d_kernel_0)
    tensor_conv1d_kernel_0_data              0x0800c04c   Data         216  main.o(.rodata.tensor_conv1d_kernel_0_data)
    tensor_conv1d_kernel_0_dec               0x0800c124   Data           4  main.o(.rodata.tensor_conv1d_kernel_0_dec)
    tensor_conv1d_kernel_0_dim               0x0800c128   Data           6  main.o(.rodata.tensor_conv1d_kernel_0_dim)
    tensor_conv1d_kernel_0_offset            0x0800c130   Data           4  main.o(.rodata.tensor_conv1d_kernel_0_offset)
    tensor_dense_bias_0                      0x0800c134   Data          24  main.o(.rodata.tensor_dense_bias_0)
    tensor_dense_bias_0_data                 0x0800c14c   Data          13  main.o(.rodata.tensor_dense_bias_0_data)
    tensor_dense_bias_0_dec                  0x0800c15c   Data           4  main.o(.rodata.tensor_dense_bias_0_dec)
    tensor_dense_bias_0_dim                  0x0800c160   Data           2  main.o(.rodata.tensor_dense_bias_0_dim)
    tensor_dense_bias_0_offset               0x0800c164   Data           4  main.o(.rodata.tensor_dense_bias_0_offset)
    tensor_dense_kernel_0                    0x0800c168   Data          24  main.o(.rodata.tensor_dense_kernel_0)
    tensor_dense_kernel_0_data               0x0800c180   Data        7800  main.o(.rodata.tensor_dense_kernel_0_data)
    tensor_dense_kernel_0_dec                0x0800dff8   Data           4  main.o(.rodata.tensor_dense_kernel_0_dec)
    tensor_dense_kernel_0_dim                0x0800dffc   Data           4  main.o(.rodata.tensor_dense_kernel_0_dim)
    tensor_dense_kernel_0_offset             0x0800e000   Data           4  main.o(.rodata.tensor_dense_kernel_0_offset)
    tensor_input_1                           0x0800e004   Data          24  main.o(.rodata.tensor_input_1)
    tensor_input_1_dec                       0x0800e01c   Data           4  main.o(.rodata.tensor_input_1_dec)
    tensor_input_1_dim                       0x0800e020   Data           4  main.o(.rodata.tensor_input_1_dim)
    tensor_input_1_offset                    0x0800e024   Data           4  main.o(.rodata.tensor_input_1_offset)
    tensor_output0                           0x0800e028   Data          24  main.o(.rodata.tensor_output0)
    tensor_output0_dec                       0x0800e040   Data           4  main.o(.rodata.tensor_output0_dec)
    tensor_output0_dim                       0x0800e044   Data           2  main.o(.rodata.tensor_output0_dim)
    tensor_output0_offset                    0x0800e048   Data           4  main.o(.rodata.tensor_output0_offset)
    test                                     0x0800e04c   Data          40  inv_mpu.o(.rodata.test)
    Region$$Table$$Base                      0x0800e074   Number         0  anon$$obj.o(Region$$Table)
    Region$$Table$$Limit                     0x0800e094   Number         0  anon$$obj.o(Region$$Table)
    __stdout                                 0x20000000   Data           4  stdout.o(.data)
    IMU_bias                                 0x20000008   Data          12  imu.o(.data.IMU_bias)
    Cyberry_Potter_Status                    0x20000050   Data          24  cyberrypotter.o(.bss.Cyberry_Potter_Status)
    IMU_Data_mAcc                            0x20000068   Data         720  imu.o(.bss.IMU_Data_mAcc)
    IMU_Data_mdAngle                         0x20000338   Data         720  imu.o(.bss.IMU_Data_mdAngle)
    i                                        0x20000618   Data           2  cyberrypotter.o(.bss.i)
    nnom_memory_taken                        0x200006d0   Data           4  nnom.o(.bss.nnom_memory_taken)
    static_buf                               0x20000778   Data        8192  main.o(.bss.static_buf)
    time_hold_count_ms                       0x20002778   Data           2  cyberrypotter.o(.bss.time_hold_count_ms)
    time_release_count_ms                    0x2000277a   Data           2  cyberrypotter.o(.bss.time_release_count_ms)
    __initial_sp                             0x20002b80   Data           0  startup_stm32f10x_md.o(STACK)



==============================================================================

Memory Map of the image

  Image Entry point : 0x080000ed

  Load Region LR_IROM1 (Base: 0x08000000, Size: 0x0000e0e8, Max: 0x00010000, ABSOLUTE)

    Execution Region ER_IROM1 (Exec base: 0x08000000, Load base: 0x08000000, Size: 0x0000e094, Max: 0x00010000, ABSOLUTE)

    Exec Addr    Load Addr    Size         Type   Attr      Idx    E Section Name        Object

    0x08000000   0x08000000   0x000000ec   Data   RO         2341    RESET               startup_stm32f10x_md.o
    0x080000ec   0x080000ec   0x00000000   Code   RO         2372  * .ARM.Collect$$$$00000000  mc_w.l(entry.o)
    0x080000ec   0x080000ec   0x00000004   Code   RO         2477    .ARM.Collect$$$$00000001  mc_w.l(entry2.o)
    0x080000f0   0x080000f0   0x00000004   Code   RO         2480    .ARM.Collect$$$$00000004  mc_w.l(entry5.o)
    0x080000f4   0x080000f4   0x00000000   Code   RO         2482    .ARM.Collect$$$$00000008  mc_w.l(entry7b.o)
    0x080000f4   0x080000f4   0x00000000   Code   RO         2484    .ARM.Collect$$$$0000000A  mc_w.l(entry8b.o)
    0x080000f4   0x080000f4   0x00000008   Code   RO         2485    .ARM.Collect$$$$0000000B  mc_w.l(entry9a.o)
    0x080000fc   0x080000fc   0x00000000   Code   RO         2487    .ARM.Collect$$$$0000000D  mc_w.l(entry10a.o)
    0x080000fc   0x080000fc   0x00000000   Code   RO         2489    .ARM.Collect$$$$0000000F  mc_w.l(entry11a.o)
    0x080000fc   0x080000fc   0x00000004   Code   RO         2478    .ARM.Collect$$$$00002712  mc_w.l(entry2.o)
    0x08000100   0x08000100   0x00000024   Code   RO         2342    .text               startup_stm32f10x_md.o
    0x08000124   0x08000124   0x00000062   Code   RO         2380    .text               mc_w.l(uldiv.o)
    0x08000186   0x08000186   0x00000062   Code   RO         2382    .text               mc_w.l(ldiv.o)
    0x080001e8   0x080001e8   0x00000024   Code   RO         2384    .text               mc_w.l(memcpya.o)
    0x0800020c   0x0800020c   0x00000024   Code   RO         2386    .text               mc_w.l(memseta.o)
    0x08000230   0x08000230   0x0000001a   Code   RO         2388    .text               mc_w.l(memcmp.o)
    0x0800024a   0x0800024a   0x000000b0   Code   RO         2420    .text               mf_w.l(fadd.o)
    0x080002fa   0x080002fa   0x00000064   Code   RO         2422    .text               mf_w.l(fmul.o)
    0x0800035e   0x0800035e   0x0000007c   Code   RO         2424    .text               mf_w.l(fdiv.o)
    0x080003da   0x080003da   0x000000e4   Code   RO         2426    .text               mf_w.l(dmul.o)
    0x080004be   0x080004be   0x000000de   Code   RO         2428    .text               mf_w.l(ddiv.o)
    0x0800059c   0x0800059c   0x0000001c   Code   RO         2430    .text               mf_w.l(fcmple.o)
    0x080005b8   0x080005b8   0x0000001c   Code   RO         2432    .text               mf_w.l(fcmplt.o)
    0x080005d4   0x080005d4   0x0000001c   Code   RO         2436    .text               mf_w.l(fcmpeq.o)
    0x080005f0   0x080005f0   0x00000036   Code   RO         2438    .text               mf_w.l(dcmple.o)
    0x08000626   0x08000626   0x00000012   Code   RO         2440    .text               mf_w.l(fflti.o)
    0x08000638   0x08000638   0x0000000a   Code   RO         2442    .text               mf_w.l(ffltui.o)
    0x08000642   0x08000642   0x00000022   Code   RO         2444    .text               mf_w.l(dflti.o)
    0x08000664   0x08000664   0x00000032   Code   RO         2446    .text               mf_w.l(ffixi.o)
    0x08000696   0x08000696   0x0000003e   Code   RO         2448    .text               mf_w.l(dfixi.o)
    0x080006d4   0x080006d4   0x00000026   Code   RO         2450    .text               mf_w.l(f2d.o)
    0x080006fa   0x080006fa   0x00000038   Code   RO         2452    .text               mf_w.l(d2f.o)
    0x08000732   0x08000732   0x0000002c   Code   RO         2501    .text               mc_w.l(uidiv.o)
    0x0800075e   0x0800075e   0x0000001e   Code   RO         2503    .text               mc_w.l(llshl.o)
    0x0800077c   0x0800077c   0x00000020   Code   RO         2505    .text               mc_w.l(llushr.o)
    0x0800079c   0x0800079c   0x00000000   Code   RO         2514    .text               mc_w.l(iusefp.o)
    0x0800079c   0x0800079c   0x0000006e   Code   RO         2515    .text               mf_w.l(fepilogue.o)
    0x0800080a   0x0800080a   0x000000ba   Code   RO         2517    .text               mf_w.l(depilogue.o)
    0x080008c4   0x080008c4   0x0000014e   Code   RO         2519    .text               mf_w.l(dadd.o)
    0x08000a12   0x08000a12   0x0000002e   Code   RO         2521    .text               mf_w.l(dscalb.o)
    0x08000a40   0x08000a40   0x00000088   Code   RO         2523    .text               mf_w.l(drnd.o)
    0x08000ac8   0x08000ac8   0x00000030   Code   RO         2525    .text               mf_w.l(dfixul.o)
    0x08000af8   0x08000af8   0x00000030   Code   RO         2527    .text               mf_w.l(cdcmple.o)
    0x08000b28   0x08000b28   0x00000030   Code   RO         2529    .text               mf_w.l(cdrcmple.o)
    0x08000b58   0x08000b58   0x00000030   Code   RO         2531    .text               mc_w.l(init.o)
    0x08000b88   0x08000b88   0x00000024   Code   RO         2533    .text               mc_w.l(llsshr.o)
    0x08000bac   0x08000bac   0x000000a2   Code   RO         2535    .text               mf_w.l(dsqrt.o)
    0x08000c4e   0x08000c4e   0x00000002   PAD
    0x08000c50   0x08000c50   0x00000094   Code   RO            4    .text.Cyberry_Potter_System_Status_Update  cyberrypotter.o
    0x08000ce4   0x08000ce4   0x00000020   Code   RO           29    .text.Delay_ms      delay.o
    0x08000d04   0x08000d04   0x00000054   Code   RO           27    .text.Delay_us      delay.o
    0x08000d58   0x08000d58   0x00000044   Code   RO           10    .text.EXTI0_IRQHandler  cyberrypotter.o
    0x08000d9c   0x08000d9c   0x00000078   Code   RO            8    .text.EXTI9_5_IRQHandler  cyberrypotter.o
    0x08000e14   0x08000e14   0x00000014   Code   RO         1558    .text.EXTI_ClearITPendingBit  stm32f10x_exti.o
    0x08000e28   0x08000e28   0x00000044   Code   RO         1556    .text.EXTI_GetITStatus  stm32f10x_exti.o
    0x08000e6c   0x08000e6c   0x000000ea   Code   RO         1546    .text.EXTI_Init     stm32f10x_exti.o
    0x08000f56   0x08000f56   0x00000002   PAD
    0x08000f58   0x08000f58   0x00000022   Code   RO          159    .text.EXTI_Restore  hardware.o
    0x08000f7a   0x08000f7a   0x00000002   PAD
    0x08000f7c   0x08000f7c   0x00000022   Code   RO          157    .text.EXTI_Stop     hardware.o
    0x08000f9e   0x08000f9e   0x00000002   PAD
    0x08000fa0   0x08000fa0   0x00000076   Code   RO          965    .text.Flatten       nnom_flatten.o
    0x08001016   0x08001016   0x00000002   PAD
    0x08001018   0x08001018   0x00000054   Code   RO         1707    .text.GPIO_EXTILineConfig  stm32f10x_gpio.o
    0x0800106c   0x0800106c   0x00000186   Code   RO         1679    .text.GPIO_Init     stm32f10x_gpio.o
    0x080011f2   0x080011f2   0x00000002   PAD
    0x080011f4   0x080011f4   0x00000034   Code   RO         1683    .text.GPIO_ReadInputDataBit  stm32f10x_gpio.o
    0x08001228   0x08001228   0x00000028   Code   RO         1695    .text.GPIO_WriteBit  stm32f10x_gpio.o
    0x08001250   0x08001250   0x00000214   Code   RO          153    .text.Hardware_Init  hardware.o
    0x08001464   0x08001464   0x00000044   Code   RO          169    .text.IIC_Init      iic.o
    0x080014a8   0x080014a8   0x00000024   Code   RO          179    .text.IIC_R_SDA     iic.o
    0x080014cc   0x080014cc   0x00000028   Code   RO          185    .text.IIC_Receive_Ack  iic.o
    0x080014f4   0x080014f4   0x0000006a   Code   RO          177    .text.IIC_Receive_Byte  iic.o
    0x0800155e   0x0800155e   0x00000002   PAD
    0x08001560   0x08001560   0x00000020   Code   RO          191    .text.IIC_Send_Ack  iic.o
    0x08001580   0x08001580   0x00000042   Code   RO          171    .text.IIC_Send_Byte  iic.o
    0x080015c2   0x080015c2   0x00000002   PAD
    0x080015c4   0x080015c4   0x00000024   Code   RO          183    .text.IIC_Start     iic.o
    0x080015e8   0x080015e8   0x0000001c   Code   RO          187    .text.IIC_Stop      iic.o
    0x08001604   0x08001604   0x00000024   Code   RO          175    .text.IIC_W_SCL     iic.o
    0x08001628   0x08001628   0x00000024   Code   RO          173    .text.IIC_W_SDA     iic.o
    0x0800164c   0x0800164c   0x00000098   Code   RO          189    .text.IIC_read      iic.o
    0x080016e4   0x080016e4   0x0000006c   Code   RO          181    .text.IIC_write     iic.o
    0x08001750   0x08001750   0x000001ba   Code   RO           42    .text.IMU_Get_Data  imu.o
    0x0800190a   0x0800190a   0x00000002   PAD
    0x0800190c   0x0800190c   0x0000003e   Code   RO           40    .text.IMU_Sample_Start  imu.o
    0x0800194a   0x0800194a   0x00000002   PAD
    0x0800194c   0x0800194c   0x00000144   Code   RO            6    .text.LED_Blink     cyberrypotter.o
    0x08001a90   0x08001a90   0x000000d2   Code   RO          200    .text.MPU6050_Init  mpu6050.o
    0x08001b62   0x08001b62   0x00000002   PAD
    0x08001b64   0x08001b64   0x0000010e   Code   RO         1086    .text.MaxPool       nnom_maxpool.o
    0x08001c72   0x08001c72   0x00000002   PAD
    0x08001c74   0x08001c74   0x000000a6   Code   RO         1235    .text.NVIC_Init     misc.o
    0x08001d1a   0x08001d1a   0x00000002   PAD
    0x08001d1c   0x08001d1c   0x0000001c   Code   RO         1233    .text.NVIC_PriorityGroupConfig  misc.o
    0x08001d38   0x08001d38   0x00000034   Code   RO         1881    .text.RCC_APB1PeriphClockCmd  stm32f10x_rcc.o
    0x08001d6c   0x08001d6c   0x00000034   Code   RO         1879    .text.RCC_APB2PeriphClockCmd  stm32f10x_rcc.o
    0x08001da0   0x08001da0   0x00000172   Code   RO         1875    .text.RCC_GetClocksFreq  stm32f10x_rcc.o
    0x08001f12   0x08001f12   0x00000002   PAD
    0x08001f14   0x08001f14   0x00000008   Code   RO         2351    .text.SetSysClock   system_stm32f10x.o
    0x08001f1c   0x08001f1c   0x00000122   Code   RO         2355    .text.SetSysClockTo72  system_stm32f10x.o
    0x0800203e   0x0800203e   0x00000002   PAD
    0x08002040   0x08002040   0x00000074   Code   RO         1157    .text.Softmax       nnom_softmax.o
    0x080020b4   0x080020b4   0x00000066   Code   RO         2349    .text.SystemInit    system_stm32f10x.o
    0x0800211a   0x0800211a   0x00000002   PAD
    0x0800211c   0x0800211c   0x0000002e   Code   RO            2    .text.System_Init   cyberrypotter.o
    0x0800214a   0x0800214a   0x00000002   PAD
    0x0800214c   0x0800214c   0x00000180   Code   RO           12    .text.TIM4_IRQHandler  cyberrypotter.o
    0x080022cc   0x080022cc   0x00000016   Code   RO         2239    .text.TIM_ClearFlag  stm32f10x_tim.o
    0x080022e2   0x080022e2   0x00000002   PAD
    0x080022e4   0x080022e4   0x00000016   Code   RO         2243    .text.TIM_ClearITPendingBit  stm32f10x_tim.o
    0x080022fa   0x080022fa   0x00000002   PAD
    0x080022fc   0x080022fc   0x00000028   Code   RO         2105    .text.TIM_Cmd       stm32f10x_tim.o
    0x08002324   0x08002324   0x00000052   Code   RO         2241    .text.TIM_GetITStatus  stm32f10x_tim.o
    0x08002376   0x08002376   0x00000002   PAD
    0x08002378   0x08002378   0x00000030   Code   RO         2109    .text.TIM_ITConfig  stm32f10x_tim.o
    0x080023a8   0x080023a8   0x00000142   Code   RO         2065    .text.TIM_TimeBaseInit  stm32f10x_tim.o
    0x080024ea   0x080024ea   0x00000002   PAD
    0x080024ec   0x080024ec   0x00000028   Code   RO         2262    .text.USART_Cmd     stm32f10x_usart.o
    0x08002514   0x08002514   0x0000008e   Code   RO         2264    .text.USART_ITConfig  stm32f10x_usart.o
    0x080025a2   0x080025a2   0x00000002   PAD
    0x080025a4   0x080025a4   0x0000015c   Code   RO         2254    .text.USART_Init    stm32f10x_usart.o
    0x08002700   0x08002700   0x0000004a   Code   RO          425    .text.__NNOM_SSAT   nnom_local.o
    0x0800274a   0x0800274a   0x00000002   PAD
    0x0800274c   0x0800274c   0x0000004a   Code   RO          508    .text.__NNOM_SSAT   nnom_local_q15.o
    0x08002796   0x08002796   0x00000002   PAD
    0x08002798   0x08002798   0x0000003c   Code   RO          455    .text.__NNOM_USAT   nnom_local.o
    0x080027d4   0x080027d4   0x00000026   Code   RO          202    .text.__NVIC_SystemReset  mpu6050.o
    0x080027fa   0x080027fa   0x00000002   PAD
    0x080027fc   0x080027fc   0x00000104   Code   RO          301    .text.accel_self_test  inv_mpu.o
    0x08002900   0x08002900   0x0000002c   Code   RO          826    .text.act_get_dec_bit  nnom_activation.o
    0x0800292c   0x0800292c   0x00000036   Code   RO          786    .text.act_relu      nnom_activation.o
    0x08002962   0x08002962   0x00000002   PAD
    0x08002964   0x08002964   0x00000068   Code   RO          621    .text.allocate_block  nnom.o
    0x080029cc   0x080029cc   0x0000005c   Code   RO          661    .text.allocate_hook  nnom.o
    0x08002a28   0x08002a28   0x00000060   Code   RO          663    .text.allocate_io   nnom.o
    0x08002a88   0x08002a88   0x00000062   Code   RO          635    .text.block_mem_set  nnom.o
    0x08002aea   0x08002aea   0x00000002   PAD
    0x08002aec   0x08002aec   0x0000008e   Code   RO          659    .text.check_model_version  nnom.o
    0x08002b7a   0x08002b7a   0x00000002   PAD
    0x08002b7c   0x08002b7c   0x000003c0   Code   RO          619    .text.compile_layers  nnom.o
    0x08002f3c   0x08002f3c   0x0000015e   Code   RO          884    .text.conv2d_build  nnom_conv2d.o
    0x0800309a   0x0800309a   0x00000002   PAD
    0x0800309c   0x0800309c   0x0000002a   Code   RO          886    .text.conv2d_free   nnom_conv2d.o
    0x080030c6   0x080030c6   0x00000002   PAD
    0x080030c8   0x080030c8   0x000001d6   Code   RO          882    .text.conv2d_run    nnom_conv2d.o
    0x0800329e   0x0800329e   0x00000002   PAD
    0x080032a0   0x080032a0   0x000001e2   Code   RO          880    .text.conv2d_s      nnom_conv2d.o
    0x08003482   0x08003482   0x00000002   PAD
    0x08003484   0x08003484   0x00000056   Code   RO          890    .text.conv_output_length  nnom_conv2d.o
    0x080034da   0x080034da   0x00000002   PAD
    0x080034dc   0x080034dc   0x00000068   Code   RO          856    .text.default_build  nnom_baselayer.o
    0x08003544   0x08003544   0x00000018   Code   RO          720    .text.delete_tensor  nnom_tensor.o
    0x0800355c   0x0800355c   0x00000134   Code   RO          935    .text.dense_build   nnom_dense.o
    0x08003690   0x08003690   0x0000002a   Code   RO          937    .text.dense_free    nnom_dense.o
    0x080036ba   0x080036ba   0x00000002   PAD
    0x080036bc   0x080036bc   0x00000092   Code   RO          933    .text.dense_run     nnom_dense.o
    0x0800374e   0x0800374e   0x00000002   PAD
    0x08003750   0x08003750   0x000000c4   Code   RO          931    .text.dense_s       nnom_dense.o
    0x08003814   0x08003814   0x00000016   Code   RO          696    .text.dilation      nnom_layers.o
    0x0800382a   0x0800382a   0x00000002   PAD
    0x0800382c   0x0800382c   0x00000046   Code   RO          375    .text.dmp_enable_6x_lp_quat  inv_mpu_dmp_motion_driver.o
    0x08003872   0x08003872   0x00000002   PAD
    0x08003874   0x08003874   0x000002aa   Code   RO          369    .text.dmp_enable_feature  inv_mpu_dmp_motion_driver.o
    0x08003b1e   0x08003b1e   0x00000002   PAD
    0x08003b20   0x08003b20   0x0000006a   Code   RO          371    .text.dmp_enable_gyro_cal  inv_mpu_dmp_motion_driver.o
    0x08003b8a   0x08003b8a   0x00000002   PAD
    0x08003b8c   0x08003b8c   0x00000046   Code   RO          373    .text.dmp_enable_lp_quat  inv_mpu_dmp_motion_driver.o
    0x08003bd2   0x08003bd2   0x00000002   PAD
    0x08003bd4   0x08003bd4   0x0000001a   Code   RO          333    .text.dmp_load_motion_driver_firmware  inv_mpu_dmp_motion_driver.o
    0x08003bee   0x08003bee   0x00000002   PAD
    0x08003bf0   0x08003bf0   0x00000156   Code   RO          339    .text.dmp_set_accel_bias  inv_mpu_dmp_motion_driver.o
    0x08003d46   0x08003d46   0x00000002   PAD
    0x08003d48   0x08003d48   0x000000a4   Code   RO          341    .text.dmp_set_fifo_rate  inv_mpu_dmp_motion_driver.o
    0x08003dec   0x08003dec   0x00000150   Code   RO          337    .text.dmp_set_gyro_bias  inv_mpu_dmp_motion_driver.o
    0x08003f3c   0x08003f3c   0x000001b0   Code   RO          335    .text.dmp_set_orientation  inv_mpu_dmp_motion_driver.o
    0x080040ec   0x080040ec   0x00000056   Code   RO          355    .text.dmp_set_shake_reject_thresh  inv_mpu_dmp_motion_driver.o
    0x08004142   0x08004142   0x00000002   PAD
    0x08004144   0x08004144   0x0000003c   Code   RO          357    .text.dmp_set_shake_reject_time  inv_mpu_dmp_motion_driver.o
    0x08004180   0x08004180   0x0000003c   Code   RO          359    .text.dmp_set_shake_reject_timeout  inv_mpu_dmp_motion_driver.o
    0x080041bc   0x080041bc   0x0000006c   Code   RO          347    .text.dmp_set_tap_axes  inv_mpu_dmp_motion_driver.o
    0x08004228   0x08004228   0x0000004a   Code   RO          349    .text.dmp_set_tap_count  inv_mpu_dmp_motion_driver.o
    0x08004272   0x08004272   0x00000002   PAD
    0x08004274   0x08004274   0x000001fc   Code   RO          345    .text.dmp_set_tap_thresh  inv_mpu_dmp_motion_driver.o
    0x08004470   0x08004470   0x0000003e   Code   RO          351    .text.dmp_set_tap_time  inv_mpu_dmp_motion_driver.o
    0x080044ae   0x080044ae   0x00000002   PAD
    0x080044b0   0x080044b0   0x0000003e   Code   RO          353    .text.dmp_set_tap_time_multi  inv_mpu_dmp_motion_driver.o
    0x080044ee   0x080044ee   0x00000002   PAD
    0x080044f0   0x080044f0   0x00000034   Code   RO          643    .text.find_last     nnom.o
    0x08004524   0x08004524   0x00000068   Code   RO          969    .text.flatten_build  nnom_flatten.o
    0x0800458c   0x0800458c   0x0000000a   Code   RO          967    .text.flatten_run   nnom_flatten.o
    0x08004596   0x08004596   0x00000002   PAD
    0x08004598   0x08004598   0x00000020   Code   RO          963    .text.flatten_s     nnom_flatten.o
    0x080045b8   0x080045b8   0x0000002e   Code   RO          155    .text.fputc         hardware.o
    0x080045e6   0x080045e6   0x00000002   PAD
    0x080045e8   0x080045e8   0x00000106   Code   RO          319    .text.get_accel_prod_shift  inv_mpu.o
    0x080046ee   0x080046ee   0x00000002   PAD
    0x080046f0   0x080046f0   0x0000053c   Code   RO          299    .text.get_st_biases  inv_mpu.o
    0x08004c2c   0x08004c2c   0x0000016e   Code   RO          303    .text.gyro_self_test  inv_mpu.o
    0x08004d9a   0x08004d9a   0x00000002   PAD
    0x08004d9c   0x08004d9c   0x0000003a   Code   RO         1018    .text.input_build   nnom_input.o
    0x08004dd6   0x08004dd6   0x00000002   PAD
    0x08004dd8   0x08004dd8   0x0000002e   Code   RO         1016    .text.input_run     nnom_input.o
    0x08004e06   0x08004e06   0x00000002   PAD
    0x08004e08   0x08004e08   0x0000016c   Code   RO         1014    .text.input_s       nnom_input.o
    0x08004f74   0x08004f74   0x00000044   Code   RO          204    .text.inv_orientation_matrix_to_scalar  mpu6050.o
    0x08004fb8   0x08004fb8   0x0000009c   Code   RO          208    .text.inv_row_2_scale  mpu6050.o
    0x08005054   0x08005054   0x00000012   Code   RO          700    .text.io_init       nnom_layers.o
    0x08005066   0x08005066   0x00000002   PAD
    0x08005068   0x08005068   0x00000038   Code   RO          669    .text.io_mem_size   nnom.o
    0x080050a0   0x080050a0   0x00000016   Code   RO          692    .text.kernel        nnom_layers.o
    0x080050b6   0x080050b6   0x00000002   PAD
    0x080050b8   0x080050b8   0x00000052   Code   RO          649    .text.layer_run     nnom.o
    0x0800510a   0x0800510a   0x00000002   PAD
    0x0800510c   0x0800510c   0x00000050   Code   RO          623    .text.layer_shortcut_add  nnom.o
    0x0800515c   0x0800515c   0x0000036e   Code   RO          516    .text.local_convolve_HWC_q15_nonsquare  nnom_local_q15.o
    0x080054ca   0x080054ca   0x00000002   PAD
    0x080054cc   0x080054cc   0x00000340   Code   RO          423    .text.local_convolve_HWC_q7_nonsquare  nnom_local.o
    0x0800580c   0x0800580c   0x000004b8   Code   RO          449    .text.local_fully_connected_q7_opt  nnom_local.o
    0x08005cc4   0x08005cc4   0x000001fc   Code   RO          411    .text.local_maxpool_q7_HWC  nnom_local.o
    0x08005ec0   0x08005ec0   0x00000040   Code   RO          552    .text.local_relu_q15  nnom_local_q15.o
    0x08005f00   0x08005f00   0x0000003c   Code   RO          465    .text.local_relu_q7  nnom_local.o
    0x08005f3c   0x08005f3c   0x00000118   Code   RO          453    .text.local_softmax_q7  nnom_local.o
    0x08006054   0x08006054   0x00000110   Code   RO           58    .text.main          main.o
    0x08006164   0x08006164   0x0000011a   Code   RO         1090    .text.maxpool_build  nnom_maxpool.o
    0x0800627e   0x0800627e   0x00000002   PAD
    0x08006280   0x08006280   0x000000c2   Code   RO         1088    .text.maxpool_run   nnom_maxpool.o
    0x08006342   0x08006342   0x00000002   PAD
    0x08006344   0x08006344   0x000000d4   Code   RO         1084    .text.maxpool_s     nnom_maxpool.o
    0x08006418   0x08006418   0x00000072   Code   RO          633    .text.mem_analysis_result  nnom.o
    0x0800648a   0x0800648a   0x00000002   PAD
    0x0800648c   0x0800648c   0x00000012   Code   RO          609    .text.model_active  nnom.o
    0x0800649e   0x0800649e   0x00000002   PAD
    0x080064a0   0x080064a0   0x00000066   Code   RO          601    .text.model_add     nnom.o
    0x08006506   0x08006506   0x00000002   PAD
    0x08006508   0x08006508   0x00000172   Code   RO          641    .text.model_compile  nnom.o
    0x0800667a   0x0800667a   0x00000002   PAD
    0x0800667c   0x0800667c   0x000000e6   Code   RO           54    .text.model_feed_data  main.o
    0x08006762   0x08006762   0x00000002   PAD
    0x08006764   0x08006764   0x000001b4   Code   RO           56    .text.model_get_output  main.o
    0x08006918   0x08006918   0x00000048   Code   RO          603    .text.model_hook    nnom.o
    0x08006960   0x08006960   0x0000001a   Code   RO          605    .text.model_merge   nnom.o
    0x0800697a   0x0800697a   0x00000002   PAD
    0x0800697c   0x0800697c   0x0000005c   Code   RO          607    .text.model_mergex  nnom.o
    0x080069d8   0x080069d8   0x00000012   Code   RO          653    .text.model_run     nnom.o
    0x080069ea   0x080069ea   0x00000002   PAD
    0x080069ec   0x080069ec   0x000000fc   Code   RO          651    .text.model_run_to  nnom.o
    0x08006ae8   0x08006ae8   0x0000004c   Code   RO          645    .text.model_set_ops  nnom.o
    0x08006b34   0x08006b34   0x000000d2   Code   RO          235    .text.mpu_configure_fifo  inv_mpu.o
    0x08006c06   0x08006c06   0x00000002   PAD
    0x08006c08   0x08006c08   0x0000006c   Code   RO          267    .text.mpu_get_accel_fsr  inv_mpu.o
    0x08006c74   0x08006c74   0x00000074   Code   RO          279    .text.mpu_get_accel_sens  inv_mpu.o
    0x08006ce8   0x08006ce8   0x00000018   Code   RO          281    .text.mpu_get_fifo_config  inv_mpu.o
    0x08006d00   0x08006d00   0x00000054   Code   RO          265    .text.mpu_get_gyro_fsr  inv_mpu.o
    0x08006d54   0x08006d54   0x00000068   Code   RO          277    .text.mpu_get_gyro_sens  inv_mpu.o
    0x08006dbc   0x08006dbc   0x00000064   Code   RO          269    .text.mpu_get_lpf   inv_mpu.o
    0x08006e20   0x08006e20   0x00000038   Code   RO          271    .text.mpu_get_sample_rate  inv_mpu.o
    0x08006e58   0x08006e58   0x00000130   Code   RO          225    .text.mpu_init      inv_mpu.o
    0x08006f88   0x08006f88   0x00000134   Code   RO          309    .text.mpu_load_firmware  inv_mpu.o
    0x080070bc   0x080070bc   0x00000126   Code   RO          241    .text.mpu_lp_accel_mode  inv_mpu.o
    0x080071e2   0x080071e2   0x00000002   PAD
    0x080071e4   0x080071e4   0x000000be   Code   RO          307    .text.mpu_read_mem  inv_mpu.o
    0x080072a2   0x080072a2   0x00000002   PAD
    0x080072a4   0x080072a4   0x00000290   Code   RO          263    .text.mpu_reset_fifo  inv_mpu.o
    0x08007534   0x08007534   0x00000182   Code   RO          295    .text.mpu_run_self_test  inv_mpu.o
    0x080076b6   0x080076b6   0x00000002   PAD
    0x080076b8   0x080076b8   0x000000c8   Code   RO          229    .text.mpu_set_accel_fsr  inv_mpu.o
    0x08007780   0x08007780   0x000001f2   Code   RO          237    .text.mpu_set_bypass  inv_mpu.o
    0x08007972   0x08007972   0x00000002   PAD
    0x08007974   0x08007974   0x000000d0   Code   RO          297    .text.mpu_set_dmp_state  inv_mpu.o
    0x08007a44   0x08007a44   0x000000d0   Code   RO          227    .text.mpu_set_gyro_fsr  inv_mpu.o
    0x08007b14   0x08007b14   0x000000b8   Code   RO          243    .text.mpu_set_int_latched  inv_mpu.o
    0x08007bcc   0x08007bcc   0x000000e2   Code   RO          231    .text.mpu_set_lpf   inv_mpu.o
    0x08007cae   0x08007cae   0x00000002   PAD
    0x08007cb0   0x08007cb0   0x000000fa   Code   RO          233    .text.mpu_set_sample_rate  inv_mpu.o
    0x08007daa   0x08007daa   0x00000002   PAD
    0x08007dac   0x08007dac   0x0000015a   Code   RO          239    .text.mpu_set_sensors  inv_mpu.o
    0x08007f06   0x08007f06   0x00000002   PAD
    0x08007f08   0x08007f08   0x000000be   Code   RO          305    .text.mpu_write_mem  inv_mpu.o
    0x08007fc6   0x08007fc6   0x00000002   PAD
    0x08007fc8   0x08007fc8   0x00000076   Code   RO          599    .text.new_model     nnom.o
    0x0800803e   0x0800803e   0x00000002   PAD
    0x08008040   0x08008040   0x000000b6   Code   RO          718    .text.new_tensor    nnom_tensor.o
    0x080080f6   0x080080f6   0x00000002   PAD
    0x080080f8   0x080080f8   0x0000003a   Code   RO          591    .text.nnom_alignto  nnom.o
    0x08008132   0x08008132   0x00000002   PAD
    0x08008134   0x08008134   0x00000008   Code   RO          593    .text.nnom_free     nnom.o
    0x0800813c   0x0800813c   0x00000036   Code   RO          617    .text.nnom_hook_length  nnom.o
    0x08008172   0x08008172   0x00000002   PAD
    0x08008174   0x08008174   0x00000094   Code   RO          589    .text.nnom_malloc   nnom.o
    0x08008208   0x08008208   0x0000003e   Code   RO          595    .text.nnom_mem      nnom.o
    0x08008246   0x08008246   0x00000002   PAD
    0x08008248   0x08008248   0x00000186   Code   RO           60    .text.nnom_model_create  main.o
    0x080083ce   0x080083ce   0x00000002   PAD
    0x080083d0   0x080083d0   0x0000002e   Code   RO          587    .text.nnom_set_static_buf  nnom.o
    0x080083fe   0x080083fe   0x00000002   PAD
    0x08008400   0x08008400   0x00000032   Code   RO         1101    .text.output_run    nnom_output.o
    0x08008432   0x08008432   0x00000002   PAD
    0x08008434   0x08008434   0x0000004a   Code   RO         1099    .text.output_s      nnom_output.o
    0x0800847e   0x0800847e   0x00000002   PAD
    0x08008480   0x08008480   0x00000242   Code   RO          625    .text.print_layer_info  nnom.o
    0x080086c2   0x080086c2   0x00000002   PAD
    0x080086c4   0x080086c4   0x00000096   Code   RO          627    .text.print_memory_block_info  nnom.o
    0x0800875a   0x0800875a   0x00000002   PAD
    0x0800875c   0x0800875c   0x0000002c   Code   RO          671    .text.release_block  nnom.o
    0x08008788   0x08008788   0x0000001e   Code   RO          629    .text.release_comp_mem  nnom.o
    0x080087a6   0x080087a6   0x00000002   PAD
    0x080087a8   0x080087a8   0x00000028   Code   RO          631    .text.release_input_mem  nnom.o
    0x080087d0   0x080087d0   0x00000044   Code   RO          808    .text.relu_run      nnom_activation.o
    0x08008814   0x08008814   0x0000008a   Code   RO          206    .text.run_self_test  mpu6050.o
    0x0800889e   0x0800889e   0x00000002   PAD
    0x080088a0   0x080088a0   0x000000f2   Code   RO          283    .text.set_int_enable  inv_mpu.o
    0x08008992   0x08008992   0x00000002   PAD
    0x08008994   0x08008994   0x0000007c   Code   RO          639    .text.set_tailed_activation  nnom.o
    0x08008a10   0x08008a10   0x0000001e   Code   RO          690    .text.shape         nnom_layers.o
    0x08008a2e   0x08008a2e   0x00000002   PAD
    0x08008a30   0x08008a30   0x00000050   Code   RO         1161    .text.softmax_build  nnom_softmax.o
    0x08008a80   0x08008a80   0x0000002e   Code   RO         1159    .text.softmax_run   nnom_softmax.o
    0x08008aae   0x08008aae   0x00000002   PAD
    0x08008ab0   0x08008ab0   0x00000020   Code   RO         1155    .text.softmax_s     nnom_softmax.o
    0x08008ad0   0x08008ad0   0x00000016   Code   RO          694    .text.stride        nnom_layers.o
    0x08008ae6   0x08008ae6   0x00000002   PAD
    0x08008ae8   0x08008ae8   0x0000008e   Code   RO          726    .text.tensor_cpy_attr  nnom_tensor.o
    0x08008b76   0x08008b76   0x00000002   PAD
    0x08008b78   0x08008b78   0x00000016   Code   RO          716    .text.tensor_get_num_channel  nnom_tensor.o
    0x08008b8e   0x08008b8e   0x00000002   PAD
    0x08008b90   0x08008b90   0x00000060   Code   RO          637    .text.tensor_mem_set  nnom.o
    0x08008bf0   0x08008bf0   0x00000070   Code   RO          724    .text.tensor_set_attr  nnom_tensor.o
    0x08008c60   0x08008c60   0x0000004c   Code   RO          722    .text.tensor_set_attr_v  nnom_tensor.o
    0x08008cac   0x08008cac   0x0000004a   Code   RO          712    .text.tensor_size   nnom_tensor.o
    0x08008cf6   0x08008cf6   0x00000002   PAD
    0x08008cf8   0x08008cf8   0x00000020   Code   RO         2393    i.__0printf         mc_w.l(printfa.o)
    0x08008d18   0x08008d18   0x00000028   Code   RO         2468    i.__ARM_fpclassify  m_ws.l(fpclassify.o)
    0x08008d40   0x08008d40   0x000000aa   Code   RO         2470    i.__kernel_poly     m_ws.l(poly.o)
    0x08008dea   0x08008dea   0x00000002   PAD
    0x08008dec   0x08008dec   0x00000010   Code   RO         2454    i.__mathlib_dbl_divzero  m_ws.l(dunder.o)
    0x08008dfc   0x08008dfc   0x00000004   Code   RO         2456    i.__mathlib_dbl_infnan2  m_ws.l(dunder.o)
    0x08008e00   0x08008e00   0x0000000c   Code   RO         2457    i.__mathlib_dbl_invalid  m_ws.l(dunder.o)
    0x08008e0c   0x08008e0c   0x0000000e   Code   RO         2458    i.__mathlib_dbl_overflow  m_ws.l(dunder.o)
    0x08008e1a   0x08008e1a   0x00000002   PAD
    0x08008e1c   0x08008e1c   0x00000010   Code   RO         2460    i.__mathlib_dbl_underflow  m_ws.l(dunder.o)
    0x08008e2c   0x08008e2c   0x0000000e   Code   RO         2539    i.__scatterload_copy  mc_w.l(handlers.o)
    0x08008e3a   0x08008e3a   0x00000002   Code   RO         2540    i.__scatterload_null  mc_w.l(handlers.o)
    0x08008e3c   0x08008e3c   0x0000000e   Code   RO         2541    i.__scatterload_zeroinit  mc_w.l(handlers.o)
    0x08008e4a   0x08008e4a   0x00000002   PAD
    0x08008e4c   0x08008e4c   0x0000000c   Code   RO         2509    i.__set_errno       mc_w.l(errno.o)
    0x08008e58   0x08008e58   0x00000184   Code   RO         2400    i._fp_digits        mc_w.l(printfa.o)
    0x08008fdc   0x08008fdc   0x000006dc   Code   RO         2401    i._printf_core      mc_w.l(printfa.o)
    0x080096b8   0x080096b8   0x00000024   Code   RO         2402    i._printf_post_padding  mc_w.l(printfa.o)
    0x080096dc   0x080096dc   0x0000002e   Code   RO         2403    i._printf_pre_padding  mc_w.l(printfa.o)
    0x0800970a   0x0800970a   0x00000002   PAD
    0x0800970c   0x0800970c   0x000009ec   Code   RO         2366    i.pow               m_ws.l(pow.o)
    0x0800a0f8   0x0800a0f8   0x00000094   Code   RO         2370    i.round             m_ws.l(round.o)
    0x0800a18c   0x0800a18c   0x0000004c   Code   RO         2474    i.sqrt              m_ws.l(sqrt.o)
    0x0800a1d8   0x0800a1d8   0x00000088   Data   RO         2367    .constdata          m_ws.l(pow.o)
    0x0800a260   0x0800a260   0x00000008   Data   RO         2472    .constdata          m_ws.l(qnan.o)
    0x0800a268   0x0800a268   0x00000004   Data   RO         1900    .rodata.ADCPrescTable  stm32f10x_rcc.o
    0x0800a26c   0x0800a26c   0x00000010   Data   RO         1899    .rodata.APBAHBPrescTable  stm32f10x_rcc.o
    0x0800a27c   0x0800a27c   0x00000004   Data   RO           93    .rodata.conv1d_1_bias_shift  main.o
    0x0800a280   0x0800a280   0x00000028   Data   RO           94    .rodata.conv1d_1_config  main.o
    0x0800a2a8   0x0800a2a8   0x00000004   Data   RO           92    .rodata.conv1d_1_output_shift  main.o
    0x0800a2ac   0x0800a2ac   0x00000004   Data   RO          106    .rodata.conv1d_2_bias_shift  main.o
    0x0800a2b0   0x0800a2b0   0x00000028   Data   RO          107    .rodata.conv1d_2_config  main.o
    0x0800a2d8   0x0800a2d8   0x00000004   Data   RO          105    .rodata.conv1d_2_output_shift  main.o
    0x0800a2dc   0x0800a2dc   0x00000004   Data   RO          119    .rodata.conv1d_3_bias_shift  main.o
    0x0800a2e0   0x0800a2e0   0x00000028   Data   RO          120    .rodata.conv1d_3_config  main.o
    0x0800a308   0x0800a308   0x00000004   Data   RO          118    .rodata.conv1d_3_output_shift  main.o
    0x0800a30c   0x0800a30c   0x00000004   Data   RO           80    .rodata.conv1d_bias_shift  main.o
    0x0800a310   0x0800a310   0x00000028   Data   RO           81    .rodata.conv1d_config  main.o
    0x0800a338   0x0800a338   0x00000004   Data   RO           79    .rodata.conv1d_output_shift  main.o
    0x0800a33c   0x0800a33c   0x00000040   Data   RO          674    .rodata.default_activation_names  nnom.o
    0x0800a37c   0x0800a37c   0x00000020   Data   RO          675    .rodata.default_cell_names  nnom.o
    0x0800a39c   0x0800a39c   0x0000018c   Data   RO          673    .rodata.default_layer_names  nnom.o
    0x0800a528   0x0800a528   0x00000004   Data   RO          134    .rodata.dense_bias_shift  main.o
    0x0800a52c   0x0800a52c   0x00000018   Data   RO          135    .rodata.dense_config  main.o
    0x0800a544   0x0800a544   0x00000004   Data   RO          133    .rodata.dense_output_shift  main.o
    0x0800a548   0x0800a548   0x00000bf6   Data   RO          389    .rodata.dmp_memory  inv_mpu_dmp_motion_driver.o
    0x0800b13e   0x0800b13e   0x00000002   PAD
    0x0800b140   0x0800b140   0x00000004   Data   RO          122    .rodata.flatten_config  main.o
    0x0800b144   0x0800b144   0x0000000c   Data   RO          322    .rodata.hw          inv_mpu.o
    0x0800b150   0x0800b150   0x00000008   Data   RO           68    .rodata.input_1_config  main.o
    0x0800b158   0x0800b158   0x00000010   Data   RO          121    .rodata.max_pooling1d_config  main.o
    0x0800b168   0x0800b168   0x00000008   Data   RO          142    .rodata.output0_config  main.o
    0x0800b170   0x0800b170   0x0000001e   Data   RO          321    .rodata.reg         inv_mpu.o
    0x0800b18e   0x0800b18e   0x00000002   PAD
    0x0800b190   0x0800b190   0x00000004   Data   RO          136    .rodata.softmax_config  main.o
    0x0800b194   0x0800b194   0x00000048   Data   RO           18    .rodata.str1.1      cyberrypotter.o
    0x0800b1dc   0x0800b1dc   0x000000fd   Data   RO           67    .rodata.str1.1      main.o
    0x0800b2d9   0x0800b2d9   0x00000014   Data   RO          211    .rodata.str1.1      mpu6050.o
    0x0800b2ed   0x0800b2ed   0x00000520   Data   RO          680    .rodata.str1.1      nnom.o
    0x0800b80d   0x0800b80d   0x00000022   Data   RO          736    .rodata.str1.1      nnom_tensor.o
    0x0800b82f   0x0800b82f   0x00000001   PAD
    0x0800b830   0x0800b830   0x00000018   Data   RO           91    .rodata.tensor_conv1d_1_bias_0  main.o
    0x0800b848   0x0800b848   0x0000000c   Data   RO           87    .rodata.tensor_conv1d_1_bias_0_data  main.o
    0x0800b854   0x0800b854   0x00000004   Data   RO           89    .rodata.tensor_conv1d_1_bias_0_dec  main.o
    0x0800b858   0x0800b858   0x00000002   Data   RO           88    .rodata.tensor_conv1d_1_bias_0_dim  main.o
    0x0800b85a   0x0800b85a   0x00000002   PAD
    0x0800b85c   0x0800b85c   0x00000004   Data   RO           90    .rodata.tensor_conv1d_1_bias_0_offset  main.o
    0x0800b860   0x0800b860   0x00000018   Data   RO           86    .rodata.tensor_conv1d_1_kernel_0  main.o
    0x0800b878   0x0800b878   0x00000360   Data   RO           82    .rodata.tensor_conv1d_1_kernel_0_data  main.o
    0x0800bbd8   0x0800bbd8   0x00000004   Data   RO           84    .rodata.tensor_conv1d_1_kernel_0_dec  main.o
    0x0800bbdc   0x0800bbdc   0x00000006   Data   RO           83    .rodata.tensor_conv1d_1_kernel_0_dim  main.o
    0x0800bbe2   0x0800bbe2   0x00000002   PAD
    0x0800bbe4   0x0800bbe4   0x00000004   Data   RO           85    .rodata.tensor_conv1d_1_kernel_0_offset  main.o
    0x0800bbe8   0x0800bbe8   0x00000018   Data   RO          104    .rodata.tensor_conv1d_2_bias_0  main.o
    0x0800bc00   0x0800bc00   0x0000000c   Data   RO          100    .rodata.tensor_conv1d_2_bias_0_data  main.o
    0x0800bc0c   0x0800bc0c   0x00000004   Data   RO          102    .rodata.tensor_conv1d_2_bias_0_dec  main.o
    0x0800bc10   0x0800bc10   0x00000002   Data   RO          101    .rodata.tensor_conv1d_2_bias_0_dim  main.o
    0x0800bc12   0x0800bc12   0x00000002   PAD
    0x0800bc14   0x0800bc14   0x00000004   Data   RO          103    .rodata.tensor_conv1d_2_bias_0_offset  main.o
    0x0800bc18   0x0800bc18   0x00000018   Data   RO           99    .rodata.tensor_conv1d_2_kernel_0  main.o
    0x0800bc30   0x0800bc30   0x000001b0   Data   RO           95    .rodata.tensor_conv1d_2_kernel_0_data  main.o
    0x0800bde0   0x0800bde0   0x00000004   Data   RO           97    .rodata.tensor_conv1d_2_kernel_0_dec  main.o
    0x0800bde4   0x0800bde4   0x00000006   Data   RO           96    .rodata.tensor_conv1d_2_kernel_0_dim  main.o
    0x0800bdea   0x0800bdea   0x00000002   PAD
    0x0800bdec   0x0800bdec   0x00000004   Data   RO           98    .rodata.tensor_conv1d_2_kernel_0_offset  main.o
    0x0800bdf0   0x0800bdf0   0x00000018   Data   RO          117    .rodata.tensor_conv1d_3_bias_0  main.o
    0x0800be08   0x0800be08   0x0000000c   Data   RO          113    .rodata.tensor_conv1d_3_bias_0_data  main.o
    0x0800be14   0x0800be14   0x00000004   Data   RO          115    .rodata.tensor_conv1d_3_bias_0_dec  main.o
    0x0800be18   0x0800be18   0x00000002   Data   RO          114    .rodata.tensor_conv1d_3_bias_0_dim  main.o
    0x0800be1a   0x0800be1a   0x00000002   PAD
    0x0800be1c   0x0800be1c   0x00000004   Data   RO          116    .rodata.tensor_conv1d_3_bias_0_offset  main.o
    0x0800be20   0x0800be20   0x00000018   Data   RO          112    .rodata.tensor_conv1d_3_kernel_0  main.o
    0x0800be38   0x0800be38   0x000001b0   Data   RO          108    .rodata.tensor_conv1d_3_kernel_0_data  main.o
    0x0800bfe8   0x0800bfe8   0x00000004   Data   RO          110    .rodata.tensor_conv1d_3_kernel_0_dec  main.o
    0x0800bfec   0x0800bfec   0x00000006   Data   RO          109    .rodata.tensor_conv1d_3_kernel_0_dim  main.o
    0x0800bff2   0x0800bff2   0x00000002   PAD
    0x0800bff4   0x0800bff4   0x00000004   Data   RO          111    .rodata.tensor_conv1d_3_kernel_0_offset  main.o
    0x0800bff8   0x0800bff8   0x00000018   Data   RO           78    .rodata.tensor_conv1d_bias_0  main.o
    0x0800c010   0x0800c010   0x00000018   Data   RO           74    .rodata.tensor_conv1d_bias_0_data  main.o
    0x0800c028   0x0800c028   0x00000004   Data   RO           76    .rodata.tensor_conv1d_bias_0_dec  main.o
    0x0800c02c   0x0800c02c   0x00000002   Data   RO           75    .rodata.tensor_conv1d_bias_0_dim  main.o
    0x0800c02e   0x0800c02e   0x00000002   PAD
    0x0800c030   0x0800c030   0x00000004   Data   RO           77    .rodata.tensor_conv1d_bias_0_offset  main.o
    0x0800c034   0x0800c034   0x00000018   Data   RO           73    .rodata.tensor_conv1d_kernel_0  main.o
    0x0800c04c   0x0800c04c   0x000000d8   Data   RO           69    .rodata.tensor_conv1d_kernel_0_data  main.o
    0x0800c124   0x0800c124   0x00000004   Data   RO           71    .rodata.tensor_conv1d_kernel_0_dec  main.o
    0x0800c128   0x0800c128   0x00000006   Data   RO           70    .rodata.tensor_conv1d_kernel_0_dim  main.o
    0x0800c12e   0x0800c12e   0x00000002   PAD
    0x0800c130   0x0800c130   0x00000004   Data   RO           72    .rodata.tensor_conv1d_kernel_0_offset  main.o
    0x0800c134   0x0800c134   0x00000018   Data   RO          132    .rodata.tensor_dense_bias_0  main.o
    0x0800c14c   0x0800c14c   0x0000000d   Data   RO          128    .rodata.tensor_dense_bias_0_data  main.o
    0x0800c159   0x0800c159   0x00000003   PAD
    0x0800c15c   0x0800c15c   0x00000004   Data   RO          130    .rodata.tensor_dense_bias_0_dec  main.o
    0x0800c160   0x0800c160   0x00000002   Data   RO          129    .rodata.tensor_dense_bias_0_dim  main.o
    0x0800c162   0x0800c162   0x00000002   PAD
    0x0800c164   0x0800c164   0x00000004   Data   RO          131    .rodata.tensor_dense_bias_0_offset  main.o
    0x0800c168   0x0800c168   0x00000018   Data   RO          127    .rodata.tensor_dense_kernel_0  main.o
    0x0800c180   0x0800c180   0x00001e78   Data   RO          123    .rodata.tensor_dense_kernel_0_data  main.o
    0x0800dff8   0x0800dff8   0x00000004   Data   RO          125    .rodata.tensor_dense_kernel_0_dec  main.o
    0x0800dffc   0x0800dffc   0x00000004   Data   RO          124    .rodata.tensor_dense_kernel_0_dim  main.o
    0x0800e000   0x0800e000   0x00000004   Data   RO          126    .rodata.tensor_dense_kernel_0_offset  main.o
    0x0800e004   0x0800e004   0x00000018   Data   RO           66    .rodata.tensor_input_1  main.o
    0x0800e01c   0x0800e01c   0x00000004   Data   RO           63    .rodata.tensor_input_1_dec  main.o
    0x0800e020   0x0800e020   0x00000004   Data   RO           62    .rodata.tensor_input_1_dim  main.o
    0x0800e024   0x0800e024   0x00000004   Data   RO           64    .rodata.tensor_input_1_offset  main.o
    0x0800e028   0x0800e028   0x00000018   Data   RO          141    .rodata.tensor_output0  main.o
    0x0800e040   0x0800e040   0x00000004   Data   RO          138    .rodata.tensor_output0_dec  main.o
    0x0800e044   0x0800e044   0x00000002   Data   RO          137    .rodata.tensor_output0_dim  main.o
    0x0800e046   0x0800e046   0x00000002   PAD
    0x0800e048   0x0800e048   0x00000004   Data   RO          139    .rodata.tensor_output0_offset  main.o
    0x0800e04c   0x0800e04c   0x00000028   Data   RO          323    .rodata.test        inv_mpu.o
    0x0800e074   0x0800e074   0x00000020   Data   RO         2538    Region$$Table       anon$$obj.o


    Execution Region RW_IRAM1 (Exec base: 0x20000000, Load base: 0x0800e098, Size: 0x00002b80, Max: 0x00005000, ABSOLUTE)

    Exec Addr    Load Addr    Size         Type   Attr      Idx    E Section Name        Object

    0x20000000   0x0800e098   0x00000004   Data   RW         2491    .data               mc_w.l(stdout.o)
    0x20000004   0x0800e09c   0x00000004   Data   RW         2510    .data               mc_w.l(errno.o)
    0x20000008   0x0800e0a0   0x0000000c   Data   RW           44    .data.IMU_bias      imu.o
    0x20000014   0x0800e0ac   0x00000001   Data   RW           19    .data.TIM4_IRQHandler.previous_stuatus  cyberrypotter.o
    0x20000015   0x0800e0ad   0x00000009   Data   RW          210    .data.gyro_orientation  mpu6050.o
    0x2000001e   0x0800e0b6   0x00000002   PAD
    0x20000020   0x0800e0b8   0x0000002c   Data   RW          324    .data.st            inv_mpu.o
    0x2000004c   0x0800e0e4   0x00000004   PAD
    0x20000050        -       0x00000018   Zero   RW           17    .bss.Cyberry_Potter_Status  cyberrypotter.o
    0x20000068        -       0x000002d0   Zero   RW           45    .bss.IMU_Data_mAcc  imu.o
    0x20000338        -       0x000002d0   Zero   RW           46    .bss.IMU_Data_mdAngle  imu.o
    0x20000608        -       0x00000010   Zero   RW          394    .bss.dmp            inv_mpu_dmp_motion_driver.o
    0x20000618        -       0x00000002   Zero   RW           16    .bss.i              cyberrypotter.o
    0x2000061a        -       0x000000b4   Zero   RW           65    .bss.nnom_input_data  main.o
    0x200006ce   0x0800e0e4   0x00000002   PAD
    0x200006d0        -       0x00000004   Zero   RW          676    .bss.nnom_memory_taken  nnom.o
    0x200006d4        -       0x00000088   Zero   RW          144    .bss.nnom_model_create.model  main.o
    0x2000075c        -       0x0000000d   Zero   RW          140    .bss.nnom_output_data  main.o
    0x20000769   0x0800e0e4   0x00000003   PAD
    0x2000076c        -       0x00000004   Zero   RW          677    .bss.nnom_static_buf  nnom.o
    0x20000770        -       0x00000004   Zero   RW          679    .bss.nnom_static_buf_curr  nnom.o
    0x20000774        -       0x00000004   Zero   RW          678    .bss.nnom_static_buf_size  nnom.o
    0x20000778        -       0x00002000   Zero   RW          143    .bss.static_buf     main.o
    0x20002778        -       0x00000002   Zero   RW           14    .bss.time_hold_count_ms  cyberrypotter.o
    0x2000277a        -       0x00000002   Zero   RW           15    .bss.time_release_count_ms  cyberrypotter.o
    0x2000277c   0x0800e0e4   0x00000004   PAD
    0x20002780        -       0x00000400   Zero   RW         2339    STACK               startup_stm32f10x_md.o


==============================================================================

Image component sizes


      Code (inc. data)   RO Data    RW Data    ZI Data      Debug   Object Name

      1090          0         72          1         30       4619   cyberrypotter.o
       116          0          0          0          0       1069   delay.o
       646          0          0          0          0       5880   hardware.o
       744          0          0          0          0       3464   iic.o
       504          0          0         12       1440       2296   imu.o
      7720         40         82         44          0      19888   inv_mpu.o
      3248         16       3062          0         16       8659   inv_mpu_dmp_motion_driver.o
      1328         14      10762          0       8521      11024   main.o
       194          0          0          0          0       3349   misc.o
       610          0         20          9          0       2850   mpu6050.o
      4458          0       1804          0         16      16687   nnom.o
       166          0          0          0          0       9095   nnom_activation.o
       104          0          0          0          0       4364   nnom_baselayer.o
      1430          0          0          0          0       7208   nnom_conv2d.o
       692          0          0          0          0       6033   nnom_dense.o
       264          0          0          0          0       4221   nnom_flatten.o
       468          0          0          0          0       4882   nnom_input.o
       114          0          0          0          0       4809   nnom_layers.o
      3022          0          0          0          0      27915   nnom_local.o
      1016          0          0          0          0      27392   nnom_local_q15.o
       958          0          0          0          0       5460   nnom_maxpool.o
       124          0          0          0          0       4152   nnom_output.o
       274          0          0          0          0       4177   nnom_softmax.o
       632          0         34          0          0       4618   nnom_tensor.o
        36          8        236          0       1024        832   startup_stm32f10x_md.o
       322          0          0          0          0       2874   stm32f10x_exti.o
       566          0          0          0          0       5715   stm32f10x_gpio.o
       474          0         20          0          0       7046   stm32f10x_rcc.o
       536          0          0          0          0      20421   stm32f10x_tim.o
       530          0          0          0          0       7519   stm32f10x_usart.o
       400          0          0          0          0       2976   system_stm32f10x.o

    ----------------------------------------------------------------------
     32972         78      16152         68      11060     241494   Object Totals
         0          0         32          0          0          0   (incl. Generated)
       186          0         28          2         13          0   (incl. Padding)

    ----------------------------------------------------------------------

      Code (inc. data)   RO Data    RW Data    ZI Data      Debug   Library Member Name

        62         10          0          0          0        340   dunder.o
        40          0          0          0          0         68   fpclassify.o
       170          0          0          0          0         96   poly.o
      2540        188        136          0          0        332   pow.o
         0          0          8          0          0          0   qnan.o
       148         12          0          0          0         88   round.o
        76          0          0          0          0         84   sqrt.o
         0          0          0          0          0          0   entry.o
         0          0          0          0          0          0   entry10a.o
         0          0          0          0          0          0   entry11a.o
         8          4          0          0          0          0   entry2.o
         4          0          0          0          0          0   entry5.o
         0          0          0          0          0          0   entry7b.o
         0          0          0          0          0          0   entry8b.o
         8          4          0          0          0          0   entry9a.o
        12          6          0          4          0         68   errno.o
        30          0          0          0          0          0   handlers.o
        48         10          0          0          0         68   init.o
         0          0          0          0          0          0   iusefp.o
        98          0          0          0          0         84   ldiv.o
        30          0          0          0          0         68   llshl.o
        36          0          0          0          0         68   llsshr.o
        32          0          0          0          0         68   llushr.o
        26          0          0          0          0         80   memcmp.o
        36          0          0          0          0         68   memcpya.o
        36          0          0          0          0        108   memseta.o
      2258         90          0          0          0        452   printfa.o
         0          0          0          4          0          0   stdout.o
        44          0          0          0          0         80   uidiv.o
        98          0          0          0          0         92   uldiv.o
        48          0          0          0          0         68   cdcmple.o
        48          0          0          0          0         68   cdrcmple.o
        56          0          0          0          0         88   d2f.o
       334          0          0          0          0        148   dadd.o
        54          0          0          0          0         80   dcmple.o
       222          0          0          0          0        100   ddiv.o
       186          0          0          0          0        176   depilogue.o
        62          0          0          0          0         80   dfixi.o
        48          0          0          0          0         68   dfixul.o
        34          0          0          0          0         76   dflti.o
       228          0          0          0          0         96   dmul.o
       136          4          0          0          0         92   drnd.o
        46          0          0          0          0         80   dscalb.o
       162          0          0          0          0        100   dsqrt.o
        38          0          0          0          0         68   f2d.o
       176          0          0          0          0        140   fadd.o
        28          0          0          0          0         68   fcmpeq.o
        28          0          0          0          0         68   fcmple.o
        28          0          0          0          0         68   fcmplt.o
       124          0          0          0          0         88   fdiv.o
       110          0          0          0          0        168   fepilogue.o
        50          0          0          0          0         68   ffixi.o
        18          0          0          0          0         68   fflti.o
        10          0          0          0          0         68   ffltui.o
       100          0          0          0          0         76   fmul.o

    ----------------------------------------------------------------------
      8224        328        144          8          0       4580   Library Totals
        10          0          0          0          0          0   (incl. Padding)

    ----------------------------------------------------------------------

      Code (inc. data)   RO Data    RW Data    ZI Data      Debug   Library Name

      3036        210        144          0          0       1008   m_ws.l
      2804        114          0          8          0       1304   mc_w.l
      2374          4          0          0          0       2268   mf_w.l

    ----------------------------------------------------------------------
      8224        328        144          8          0       4580   Library Totals

    ----------------------------------------------------------------------

==============================================================================


      Code (inc. data)   RO Data    RW Data    ZI Data      Debug   

     41196        406      16296         76      11060     243150   Grand Totals
     41196        406      16296         76      11060     243150   ELF Image Totals
     41196        406      16296         76          0          0   ROM Totals

==============================================================================

    Total RO  Size (Code + RO Data)                57492 (  56.14kB)
    Total RW  Size (RW Data + ZI Data)             11136 (  10.88kB)
    Total ROM Size (Code + RO Data + RW Data)      57568 (  56.22kB)

==============================================================================

