Component: Arm Compiler for Embedded 6.22 Tool: armlink [5ee90200]

==============================================================================

Section Cross References

    cyberrypotter.o(.text.System_Init) refers to hardware.o(.text.Hardware_Init) for Hardware_Init
    cyberrypotter.o(.text.System_Init) refers to cyberrypotter.o(.bss.Cyberry_Potter_Status) for Cyberry_Potter_Status
    cyberrypotter.o(.text.System_Init) refers to stm32f10x_gpio.o(.text.GPIO_WriteBit) for GPIO_WriteBit
    cyberrypotter.o(.ARM.exidx.text.System_Init) refers to cyberrypotter.o(.text.System_Init) for [Anonymous Symbol]
    cyberrypotter.o(.text.Cyberry_Potter_System_Status_Update) refers to cyberrypotter.o(.bss.Cyberry_Potter_Status) for Cyberry_Potter_Status
    cyberrypotter.o(.text.Cyberry_Potter_System_Status_Update) refers to cyberrypotter.o(.text.LED_Blink) for LED_Blink
    cyberrypotter.o(.text.Cyberry_Potter_System_Status_Update) refers to cyberrypotter.o(.rodata..Lswitch.table.Cyberry_Potter_System_Status_Update.8) for .Lswitch.table.Cyberry_Potter_System_Status_Update.8
    cyberrypotter.o(.text.Cyberry_Potter_System_Status_Update) refers to puts.o(i.puts) for puts
    cyberrypotter.o(.text.Cyberry_Potter_System_Status_Update) refers to cyberrypotter.o(.rodata.str1.1) for [Anonymous Symbol]
    cyberrypotter.o(.ARM.exidx.text.Cyberry_Potter_System_Status_Update) refers to cyberrypotter.o(.text.Cyberry_Potter_System_Status_Update) for [Anonymous Symbol]
    cyberrypotter.o(.text.LED_Blink) refers to cyberrypotter.o(.bss.Cyberry_Potter_Status) for Cyberry_Potter_Status
    cyberrypotter.o(.text.LED_Blink) refers to stm32f10x_gpio.o(.text.GPIO_WriteBit) for GPIO_WriteBit
    cyberrypotter.o(.text.LED_Blink) refers to delay.o(.text.Delay_ms) for Delay_ms
    cyberrypotter.o(.ARM.exidx.text.LED_Blink) refers to cyberrypotter.o(.text.LED_Blink) for [Anonymous Symbol]
    cyberrypotter.o(.text.EXTI9_5_IRQHandler) refers to stm32f10x_exti.o(.text.EXTI_GetITStatus) for EXTI_GetITStatus
    cyberrypotter.o(.text.EXTI9_5_IRQHandler) refers to cyberrypotter.o(.bss.i) for i
    cyberrypotter.o(.text.EXTI9_5_IRQHandler) refers to imu.o(.text.IMU_Get_Data) for IMU_Get_Data
    cyberrypotter.o(.text.EXTI9_5_IRQHandler) refers to cyberrypotter.o(.bss.Cyberry_Potter_Status) for Cyberry_Potter_Status
    cyberrypotter.o(.text.EXTI9_5_IRQHandler) refers to stm32f10x_exti.o(.text.EXTI_ClearITPendingBit) for EXTI_ClearITPendingBit
    cyberrypotter.o(.ARM.exidx.text.EXTI9_5_IRQHandler) refers to cyberrypotter.o(.text.EXTI9_5_IRQHandler) for [Anonymous Symbol]
    cyberrypotter.o(.text.EXTI0_IRQHandler) refers to stm32f10x_exti.o(.text.EXTI_GetITStatus) for EXTI_GetITStatus
    cyberrypotter.o(.text.EXTI0_IRQHandler) refers to cyberrypotter.o(.bss.Cyberry_Potter_Status) for Cyberry_Potter_Status
    cyberrypotter.o(.text.EXTI0_IRQHandler) refers to stm32f10x_tim.o(.text.TIM_Cmd) for TIM_Cmd
    cyberrypotter.o(.text.EXTI0_IRQHandler) refers to stm32f10x_exti.o(.text.EXTI_ClearITPendingBit) for EXTI_ClearITPendingBit
    cyberrypotter.o(.ARM.exidx.text.EXTI0_IRQHandler) refers to cyberrypotter.o(.text.EXTI0_IRQHandler) for [Anonymous Symbol]
    cyberrypotter.o(.text.TIM4_IRQHandler) refers to stm32f10x_tim.o(.text.TIM_GetITStatus) for TIM_GetITStatus
    cyberrypotter.o(.text.TIM4_IRQHandler) refers to stm32f10x_gpio.o(.text.GPIO_ReadInputDataBit) for GPIO_ReadInputDataBit
    cyberrypotter.o(.text.TIM4_IRQHandler) refers to cyberrypotter.o(.data.TIM4_IRQHandler.previous_stuatus) for TIM4_IRQHandler.previous_stuatus
    cyberrypotter.o(.text.TIM4_IRQHandler) refers to cyberrypotter.o(.bss.time_release_count_ms) for time_release_count_ms
    cyberrypotter.o(.text.TIM4_IRQHandler) refers to cyberrypotter.o(.bss.time_hold_count_ms) for time_hold_count_ms
    cyberrypotter.o(.text.TIM4_IRQHandler) refers to cyberrypotter.o(.bss.Cyberry_Potter_Status) for Cyberry_Potter_Status
    cyberrypotter.o(.text.TIM4_IRQHandler) refers to printfa.o(i.__0printf) for __2printf
    cyberrypotter.o(.text.TIM4_IRQHandler) refers to stm32f10x_tim.o(.text.TIM_Cmd) for TIM_Cmd
    cyberrypotter.o(.text.TIM4_IRQHandler) refers to stm32f10x_tim.o(.text.TIM_ClearITPendingBit) for TIM_ClearITPendingBit
    cyberrypotter.o(.ARM.exidx.text.TIM4_IRQHandler) refers to cyberrypotter.o(.text.TIM4_IRQHandler) for [Anonymous Symbol]
    delay.o(.ARM.exidx.text.Delay_us) refers to delay.o(.text.Delay_us) for [Anonymous Symbol]
    delay.o(.ARM.exidx.text.Delay_ms) refers to delay.o(.text.Delay_ms) for [Anonymous Symbol]
    delay.o(.ARM.exidx.text.Delay_s) refers to delay.o(.text.Delay_s) for [Anonymous Symbol]
    imu.o(.text.IMU_Sample_Start) refers to hardware.o(.text.EXTI_Stop) for EXTI_Stop
    imu.o(.text.IMU_Sample_Start) refers to cyberrypotter.o(.bss.Cyberry_Potter_Status) for Cyberry_Potter_Status
    imu.o(.text.IMU_Sample_Start) refers to stm32f10x_gpio.o(.text.GPIO_WriteBit) for GPIO_WriteBit
[...]
    i.__scatterload_copy                     0x08005fd4   Section       14  handlers.o(i.__scatterload_copy)
    i.__scatterload_null                     0x08005fe2   Section        2  handlers.o(i.__scatterload_null)
    i.__scatterload_zeroinit                 0x08005fe4   Section       14  handlers.o(i.__scatterload_zeroinit)
    _fp_digits                               0x08005ff5   Thumb Code   366  printfa.o(i._fp_digits)
    i._fp_digits                             0x08005ff4   Section        0  printfa.o(i._fp_digits)
    _printf_core                             0x08006179   Thumb Code  1744  printfa.o(i._printf_core)
    i._printf_core                           0x08006178   Section        0  printfa.o(i._printf_core)
    _printf_post_padding                     0x08006855   Thumb Code    36  printfa.o(i._printf_post_padding)
    i._printf_post_padding                   0x08006854   Section        0  printfa.o(i._printf_post_padding)
    _printf_pre_padding                      0x08006879   Thumb Code    46  printfa.o(i._printf_pre_padding)
    i._printf_pre_padding                    0x08006878   Section        0  printfa.o(i._printf_pre_padding)
    i.putchar                                0x080068a8   Section        0  putchar.o(i.putchar)
    i.puts                                   0x080068b4   Section        0  puts.o(i.puts)
    i.round                                  0x080068d8   Section        0  round.o(i.round)
    .L__const.dmp_set_orientation.accel_axes 0x0800696c   Data           3  inv_mpu_dmp_motion_driver.o(.rodata..L__const.dmp_set_orientation.accel_axes)
    .L__const.dmp_set_orientation.gyro_axes  0x0800696f   Data           3  inv_mpu_dmp_motion_driver.o(.rodata..L__const.dmp_set_orientation.gyro_axes)
    ADCPrescTable                            0x08006972   Data           4  stm32f10x_rcc.o(.rodata.ADCPrescTable)
    [Anonymous Symbol]                       0x08006972   Section        0  stm32f10x_rcc.o(.rodata.ADCPrescTable)
    APBAHBPrescTable                         0x08006976   Data          16  stm32f10x_rcc.o(.rodata.APBAHBPrescTable)
    [Anonymous Symbol]                       0x08006976   Section        0  stm32f10x_rcc.o(.rodata.APBAHBPrescTable)
    .Lswitch.table.mpu_lp_motion_interrupt   0x08006a48   Data           8  inv_mpu.o(.rodata.cst8)
    dmp_memory                               0x08006c5c   Data        3062  inv_mpu_dmp_motion_driver.o(.rodata.dmp_memory)
    [Anonymous Symbol]                       0x08006c5c   Section        0  inv_mpu_dmp_motion_driver.o(.rodata.dmp_memory)
    [Anonymous Symbol]                       0x080078a8   Section        0  main.o(.rodata.str1.1)
    .L.str.13                                0x08007975   Data          79  nnom.o(.rodata.str1.1)
    [Anonymous Symbol]                       0x08007975   Section        0  nnom.o(.rodata.str1.1)
    .L.str.15                                0x080079c4   Data          34  nnom.o(.rodata.str1.1)
    .L.str.4                                 0x080079e6   Data          44  nnom.o(.rodata.str1.1)
    .L.str.14                                0x08007a12   Data          63  nnom.o(.rodata.str1.1)
    .L.str.2                                 0x08007a51   Data          29  nnom.o(.rodata.str1.1)
    .L.str.37                                0x08007a6e   Data           4  nnom.o(.rodata.str1.1)
    .L.str.3                                 0x08007a72   Data          12  nnom.o(.rodata.str1.1)
    .L.str.40                                0x08007a7e   Data           3  nnom.o(.rodata.str1.1)
    .L.str.39                                0x08007a81   Data           4  nnom.o(.rodata.str1.1)
    .L.str.1                                 0x08007a85   Data          79  nnom.o(.rodata.str1.1)
    .Lstr.42                                 0x08007ad4   Data         107  nnom.o(.rodata.str1.1)
    .Lstr.50                                 0x08007b3f   Data          98  nnom.o(.rodata.str1.1)
    .Lstr.45                                 0x08007ba1   Data          73  nnom.o(.rodata.str1.1)
    .L.str                                   0x08007bea   Data          85  nnom.o(.rodata.str1.1)
    .Lstr                                    0x08007c3f   Data          68  nnom.o(.rodata.str1.1)
    .Lstr.55                                 0x08007c83   Data          20  nnom.o(.rodata.str1.1)
    .Lstr.48                                 0x08007c97   Data          98  nnom.o(.rodata.str1.1)
    .data                                    0x20000000   Section        4  stdout.o(.data)
    TIM4_IRQHandler.previous_stuatus         0x20000004   Data           1  cyberrypotter.o(.data.TIM4_IRQHandler.previous_stuatus)
    [Anonymous Symbol]                       0x20000004   Section        0  cyberrypotter.o(.data.TIM4_IRQHandler.previous_stuatus)
    st                                       0x20000008   Data          44  inv_mpu.o(.data.st)
    [Anonymous Symbol]                       0x20000008   Section        0  inv_mpu.o(.data.st)
    dmp.2                                    0x200005fc   Data           2  inv_mpu_dmp_motion_driver.o(.bss.dmp.2)
    [Anonymous Symbol]                       0x200005fc   Section        0  inv_mpu_dmp_motion_driver.o(.bss.dmp.2)
    dmp.3                                    0x20000600   Data           2  inv_mpu_dmp_motion_driver.o(.bss.dmp.3)
    [Anonymous Symbol]                       0x20000600   Section        0  inv_mpu_dmp_motion_driver.o(.bss.dmp.3)
    dmp.4                                    0x20000604   Data           2  inv_mpu_dmp_motion_driver.o(.bss.dmp.4)
    [Anonymous Symbol]                       0x20000604   Section        0  inv_mpu_dmp_motion_driver.o(.bss.dmp.4)
    dmp.5                                    0x20000606   Data           1  inv_mpu_dmp_motion_driver.o(.bss.dmp.5)
    [Anonymous Symbol]                       0x20000606   Section        0  inv_mpu_dmp_motion_driver.o(.bss.dmp.5)
    nnom_input_data                          0x2000060a   Data         180  main.o(.bss.nnom_input_data)
    [Anonymous Symbol]                       0x2000060a   Section        0  main.o(.bss.nnom_input_data)
    nnom_model_create.model                  0x200006c4   Data         136  main.o(.bss.nnom_model_create.model)
    [Anonymous Symbol]                       0x200006c4   Section        0  main.o(.bss.nnom_model_create.model)
    nnom_output_data                         0x2000074c   Data          13  main.o(.bss.nnom_output_data)
    [Anonymous Symbol]                       0x2000074c   Section        0  main.o(.bss.nnom_output_data)
    nnom_static_buf                          0x2000075c   Data           4  nnom.o(.bss.nnom_static_buf)
    [Anonymous Symbol]                       0x2000075c   Section        0  nnom.o(.bss.nnom_static_buf)
    nnom_static_buf_curr                     0x20000760   Data           4  nnom.o(.bss.nnom_static_buf_curr)
    [Anonymous Symbol]                       0x20000760   Section        0  nnom.o(.bss.nnom_static_buf_curr)
    nnom_static_buf_size                     0x20000764   Data           4  nnom.o(.bss.nnom_static_buf_size)
    [Anonymous Symbol]                       0x20000764   Section        0  nnom.o(.bss.nnom_static_buf_size)
    STACK                                    0x20002770   Section     1024  startup_stm32f10x_md.o(STACK)

    Global Symbols

    Symbol Name                              Value     Ov Type        Size  Object(Section)

    BuildAttributes$$THM_ISAv4$P$D$K$B$S$PE$A:L22UL41UL21$X:L11$S22US41US21$IEEE1$IW$~IW$USESV6$~STKCKD$USESV7$WCHAR32$ENUMINT$~SHL$OTIME$ROPI$IEEEJ$EBA8$MICROLIB$REQ8$PRES8$EABIv2 0x00000000   Number         0  anon$$obj.o ABSOLUTE
    _printf_a                                0x00000000   Number         0  printfstubs.o ABSOLUTE
    _printf_c                                0x00000000   Number         0  printfstubs.o ABSOLUTE
    _printf_charcount                        0x00000000   Number         0  printfstubs.o ABSOLUTE
    _printf_d                                0x00000000   Number         0  printfstubs.o ABSOLUTE
    _printf_e                                0x00000000   Number         0  printfstubs.o ABSOLUTE
    _printf_f                                0x00000000   Number         0  printfstubs.o ABSOLUTE
    _printf_flags                            0x00000000   Number         0  printfstubs.o ABSOLUTE
    _printf_fp_dec                           0x00000000   Number         0  printfstubs.o ABSOLUTE
    _printf_fp_hex                           0x00000000   Number         0  printfstubs.o ABSOLUTE
    _printf_g                                0x00000000   Number         0  printfstubs.o ABSOLUTE
    _printf_i                                0x00000000   Number         0  printfstubs.o ABSOLUTE
    _printf_int_dec                          0x00000000   Number         0  printfstubs.o ABSOLUTE
    _printf_l                                0x00000000   Number         0  printfstubs.o ABSOLUTE
    _printf_lc                               0x00000000   Number         0  printfstubs.o ABSOLUTE
    _printf_ll                               0x00000000   Number         0  printfstubs.o ABSOLUTE
    _printf_lld                              0x00000000   Number         0  printfstubs.o ABSOLUTE
    _printf_lli                              0x00000000   Number         0  printfstubs.o ABSOLUTE
    _printf_llo                              0x00000000   Number         0  printfstubs.o ABSOLUTE
    _printf_llu                              0x00000000   Number         0  printfstubs.o ABSOLUTE
    _printf_llx                              0x00000000   Number         0  printfstubs.o ABSOLUTE
    _printf_longlong_dec                     0x00000000   Number         0  printfstubs.o ABSOLUTE
    _printf_longlong_hex                     0x00000000   Number         0  printfstubs.o ABSOLUTE
    _printf_longlong_oct                     0x00000000   Number         0  printfstubs.o ABSOLUTE
    _printf_ls                               0x00000000   Number         0  printfstubs.o ABSOLUTE
    _printf_mbtowc                           0x00000000   Number         0  printfstubs.o ABSOLUTE
    _printf_n                                0x00000000   Number         0  printfstubs.o ABSOLUTE
    _printf_o                                0x00000000   Number         0  printfstubs.o ABSOLUTE
    _printf_p                                0x00000000   Number         0  printfstubs.o ABSOLUTE
    _printf_percent                          0x00000000   Number         0  printfstubs.o ABSOLUTE
    _printf_pre_padding                      0x00000000   Number         0  printfstubs.o ABSOLUTE
    _printf_return_value                     0x00000000   Number         0  printfstubs.o ABSOLUTE
    _printf_s                                0x00000000   Number         0  printfstubs.o ABSOLUTE
    _printf_sizespec                         0x00000000   Number         0  printfstubs.o ABSOLUTE
    _printf_str                              0x00000000   Number         0  printfstubs.o ABSOLUTE
    _printf_truncate_signed                  0x00000000   Number         0  printfstubs.o ABSOLUTE
    _printf_truncate_unsigned                0x00000000   Number         0  printfstubs.o ABSOLUTE
    _printf_u                                0x00000000   Number         0  printfstubs.o ABSOLUTE
    _printf_wc                               0x00000000   Number         0  printfstubs.o ABSOLUTE
    _printf_wctomb                           0x00000000   Number         0  printfstubs.o ABSOLUTE
    _printf_widthprec                        0x00000000   Number         0  printfstubs.o ABSOLUTE
    _printf_x                                0x00000000   Number         0  printfstubs.o ABSOLUTE
    __cpp_initialize__aeabi_                  - Undefined Weak Reference
    __cxa_finalize                            - Undefined Weak Reference
    __decompress                              - Undefined Weak Reference
    _clock_init                               - Undefined Weak Reference
    _microlib_exit                            - Undefined Weak Reference
    __Vectors_Size                           0x000000ec   Number         0  startup_stm32f10x_md.o ABSOLUTE
    __Vectors                                0x08000000   Data           4  startup_stm32f10x_md.o(RESET)
    __Vectors_End                            0x080000ec   Data           0  startup_stm32f10x_md.o(RESET)
    __main                                   0x080000ed   Thumb Code     0  entry.o(.ARM.Collect$$$$00000000)
    _main_stk                                0x080000ed   Thumb Code     0  entry2.o(.ARM.Collect$$$$00000001)
    _main_scatterload                        0x080000f1   Thumb Code     0  entry5.o(.ARM.Collect$$$$00000004)
    __main_after_scatterload                 0x080000f5   Thumb Code     0  entry5.o(.ARM.Collect$$$$00000004)
    _main_clock                              0x080000f5   Thumb Code     0  entry7b.o(.ARM.Collect$$$$00000008)
    _main_cpp_init                           0x080000f5   Thumb Code     0  entry8b.o(.ARM.Collect$$$$0000000A)
    _main_init                               0x080000f5   Thumb Code     0  entry9a.o(.ARM.Collect$$$$0000000B)
    __rt_final_cpp                           0x080000fd   Thumb Code     0  entry10a.o(.ARM.Collect$$$$0000000D)
    __rt_final_exit                          0x080000fd   Thumb Code     0  entry11a.o(.ARM.Collect$$$$0000000F)
    Reset_Handler                            0x08000101   Thumb Code     8  startup_stm32f10x_md.o(.text)
    NMI_Handler                              0x08000109   Thumb Code     2  startup_stm32f10x_md.o(.text)
    HardFault_Handler                        0x0800010b   Thumb Code     2  startup_stm32f10x_md.o(.text)
    MemManage_Handler                        0x0800010d   Thumb Code     2  startup_stm32f10x_md.o(.text)
    BusFault_Handler                         0x0800010f   Thumb Code     2  startup_stm32f10x_md.o(.text)
    UsageFault_Handler                       0x08000111   Thumb Code     2  startup_stm32f10x_md.o(.text)
    SVC_Handler                              0x08000113   Thumb Code     2  startup_stm32f10x_md.o(.text)
    DebugMon_Handler                         0x08000115   Thumb Code     2  startup_stm32f10x_md.o(.text)
    PendSV_Handler                           0x08000117   Thumb Code     2  startup_stm32f10x_md.o(.text)
    SysTick_Handler                          0x08000119   Thumb Code     2  startup_stm32f10x_md.o(.text)
    ADC1_2_IRQHandler                        0x0800011b   Thumb Code     0  startup_stm32f10x_md.o(.text)
    CAN1_RX1_IRQHandler                      0x0800011b   Thumb Code     0  startup_stm32f10x_md.o(.text)
    CAN1_SCE_IRQHandler                      0x0800011b   Thumb Code     0  startup_stm32f10x_md.o(.text)
    DMA1_Channel1_IRQHandler                 0x0800011b   Thumb Code     0  startup_stm32f10x_md.o(.text)
    DMA1_Channel2_IRQHandler                 0x0800011b   Thumb Code     0  startup_stm32f10x_md.o(.text)
    DMA1_Channel3_IRQHandler                 0x0800011b   Thumb Code     0  startup_stm32f10x_md.o(.text)
    DMA1_Channel4_IRQHandler                 0x0800011b   Thumb Code     0  startup_stm32f10x_md.o(.text)
    DMA1_Channel5_IRQHandler                 0x0800011b   Thumb Code     0  startup_stm32f10x_md.o(.text)
    DMA1_Channel6_IRQHandler                 0x0800011b   Thumb Code     0  startup_stm32f10x_md.o(.text)
    DMA1_Channel7_IRQHandler                 0x0800011b   Thumb Code     0  startup_stm32f10x_md.o(.text)
    EXTI15_10_IRQHandler                     0x0800011b   Thumb Code     0  startup_stm32f10x_md.o(.text)
    EXTI1_IRQHandler                         0x0800011b   Thumb Code     0  startup_stm32f10x_md.o(.text)
    EXTI2_IRQHandler                         0x0800011b   Thumb Code     0  startup_stm32f10x_md.o(.text)
    EXTI3_IRQHandler                         0x0800011b   Thumb Code     0  startup_stm32f10x_md.o(.text)
    EXTI4_IRQHandler                         0x0800011b   Thumb Code     0  startup_stm32f10x_md.o(.text)
    FLASH_IRQHandler                         0x0800011b   Thumb Code     0  startup_stm32f10x_md.o(.text)
    I2C1_ER_IRQHandler                       0x0800011b   Thumb Code     0  startup_stm32f10x_md.o(.text)
    I2C1_EV_IRQHandler                       0x0800011b   Thumb Code     0  startup_stm32f10x_md.o(.text)
    I2C2_ER_IRQHandler                       0x0800011b   Thumb Code     0  startup_stm32f10x_md.o(.text)
    I2C2_EV_IRQHandler                       0x0800011b   Thumb Code     0  startup_stm32f10x_md.o(.text)
    PVD_IRQHandler                           0x0800011b   Thumb Code     0  startup_stm32f10x_md.o(.text)
    RCC_IRQHandler                           0x0800011b   Thumb Code     0  startup_stm32f10x_md.o(.text)
    RTCAlarm_IRQHandler                      0x0800011b   Thumb Code     0  startup_stm32f10x_md.o(.text)
    RTC_IRQHandler                           0x0800011b   Thumb Code     0  startup_stm32f10x_md.o(.text)
    SPI1_IRQHandler                          0x0800011b   Thumb Code     0  startup_stm32f10x_md.o(.text)
    SPI2_IRQHandler                          0x0800011b   Thumb Code     0  startup_stm32f10x_md.o(.text)
    TAMPER_IRQHandler                        0x0800011b   Thumb Code     0  startup_stm32f10x_md.o(.text)
    TIM1_BRK_IRQHandler                      0x0800011b   Thumb Code     0  startup_stm32f10x_md.o(.text)
    TIM1_CC_IRQHandler                       0x0800011b   Thumb Code     0  startup_stm32f10x_md.o(.text)
    TIM1_TRG_COM_IRQHandler                  0x0800011b   Thumb Code     0  startup_stm32f10x_md.o(.text)
    TIM1_UP_IRQHandler                       0x0800011b   Thumb Code     0  startup_stm32f10x_md.o(.text)
    TIM2_IRQHandler                          0x0800011b   Thumb Code     0  startup_stm32f10x_md.o(.text)
    TIM3_IRQHandler                          0x0800011b   Thumb Code     0  startup_stm32f10x_md.o(.text)
    USART1_IRQHandler                        0x0800011b   Thumb Code     0  startup_stm32f10x_md.o(.text)
    USART2_IRQHandler                        0x0800011b   Thumb Code     0  startup_stm32f10x_md.o(.text)
    USART3_IRQHandler                        0x0800011b   Thumb Code     0  startup_stm32f10x_md.o(.text)
    USBWakeUp_IRQHandler                     0x0800011b   Thumb Code     0  startup_stm32f10x_md.o(.text)
    USB_HP_CAN1_TX_IRQHandler                0x0800011b   Thumb Code     0  startup_stm32f10x_md.o(.text)
    USB_LP_CAN1_RX0_IRQHandler               0x0800011b   Thumb Code     0  startup_stm32f10x_md.o(.text)
    WWDG_IRQHandler                          0x0800011b   Thumb Code     0  startup_stm32f10x_md.o(.text)
    __aeabi_uldivmod                         0x08000125   Thumb Code    98  uldiv.o(.text)
    __aeabi_ldivmod                          0x08000187   Thumb Code    98  ldiv.o(.text)
    __aeabi_memcpy                           0x080001e9   Thumb Code    36  memcpya.o(.text)
    __aeabi_memcpy4                          0x080001e9   Thumb Code     0  memcpya.o(.text)
    __aeabi_memcpy8                          0x080001e9   Thumb Code     0  memcpya.o(.text)
    __aeabi_memset                           0x0800020d   Thumb Code    14  memseta.o(.text)
    __aeabi_memset4                          0x0800020d   Thumb Code     0  memseta.o(.text)
    __aeabi_memset8                          0x0800020d   Thumb Code     0  memseta.o(.text)
    __aeabi_memclr                           0x0800021b   Thumb Code     4  memseta.o(.text)
    __aeabi_memclr4                          0x0800021b   Thumb Code     0  memseta.o(.text)
    __aeabi_memclr8                          0x0800021b   Thumb Code     0  memseta.o(.text)
    _memset$wrapper                          0x0800021f   Thumb Code    18  memseta.o(.text)
    memcmp                                   0x08000231   Thumb Code    26  memcmp.o(.text)
    __aeabi_fadd                             0x0800024b   Thumb Code   164  fadd.o(.text)
    __aeabi_fsub                             0x080002ef   Thumb Code     6  fadd.o(.text)
    __aeabi_frsub                            0x080002f5   Thumb Code     6  fadd.o(.text)
    __aeabi_fmul                             0x080002fb   Thumb Code   100  fmul.o(.text)
    __aeabi_fdiv                             0x0800035f   Thumb Code   124  fdiv.o(.text)
    __aeabi_dmul                             0x080003db   Thumb Code   228  dmul.o(.text)
    __aeabi_ddiv                             0x080004bf   Thumb Code   222  ddiv.o(.text)
    __aeabi_fcmple                           0x0800059d   Thumb Code    28  fcmple.o(.text)
    __aeabi_fcmplt                           0x080005b9   Thumb Code    28  fcmplt.o(.text)
    __aeabi_fcmpeq                           0x080005d5   Thumb Code    28  fcmpeq.o(.text)
    __aeabi_i2f                              0x080005f1   Thumb Code    18  fflti.o(.text)
    __aeabi_ui2f                             0x08000603   Thumb Code    10  ffltui.o(.text)
    __aeabi_i2d                              0x0800060d   Thumb Code    34  dflti.o(.text)
    __aeabi_f2iz                             0x0800062f   Thumb Code    50  ffixi.o(.text)
    __aeabi_d2iz                             0x08000661   Thumb Code    62  dfixi.o(.text)
    __aeabi_f2d                              0x0800069f   Thumb Code    38  f2d.o(.text)
    __aeabi_d2f                              0x080006c5   Thumb Code    56  d2f.o(.text)
    __aeabi_uidiv                            0x080006fd   Thumb Code     0  uidiv.o(.text)
    __aeabi_uidivmod                         0x080006fd   Thumb Code    44  uidiv.o(.text)
    __aeabi_llsl                             0x08000729   Thumb Code    30  llshl.o(.text)
    _ll_shift_l                              0x08000729   Thumb Code     0  llshl.o(.text)
    __aeabi_llsr                             0x08000747   Thumb Code    32  llushr.o(.text)
    _ll_ushift_r                             0x08000747   Thumb Code     0  llushr.o(.text)
    __I$use$fp                               0x08000767   Thumb Code     0  iusefp.o(.text)
    _float_round                             0x08000767   Thumb Code    18  fepilogue.o(.text)
    _float_epilogue                          0x08000779   Thumb Code    92  fepilogue.o(.text)
    _double_round                            0x080007d5   Thumb Code    30  depilogue.o(.text)
    _double_epilogue                         0x080007f3   Thumb Code   156  depilogue.o(.text)
    __aeabi_dadd                             0x0800088f   Thumb Code   322  dadd.o(.text)
    __aeabi_dsub                             0x080009d1   Thumb Code     6  dadd.o(.text)
    __aeabi_drsub                            0x080009d7   Thumb Code     6  dadd.o(.text)
    _drnd                                    0x080009dd   Thumb Code   132  drnd.o(.text)
    __aeabi_d2ulz                            0x08000a65   Thumb Code    48  dfixul.o(.text)
    __aeabi_cdcmpeq                          0x08000a95   Thumb Code     0  cdcmple.o(.text)
    __aeabi_cdcmple                          0x08000a95   Thumb Code    48  cdcmple.o(.text)
    __aeabi_cdrcmple                         0x08000ac5   Thumb Code    48  cdrcmple.o(.text)
    __scatterload                            0x08000af5   Thumb Code    38  init.o(.text)
    __scatterload_rt2                        0x08000af5   Thumb Code     0  init.o(.text)
    __aeabi_lasr                             0x08000b25   Thumb Code    36  llsshr.o(.text)
    _ll_sshift_r                             0x08000b25   Thumb Code     0  llsshr.o(.text)
    Delay_ms                                 0x08000b49   Thumb Code    62  delay.o(.text.Delay_ms)
    Delay_us                                 0x08000b89   Thumb Code    36  delay.o(.text.Delay_us)
    EXTI0_IRQHandler                         0x08000bad   Thumb Code    50  cyberrypotter.o(.text.EXTI0_IRQHandler)
    EXTI9_5_IRQHandler                       0x08000be1   Thumb Code    84  cyberrypotter.o(.text.EXTI9_5_IRQHandler)
    EXTI_ClearITPendingBit                   0x08000c35   Thumb Code    12  stm32f10x_exti.o(.text.EXTI_ClearITPendingBit)
    EXTI_GetITStatus                         0x08000c41   Thumb Code    30  stm32f10x_exti.o(.text.EXTI_GetITStatus)
    EXTI_Init                                0x08000c61   Thumb Code   104  stm32f10x_exti.o(.text.EXTI_Init)
    EXTI_Restore                             0x08000cc9   Thumb Code    34  hardware.o(.text.EXTI_Restore)
    EXTI_Stop                                0x08000ced   Thumb Code    34  hardware.o(.text.EXTI_Stop)
    GPIO_EXTILineConfig                      0x08000d11   Thumb Code    54  stm32f10x_gpio.o(.text.GPIO_EXTILineConfig)
    GPIO_Init                                0x08000d49   Thumb Code   188  stm32f10x_gpio.o(.text.GPIO_Init)
    GPIO_ReadInputDataBit                    0x08000e05   Thumb Code    10  stm32f10x_gpio.o(.text.GPIO_ReadInputDataBit)
    GPIO_WriteBit                            0x08000e11   Thumb Code    12  stm32f10x_gpio.o(.text.GPIO_WriteBit)
    Hardware_Init                            0x08000e1d   Thumb Code   456  hardware.o(.text.Hardware_Init)
    IIC_Init                                 0x08000fed   Thumb Code    66  iic.o(.text.IIC_Init)
    IIC_Receive_Byte                         0x08001031   Thumb Code    98  iic.o(.text.IIC_Receive_Byte)
    IIC_Send_Byte                            0x08001095   Thumb Code    84  iic.o(.text.IIC_Send_Byte)
    IIC_read                                 0x080010e9   Thumb Code   464  iic.o(.text.IIC_read)
    IIC_write                                0x080012b9   Thumb Code   338  iic.o(.text.IIC_write)
    IMU_Get_Data                             0x0800140d   Thumb Code   268  imu.o(.text.IMU_Get_Data)
    IMU_Sample_Start                         0x08001519   Thumb Code    52  imu.o(.text.IMU_Sample_Start)
    MPU6050_Init                             0x0800154d   Thumb Code   256  mpu6050.o(.text.MPU6050_Init)
    Model_LED                                0x08001661   Thumb Code   146  main.o(.text.Model_LED)
    NVIC_Init                                0x080016f5   Thumb Code    94  misc.o(.text.NVIC_Init)
    NVIC_PriorityGroupConfig                 0x08001755   Thumb Code    20  misc.o(.text.NVIC_PriorityGroupConfig)
    RCC_APB1PeriphClockCmd                   0x08001769   Thumb Code    24  stm32f10x_rcc.o(.text.RCC_APB1PeriphClockCmd)
    RCC_APB2PeriphClockCmd                   0x08001781   Thumb Code    24  stm32f10x_rcc.o(.text.RCC_APB2PeriphClockCmd)
    RCC_GetClocksFreq                        0x08001799   Thumb Code   140  stm32f10x_rcc.o(.text.RCC_GetClocksFreq)
    SystemInit                               0x08001825   Thumb Code   272  system_stm32f10x.o(.text.SystemInit)
    System_Init                              0x08001935   Thumb Code    58  cyberrypotter.o(.text.System_Init)
    TIM4_IRQHandler                          0x08001971   Thumb Code   216  cyberrypotter.o(.text.TIM4_IRQHandler)
    TIM_ClearFlag                            0x08001a61   Thumb Code     6  stm32f10x_tim.o(.text.TIM_ClearFlag)
    TIM_ClearITPendingBit                    0x08001a69   Thumb Code     6  stm32f10x_tim.o(.text.TIM_ClearITPendingBit)
    TIM_Cmd                                  0x08001a71   Thumb Code    18  stm32f10x_tim.o(.text.TIM_Cmd)
    TIM_GetITStatus                          0x08001a85   Thumb Code    24  stm32f10x_tim.o(.text.TIM_GetITStatus)
    TIM_ITConfig                             0x08001a9d   Thumb Code    16  stm32f10x_tim.o(.text.TIM_ITConfig)
    TIM_TimeBaseInit                         0x08001aad   Thumb Code   170  stm32f10x_tim.o(.text.TIM_TimeBaseInit)
    USART_Cmd                                0x08001b59   Thumb Code    20  stm32f10x_usart.o(.text.USART_Cmd)
    USART_ITConfig                           0x08001b6d   Thumb Code    46  stm32f10x_usart.o(.text.USART_ITConfig)
    USART_Init                               0x08001b9d   Thumb Code   182  stm32f10x_usart.o(.text.USART_Init)
    act_get_dec_bit                          0x08001c79   Thumb Code    14  nnom_activation.o(.text.act_get_dec_bit)
    act_relu                                 0x08001c89   Thumb Code    32  nnom_activation.o(.text.act_relu)
    check_model_version                      0x08001ca9   Thumb Code    92  nnom.o(.text.check_model_version)
    compile_layers                           0x08001d61   Thumb Code  1676  nnom.o(.text.compile_layers)
    conv2d_build                             0x0800247d   Thumb Code   258  nnom_conv2d.o(.text.conv2d_build)
    conv2d_free                              0x08002581   Thumb Code    34  nnom_conv2d.o(.text.conv2d_free)
    conv2d_run                               0x080025a5   Thumb Code   252  nnom_conv2d.o(.text.conv2d_run)
    conv2d_s                                 0x080026a1   Thumb Code   340  nnom_conv2d.o(.text.conv2d_s)
    default_build                            0x080027f5   Thumb Code    70  nnom_baselayer.o(.text.default_build)
    delete_tensor                            0x0800283d   Thumb Code    10  nnom_tensor.o(.text.delete_tensor)
    dense_build                              0x08002849   Thumb Code   206  nnom_dense.o(.text.dense_build)
    dense_free                               0x08002919   Thumb Code    34  nnom_dense.o(.text.dense_free)
    dense_run                                0x0800293d   Thumb Code    90  nnom_dense.o(.text.dense_run)
    dense_s                                  0x08002999   Thumb Code   130  nnom_dense.o(.text.dense_s)
    dilation                                 0x08002a1d   Thumb Code    10  nnom_layers.o(.text.dilation)
    dmp_enable_feature                       0x08002a29   Thumb Code   688  inv_mpu_dmp_motion_driver.o(.text.dmp_enable_feature)
    dmp_load_motion_driver_firmware          0x08002cd9   Thumb Code    22  inv_mpu_dmp_motion_driver.o(.text.dmp_load_motion_driver_firmware)
    dmp_set_accel_bias                       0x08002cf1   Thumb Code   192  inv_mpu_dmp_motion_driver.o(.text.dmp_set_accel_bias)
    dmp_set_fifo_rate                        0x08002db1   Thumb Code   110  inv_mpu_dmp_motion_driver.o(.text.dmp_set_fifo_rate)
    dmp_set_gyro_bias                        0x08002e21   Thumb Code   222  inv_mpu_dmp_motion_driver.o(.text.dmp_set_gyro_bias)
    dmp_set_orientation                      0x08002f01   Thumb Code   272  inv_mpu_dmp_motion_driver.o(.text.dmp_set_orientation)
    dmp_set_tap_thresh                       0x08003011   Thumb Code   290  inv_mpu_dmp_motion_driver.o(.text.dmp_set_tap_thresh)
    flatten_build                            0x08003135   Thumb Code    84  nnom_flatten.o(.text.flatten_build)
    flatten_run                              0x08003189   Thumb Code     4  nnom_flatten.o(.text.flatten_run)
    flatten_s                                0x0800318d   Thumb Code    92  nnom_flatten.o(.text.flatten_s)
    fputc                                    0x080031e9   Thumb Code    18  hardware.o(.text.fputc)
    input_build                              0x08003519   Thumb Code    40  nnom_input.o(.text.input_build)
    input_run                                0x08003541   Thumb Code    30  nnom_input.o(.text.input_run)
    input_s                                  0x08003561   Thumb Code   222  nnom_input.o(.text.input_s)
    io_init                                  0x08003641   Thumb Code     8  nnom_layers.o(.text.io_init)
    kernel                                   0x08003649   Thumb Code    10  nnom_layers.o(.text.kernel)
    local_convolve_HWC_q15_nonsquare         0x08003655   Thumb Code   578  nnom_local_q15.o(.text.local_convolve_HWC_q15_nonsquare)
    local_convolve_HWC_q7_nonsquare          0x08003899   Thumb Code   556  nnom_local.o(.text.local_convolve_HWC_q7_nonsquare)
    local_fully_connected_q7_opt             0x08003ac5   Thumb Code   568  nnom_local.o(.text.local_fully_connected_q7_opt)
    local_maxpool_q7_HWC                     0x08003cfd   Thumb Code   260  nnom_local.o(.text.local_maxpool_q7_HWC)
    local_relu_q15                           0x08003e01   Thumb Code    30  nnom_local_q15.o(.text.local_relu_q15)
    local_relu_q7                            0x08003e21   Thumb Code    30  nnom_local.o(.text.local_relu_q7)
    local_softmax_q7                         0x08003e41   Thumb Code   146  nnom_local.o(.text.local_softmax_q7)
    main                                     0x08003ed5   Thumb Code   460  main.o(.text.main)
    maxpool_build                            0x080040b5   Thumb Code   156  nnom_maxpool.o(.text.maxpool_build)
    maxpool_run                              0x08004151   Thumb Code   108  nnom_maxpool.o(.text.maxpool_run)
    maxpool_s                                0x080041bd   Thumb Code   386  nnom_maxpool.o(.text.maxpool_s)
    model_compile                            0x08004381   Thumb Code   576  nnom.o(.text.model_compile)
    model_feed_data                          0x08004635   Thumb Code   134  main.o(.text.model_feed_data)
    model_get_output                         0x080046bd   Thumb Code   136  main.o(.text.model_get_output)
    model_run                                0x0800491d   Thumb Code     6  nnom.o(.text.model_run)
    model_run_to                             0x08004925   Thumb Code   160  nnom.o(.text.model_run_to)
    mpu_configure_fifo                       0x08004a29   Thumb Code   164  inv_mpu.o(.text.mpu_configure_fifo)
    mpu_get_accel_fsr                        0x08004acd   Thumb Code    50  inv_mpu.o(.text.mpu_get_accel_fsr)
    mpu_get_accel_sens                       0x08004b01   Thumb Code    44  inv_mpu.o(.text.mpu_get_accel_sens)
    mpu_get_gyro_sens                        0x08004b35   Thumb Code    66  inv_mpu.o(.text.mpu_get_gyro_sens)
    mpu_init                                 0x08004b79   Thumb Code   256  inv_mpu.o(.text.mpu_init)
    mpu_load_firmware                        0x08004c79   Thumb Code   368  inv_mpu.o(.text.mpu_load_firmware)
    mpu_lp_accel_mode                        0x08004de9   Thumb Code   486  inv_mpu.o(.text.mpu_lp_accel_mode)
    mpu_reset_fifo                           0x08004fd1   Thumb Code   374  inv_mpu.o(.text.mpu_reset_fifo)
    mpu_run_self_test                        0x08005149   Thumb Code  1196  inv_mpu.o(.text.mpu_run_self_test)
    mpu_set_accel_fsr                        0x080055f5   Thumb Code   114  inv_mpu.o(.text.mpu_set_accel_fsr)
    mpu_set_bypass                           0x08005669   Thumb Code   234  inv_mpu.o(.text.mpu_set_bypass)
    mpu_set_dmp_state                        0x08005755   Thumb Code   222  inv_mpu.o(.text.mpu_set_dmp_state)
    mpu_set_gyro_fsr                         0x08005835   Thumb Code   122  inv_mpu.o(.text.mpu_set_gyro_fsr)
    mpu_set_lpf                              0x080058b1   Thumb Code   110  inv_mpu.o(.text.mpu_set_lpf)
    mpu_set_sample_rate                      0x08005921   Thumb Code   216  inv_mpu.o(.text.mpu_set_sample_rate)
    mpu_set_sensors                          0x080059f9   Thumb Code   238  inv_mpu.o(.text.mpu_set_sensors)
    mpu_write_mem                            0x08005ae9   Thumb Code   106  inv_mpu.o(.text.mpu_write_mem)
    new_model                                0x08005b55   Thumb Code   176  nnom.o(.text.new_model)
    new_tensor                               0x08005c05   Thumb Code   116  nnom_tensor.o(.text.new_tensor)
    nnom_alignto                             0x08005c9d   Thumb Code    18  nnom.o(.text.nnom_alignto)
    nnom_free                                0x08005cb1   Thumb Code     2  nnom.o(.text.nnom_free)
    nnom_mem                                 0x08005cb5   Thumb Code   128  nnom.o(.text.nnom_mem)
    nnom_set_static_buf                      0x08005d35   Thumb Code    34  nnom.o(.text.nnom_set_static_buf)
    output_run                               0x08005d59   Thumb Code    32  nnom_output.o(.text.output_run)
    output_s                                 0x08005d79   Thumb Code    56  nnom_output.o(.text.output_s)
    shape                                    0x08005dd5   Thumb Code     8  nnom_layers.o(.text.shape)
    softmax_build                            0x08005ddd   Thumb Code    54  nnom_softmax.o(.text.softmax_build)
    softmax_run                              0x08005e15   Thumb Code    36  nnom_softmax.o(.text.softmax_run)
    softmax_s                                0x08005e39   Thumb Code    88  nnom_softmax.o(.text.softmax_s)
    stride                                   0x08005e91   Thumb Code    10  nnom_layers.o(.text.stride)
    tensor_cpy_attr                          0x08005e9d   Thumb Code    98  nnom_tensor.o(.text.tensor_cpy_attr)
    tensor_get_num_channel                   0x08005f01   Thumb Code    14  nnom_tensor.o(.text.tensor_get_num_channel)
    tensor_set_attr                          0x08005f11   Thumb Code    80  nnom_tensor.o(.text.tensor_set_attr)
    tensor_set_attr_v                        0x08005f61   Thumb Code    42  nnom_tensor.o(.text.tensor_set_attr_v)
    tensor_size                              0x08005f8d   Thumb Code    40  nnom_tensor.o(.text.tensor_size)
    __0printf                                0x08005fb5   Thumb Code    22  printfa.o(i.__0printf)
    __1printf                                0x08005fb5   Thumb Code     0  printfa.o(i.__0printf)
    __2printf                                0x08005fb5   Thumb Code     0  printfa.o(i.__0printf)
    __c89printf                              0x08005fb5   Thumb Code     0  printfa.o(i.__0printf)
    printf                                   0x08005fb5   Thumb Code     0  printfa.o(i.__0printf)
    __scatterload_copy                       0x08005fd5   Thumb Code    14  handlers.o(i.__scatterload_copy)
    __scatterload_null                       0x08005fe3   Thumb Code     2  handlers.o(i.__scatterload_null)
    __scatterload_zeroinit                   0x08005fe5   Thumb Code    14  handlers.o(i.__scatterload_zeroinit)
    putchar                                  0x080068a9   Thumb Code     6  putchar.o(i.putchar)
    puts                                     0x080068b5   Thumb Code    30  puts.o(i.puts)
    round                                    0x080068d9   Thumb Code   136  round.o(i.round)
    conv1d_1_bias_shift                      0x08006988   Data           4  main.o(.rodata.conv1d_1_bias_shift)
    conv1d_1_config                          0x0800698c   Data          40  main.o(.rodata.conv1d_1_config)
    conv1d_1_output_shift                    0x080069b4   Data           4  main.o(.rodata.conv1d_1_output_shift)
    conv1d_2_bias_shift                      0x080069b8   Data           4  main.o(.rodata.conv1d_2_bias_shift)
    conv1d_2_config                          0x080069bc   Data          40  main.o(.rodata.conv1d_2_config)
    conv1d_2_output_shift                    0x080069e4   Data           4  main.o(.rodata.conv1d_2_output_shift)
    conv1d_3_bias_shift                      0x080069e8   Data           4  main.o(.rodata.conv1d_3_bias_shift)
    conv1d_3_config                          0x080069ec   Data          40  main.o(.rodata.conv1d_3_config)
    conv1d_3_output_shift                    0x08006a14   Data           4  main.o(.rodata.conv1d_3_output_shift)
    conv1d_bias_shift                        0x08006a18   Data           4  main.o(.rodata.conv1d_bias_shift)
    conv1d_config                            0x08006a1c   Data          40  main.o(.rodata.conv1d_config)
    conv1d_output_shift                      0x08006a44   Data           4  main.o(.rodata.conv1d_output_shift)
    default_activation_names                 0x08006a50   Data          64  nnom.o(.rodata.default_activation_names)
    default_cell_names                       0x08006a90   Data          32  nnom.o(.rodata.default_cell_names)
    default_layer_names                      0x08006ab0   Data         396  nnom.o(.rodata.default_layer_names)
    dense_bias_shift                         0x08006c3c   Data           4  main.o(.rodata.dense_bias_shift)
    dense_config                             0x08006c40   Data          24  main.o(.rodata.dense_config)
    dense_output_shift                       0x08006c58   Data           4  main.o(.rodata.dense_output_shift)
    flatten_config                           0x08007854   Data           4  main.o(.rodata.flatten_config)
    hw                                       0x08007858   Data          12  inv_mpu.o(.rodata.hw)
    input_1_config                           0x08007864   Data           8  main.o(.rodata.input_1_config)
    max_pooling1d_config                     0x0800786c   Data          16  main.o(.rodata.max_pooling1d_config)
    output0_config                           0x0800787c   Data           8  main.o(.rodata.output0_config)
    reg                                      0x08007884   Data          30  inv_mpu.o(.rodata.reg)
    softmax_config                           0x080078a4   Data           4  main.o(.rodata.softmax_config)
    tensor_conv1d_1_bias_0                   0x08007cfc   Data          24  main.o(.rodata.tensor_conv1d_1_bias_0)
    tensor_conv1d_1_bias_0_data              0x08007d14   Data          12  main.o(.rodata.tensor_conv1d_1_bias_0_data)
    tensor_conv1d_1_bias_0_dec               0x08007d20   Data           4  main.o(.rodata.tensor_conv1d_1_bias_0_dec)
    tensor_conv1d_1_bias_0_dim               0x08007d24   Data           2  main.o(.rodata.tensor_conv1d_1_bias_0_dim)
    tensor_conv1d_1_bias_0_offset            0x08007d28   Data           4  main.o(.rodata.tensor_conv1d_1_bias_0_offset)
    tensor_conv1d_1_kernel_0                 0x08007d2c   Data          24  main.o(.rodata.tensor_conv1d_1_kernel_0)
    tensor_conv1d_1_kernel_0_data            0x08007d44   Data         864  main.o(.rodata.tensor_conv1d_1_kernel_0_data)
    tensor_conv1d_1_kernel_0_dec             0x080080a4   Data           4  main.o(.rodata.tensor_conv1d_1_kernel_0_dec)
    tensor_conv1d_1_kernel_0_dim             0x080080a8   Data           6  main.o(.rodata.tensor_conv1d_1_kernel_0_dim)
    tensor_conv1d_1_kernel_0_offset          0x080080b0   Data           4  main.o(.rodata.tensor_conv1d_1_kernel_0_offset)
    tensor_conv1d_2_bias_0                   0x080080b4   Data          24  main.o(.rodata.tensor_conv1d_2_bias_0)
    tensor_conv1d_2_bias_0_data              0x080080cc   Data          12  main.o(.rodata.tensor_conv1d_2_bias_0_data)
    tensor_conv1d_2_bias_0_dec               0x080080d8   Data           4  main.o(.rodata.tensor_conv1d_2_bias_0_dec)
    tensor_conv1d_2_bias_0_dim               0x080080dc   Data           2  main.o(.rodata.tensor_conv1d_2_bias_0_dim)
    tensor_conv1d_2_bias_0_offset            0x080080e0   Data           4  main.o(.rodata.tensor_conv1d_2_bias_0_offset)
    tensor_conv1d_2_kernel_0                 0x080080e4   Data          24  main.o(.rodata.tensor_conv1d_2_kernel_0)
    tensor_conv1d_2_kernel_0_data            0x080080fc   Data         432  main.o(.rodata.tensor_conv1d_2_kernel_0_data)
    tensor_conv1d_2_kernel_0_dec             0x080082ac   Data           4  main.o(.rodata.tensor_conv1d_2_kernel_0_dec)
    tensor_conv1d_2_kernel_0_dim             0x080082b0   Data           6  main.o(.rodata.tensor_conv1d_2_kernel_0_dim)
    tensor_conv1d_2_kernel_0_offset          0x080082b8   Data           4  main.o(.rodata.tensor_conv1d_2_kernel_0_offset)
    tensor_conv1d_3_bias_0                   0x080082bc   Data          24  main.o(.rodata.tensor_conv1d_3_bias_0)
    tensor_conv1d_3_bias_0_data              0x080082d4   Data          12  main.o(.rodata.tensor_conv1d_3_bias_0_data)
    tensor_conv1d_3_bias_0_dec               0x080082e0   Data           4  main.o(.rodata.tensor_conv1d_3_bias_0_dec)
    tensor_conv1d_3_bias_0_dim               0x080082e4   Data           2  main.o(.rodata.tensor_conv1d_3_bias_0_dim)
    tensor_conv1d_3_bias_0_offset            0x080082e8   Data           4  main.o(.rodata.tensor_conv1d_3_bias_0_offset)
    tensor_conv1d_3_kernel_0                 0x080082ec   Data          24  main.o(.rodata.tensor_conv1d_3_kernel_0)
    tensor_conv1d_3_kernel_0_data            0x08008304   Data         432  main.o(.rodata.tensor_conv1d_3_kernel_0_data)
    tensor_conv1d_3_kernel_0_dec             0x080084b4   Data           4  main.o(.rodata.tensor_conv1d_3_kernel_0_dec)
    tensor_conv1d_3_kernel_0_dim             0x080084b8   Data           6  main.o(.rodata.tensor_conv1d_3_kernel_0_dim)
    tensor_conv1d_3_kernel_0_offset          0x080084c0   Data           4  main.o(.rodata.tensor_conv1d_3_kernel_0_offset)
    tensor_conv1d_bias_0                     0x080084c4   Data          24  main.o(.rodata.tensor_conv1d_bias_0)
    tensor_conv1d_bias_0_data                0x080084dc   Data          24  main.o(.rodata.tensor_conv1d_bias_0_data)
    tensor_conv1d_bias_0_dec                 0x080084f4   Data           4  main.o(.rodata.tensor_conv1d_bias_0_dec)
    tensor_conv1d_bias_0_dim                 0x080084f8   Data           2  main.o(.rodata.tensor_conv1d_bias_0_dim)
    tensor_conv1d_bias_0_offset              0x080084fc   Data           4  main.o(.rodata.tensor_conv1d_bias_0_offset)
    tensor_conv1d_kernel_0                   0x08008500   Data          24  main.o(.rodata.tensor_conv1d_kernel_0)
    tensor_conv1d_kernel_0_data              0x08008518   Data         216  main.o(.rodata.tensor_conv1d_kernel_0_data)
    tensor_conv1d_kernel_0_dec               0x080085f0   Data           4  main.o(.rodata.tensor_conv1d_kernel_0_dec)
    tensor_conv1d_kernel_0_dim               0x080085f4   Data           6  main.o(.rodata.tensor_conv1d_kernel_0_dim)
    tensor_conv1d_kernel_0_offset            0x080085fc   Data           4  main.o(.rodata.tensor_conv1d_kernel_0_offset)
    tensor_dense_bias_0                      0x08008600   Data          24  main.o(.rodata.tensor_dense_bias_0)
    tensor_dense_bias_0_data                 0x08008618   Data          13  main.o(.rodata.tensor_dense_bias_0_data)
    tensor_dense_bias_0_dec                  0x08008628   Data           4  main.o(.rodata.tensor_dense_bias_0_dec)
    tensor_dense_bias_0_dim                  0x0800862c   Data           2  main.o(.rodata.tensor_dense_bias_0_dim)
    tensor_dense_bias_0_offset               0x08008630   Data           4  main.o(.rodata.tensor_dense_bias_0_offset)
    tensor_dense_kernel_0                    0x08008634   Data          24  main.o(.rodata.tensor_dense_kernel_0)
    tensor_dense_kernel_0_data               0x0800864c   Data        7800  main.o(.rodata.tensor_dense_kernel_0_data)
    tensor_dense_kernel_0_dec                0x0800a4c4   Data           4  main.o(.rodata.tensor_dense_kernel_0_dec)
    tensor_dense_kernel_0_dim                0x0800a4c8   Data           4  main.o(.rodata.tensor_dense_kernel_0_dim)
    tensor_dense_kernel_0_offset             0x0800a4cc   Data           4  main.o(.rodata.tensor_dense_kernel_0_offset)
    tensor_input_1                           0x0800a4d0   Data          24  main.o(.rodata.tensor_input_1)
    tensor_input_1_dec                       0x0800a4e8   Data           4  main.o(.rodata.tensor_input_1_dec)
    tensor_input_1_dim                       0x0800a4ec   Data           4  main.o(.rodata.tensor_input_1_dim)
    tensor_input_1_offset                    0x0800a4f0   Data           4  main.o(.rodata.tensor_input_1_offset)
    tensor_output0                           0x0800a4f4   Data          24  main.o(.rodata.tensor_output0)
    tensor_output0_dec                       0x0800a50c   Data           4  main.o(.rodata.tensor_output0_dec)
    tensor_output0_dim                       0x0800a510   Data           2  main.o(.rodata.tensor_output0_dim)
    tensor_output0_offset                    0x0800a514   Data           4  main.o(.rodata.tensor_output0_offset)
    test                                     0x0800a518   Data          40  inv_mpu.o(.rodata.test)
    Region$$Table$$Base                      0x0800a540   Number         0  anon$$obj.o(Region$$Table)
    Region$$Table$$Limit                     0x0800a560   Number         0  anon$$obj.o(Region$$Table)
    __stdout                                 0x20000000   Data           4  stdout.o(.data)
    model_output                             0x20000005   Data           1  main.o(.data.model_output)
    Cyberry_Potter_Status                    0x20000038   Data          24  cyberrypotter.o(.bss.Cyberry_Potter_Status)
    IMU_Data_mAcc                            0x20000050   Data         720  imu.o(.bss.IMU_Data_mAcc)
    IMU_Data_mdAngle                         0x20000320   Data         720  imu.o(.bss.IMU_Data_mdAngle)
    IMU_bias                                 0x200005f0   Data          12  imu.o(.bss.IMU_bias)
    i                                        0x20000608   Data           2  cyberrypotter.o(.bss.i)
    nnom_memory_taken                        0x200006c0   Data           4  nnom.o(.bss.nnom_memory_taken)
    static_buf                               0x20000768   Data        8192  main.o(.bss.static_buf)
    time_hold_count_ms                       0x20002768   Data           2  cyberrypotter.o(.bss.time_hold_count_ms)
    time_release_count_ms                    0x2000276a   Data           2  cyberrypotter.o(.bss.time_release_count_ms)
    __initial_sp                             0x20002b70   Data           0  startup_stm32f10x_md.o(STACK)



==============================================================================

Memory Map of the image

  Image Entry point : 0x080000ed

  Load Region LR_IROM1 (Base: 0x08000000, Size: 0x0000a598, Max: 0x00010000, ABSOLUTE)

    Execution Region ER_IROM1 (Exec base: 0x08000000, Load base: 0x08000000, Size: 0x0000a560, Max: 0x00010000, ABSOLUTE)

    Exec Addr    Load Addr    Size         Type   Attr      Idx    E Section Name        Object

    0x08000000   0x08000000   0x000000ec   Data   RO         2318    RESET               startup_stm32f10x_md.o
    0x080000ec   0x080000ec   0x00000000   Code   RO         2341  * .ARM.Collect$$$$00000000  mc_w.l(entry.o)
    0x080000ec   0x080000ec   0x00000004   Code   RO         2664    .ARM.Collect$$$$00000001  mc_w.l(entry2.o)
    0x080000f0   0x080000f0   0x00000004   Code   RO         2667    .ARM.Collect$$$$00000004  mc_w.l(entry5.o)
    0x080000f4   0x080000f4   0x00000000   Code   RO         2669    .ARM.Collect$$$$00000008  mc_w.l(entry7b.o)
    0x080000f4   0x080000f4   0x00000000   Code   RO         2671    .ARM.Collect$$$$0000000A  mc_w.l(entry8b.o)
    0x080000f4   0x080000f4   0x00000008   Code   RO         2672    .ARM.Collect$$$$0000000B  mc_w.l(entry9a.o)
    0x080000fc   0x080000fc   0x00000000   Code   RO         2674    .ARM.Collect$$$$0000000D  mc_w.l(entry10a.o)
    0x080000fc   0x080000fc   0x00000000   Code   RO         2676    .ARM.Collect$$$$0000000F  mc_w.l(entry11a.o)
    0x080000fc   0x080000fc   0x00000004   Code   RO         2665    .ARM.Collect$$$$00002712  mc_w.l(entry2.o)
    0x08000100   0x08000100   0x00000024   Code   RO         2319    .text               startup_stm32f10x_md.o
    0x08000124   0x08000124   0x00000062   Code   RO         2359    .text               mc_w.l(uldiv.o)
    0x08000186   0x08000186   0x00000062   Code   RO         2361    .text               mc_w.l(ldiv.o)
    0x080001e8   0x080001e8   0x00000024   Code   RO         2363    .text               mc_w.l(memcpya.o)
    0x0800020c   0x0800020c   0x00000024   Code   RO         2365    .text               mc_w.l(memseta.o)
    0x08000230   0x08000230   0x0000001a   Code   RO         2367    .text               mc_w.l(memcmp.o)
    0x0800024a   0x0800024a   0x000000b0   Code   RO         2632    .text               mf_w.l(fadd.o)
    0x080002fa   0x080002fa   0x00000064   Code   RO         2634    .text               mf_w.l(fmul.o)
    0x0800035e   0x0800035e   0x0000007c   Code   RO         2636    .text               mf_w.l(fdiv.o)
    0x080003da   0x080003da   0x000000e4   Code   RO         2638    .text               mf_w.l(dmul.o)
    0x080004be   0x080004be   0x000000de   Code   RO         2640    .text               mf_w.l(ddiv.o)
    0x0800059c   0x0800059c   0x0000001c   Code   RO         2642    .text               mf_w.l(fcmple.o)
    0x080005b8   0x080005b8   0x0000001c   Code   RO         2644    .text               mf_w.l(fcmplt.o)
    0x080005d4   0x080005d4   0x0000001c   Code   RO         2648    .text               mf_w.l(fcmpeq.o)
    0x080005f0   0x080005f0   0x00000012   Code   RO         2650    .text               mf_w.l(fflti.o)
    0x08000602   0x08000602   0x0000000a   Code   RO         2652    .text               mf_w.l(ffltui.o)
    0x0800060c   0x0800060c   0x00000022   Code   RO         2654    .text               mf_w.l(dflti.o)
    0x0800062e   0x0800062e   0x00000032   Code   RO         2656    .text               mf_w.l(ffixi.o)
    0x08000660   0x08000660   0x0000003e   Code   RO         2658    .text               mf_w.l(dfixi.o)
    0x0800069e   0x0800069e   0x00000026   Code   RO         2660    .text               mf_w.l(f2d.o)
    0x080006c4   0x080006c4   0x00000038   Code   RO         2662    .text               mf_w.l(d2f.o)
    0x080006fc   0x080006fc   0x0000002c   Code   RO         2688    .text               mc_w.l(uidiv.o)
    0x08000728   0x08000728   0x0000001e   Code   RO         2690    .text               mc_w.l(llshl.o)
    0x08000746   0x08000746   0x00000020   Code   RO         2692    .text               mc_w.l(llushr.o)
    0x08000766   0x08000766   0x00000000   Code   RO         2694    .text               mc_w.l(iusefp.o)
    0x08000766   0x08000766   0x0000006e   Code   RO         2695    .text               mf_w.l(fepilogue.o)
    0x080007d4   0x080007d4   0x000000ba   Code   RO         2697    .text               mf_w.l(depilogue.o)
    0x0800088e   0x0800088e   0x0000014e   Code   RO         2699    .text               mf_w.l(dadd.o)
    0x080009dc   0x080009dc   0x00000088   Code   RO         2701    .text               mf_w.l(drnd.o)
    0x08000a64   0x08000a64   0x00000030   Code   RO         2703    .text               mf_w.l(dfixul.o)
    0x08000a94   0x08000a94   0x00000030   Code   RO         2705    .text               mf_w.l(cdcmple.o)
    0x08000ac4   0x08000ac4   0x00000030   Code   RO         2707    .text               mf_w.l(cdrcmple.o)
    0x08000af4   0x08000af4   0x00000030   Code   RO         2709    .text               mc_w.l(init.o)
    0x08000b24   0x08000b24   0x00000024   Code   RO         2711    .text               mc_w.l(llsshr.o)
    0x08000b48   0x08000b48   0x0000003e   Code   RO           31    .text.Delay_ms      delay.o
    0x08000b86   0x08000b86   0x00000002   PAD
    0x08000b88   0x08000b88   0x00000024   Code   RO           29    .text.Delay_us      delay.o
    0x08000bac   0x08000bac   0x00000032   Code   RO           10    .text.EXTI0_IRQHandler  cyberrypotter.o
    0x08000bde   0x08000bde   0x00000002   PAD
    0x08000be0   0x08000be0   0x00000054   Code   RO            8    .text.EXTI9_5_IRQHandler  cyberrypotter.o
    0x08000c34   0x08000c34   0x0000000c   Code   RO         1528    .text.EXTI_ClearITPendingBit  stm32f10x_exti.o
    0x08000c40   0x08000c40   0x0000001e   Code   RO         1526    .text.EXTI_GetITStatus  stm32f10x_exti.o
    0x08000c5e   0x08000c5e   0x00000002   PAD
    0x08000c60   0x08000c60   0x00000068   Code   RO         1516    .text.EXTI_Init     stm32f10x_exti.o
    0x08000cc8   0x08000cc8   0x00000022   Code   RO          165    .text.EXTI_Restore  hardware.o
    0x08000cea   0x08000cea   0x00000002   PAD
    0x08000cec   0x08000cec   0x00000022   Code   RO          163    .text.EXTI_Stop     hardware.o
    0x08000d0e   0x08000d0e   0x00000002   PAD
    0x08000d10   0x08000d10   0x00000036   Code   RO         1680    .text.GPIO_EXTILineConfig  stm32f10x_gpio.o
    0x08000d46   0x08000d46   0x00000002   PAD
    0x08000d48   0x08000d48   0x000000bc   Code   RO         1652    .text.GPIO_Init     stm32f10x_gpio.o
    0x08000e04   0x08000e04   0x0000000a   Code   RO         1656    .text.GPIO_ReadInputDataBit  stm32f10x_gpio.o
    0x08000e0e   0x08000e0e   0x00000002   PAD
    0x08000e10   0x08000e10   0x0000000c   Code   RO         1668    .text.GPIO_WriteBit  stm32f10x_gpio.o
    0x08000e1c   0x08000e1c   0x000001d0   Code   RO          159    .text.Hardware_Init  hardware.o
    0x08000fec   0x08000fec   0x00000042   Code   RO          175    .text.IIC_Init      iic.o
    0x0800102e   0x0800102e   0x00000002   PAD
    0x08001030   0x08001030   0x00000062   Code   RO          179    .text.IIC_Receive_Byte  iic.o
    0x08001092   0x08001092   0x00000002   PAD
    0x08001094   0x08001094   0x00000054   Code   RO          177    .text.IIC_Send_Byte  iic.o
    0x080010e8   0x080010e8   0x000001d0   Code   RO          183    .text.IIC_read      iic.o
    0x080012b8   0x080012b8   0x00000152   Code   RO          181    .text.IIC_write     iic.o
    0x0800140a   0x0800140a   0x00000002   PAD
    0x0800140c   0x0800140c   0x0000010c   Code   RO           45    .text.IMU_Get_Data  imu.o
    0x08001518   0x08001518   0x00000034   Code   RO           43    .text.IMU_Sample_Start  imu.o
    0x0800154c   0x0800154c   0x00000114   Code   RO          193    .text.MPU6050_Init  mpu6050.o
    0x08001660   0x08001660   0x00000092   Code   RO           62    .text.Model_LED     main.o
    0x080016f2   0x080016f2   0x00000002   PAD
    0x080016f4   0x080016f4   0x0000005e   Code   RO         1198    .text.NVIC_Init     misc.o
    0x08001752   0x08001752   0x00000002   PAD
    0x08001754   0x08001754   0x00000014   Code   RO         1196    .text.NVIC_PriorityGroupConfig  misc.o
    0x08001768   0x08001768   0x00000018   Code   RO         1859    .text.RCC_APB1PeriphClockCmd  stm32f10x_rcc.o
    0x08001780   0x08001780   0x00000018   Code   RO         1857    .text.RCC_APB2PeriphClockCmd  stm32f10x_rcc.o
    0x08001798   0x08001798   0x0000008c   Code   RO         1853    .text.RCC_GetClocksFreq  stm32f10x_rcc.o
    0x08001824   0x08001824   0x00000110   Code   RO         2326    .text.SystemInit    system_stm32f10x.o
    0x08001934   0x08001934   0x0000003a   Code   RO            2    .text.System_Init   cyberrypotter.o
    0x0800196e   0x0800196e   0x00000002   PAD
    0x08001970   0x08001970   0x000000f0   Code   RO           12    .text.TIM4_IRQHandler  cyberrypotter.o
    0x08001a60   0x08001a60   0x00000006   Code   RO         2213    .text.TIM_ClearFlag  stm32f10x_tim.o
    0x08001a66   0x08001a66   0x00000002   PAD
    0x08001a68   0x08001a68   0x00000006   Code   RO         2217    .text.TIM_ClearITPendingBit  stm32f10x_tim.o
    0x08001a6e   0x08001a6e   0x00000002   PAD
    0x08001a70   0x08001a70   0x00000012   Code   RO         2079    .text.TIM_Cmd       stm32f10x_tim.o
    0x08001a82   0x08001a82   0x00000002   PAD
    0x08001a84   0x08001a84   0x00000018   Code   RO         2215    .text.TIM_GetITStatus  stm32f10x_tim.o
    0x08001a9c   0x08001a9c   0x00000010   Code   RO         2083    .text.TIM_ITConfig  stm32f10x_tim.o
    0x08001aac   0x08001aac   0x000000aa   Code   RO         2047    .text.TIM_TimeBaseInit  stm32f10x_tim.o
    0x08001b56   0x08001b56   0x00000002   PAD
    0x08001b58   0x08001b58   0x00000014   Code   RO         2237    .text.USART_Cmd     stm32f10x_usart.o
    0x08001b6c   0x08001b6c   0x0000002e   Code   RO         2239    .text.USART_ITConfig  stm32f10x_usart.o
    0x08001b9a   0x08001b9a   0x00000002   PAD
    0x08001b9c   0x08001b9c   0x000000b6   Code   RO         2229    .text.USART_Init    stm32f10x_usart.o
    0x08001c52   0x08001c52   0x00000002   PAD
    0x08001c54   0x08001c54   0x00000024   Code   RO          195    .text.__NVIC_SystemReset  mpu6050.o
    0x08001c78   0x08001c78   0x0000000e   Code   RO          764    .text.act_get_dec_bit  nnom_activation.o
    0x08001c86   0x08001c86   0x00000002   PAD
    0x08001c88   0x08001c88   0x00000020   Code   RO          724    .text.act_relu      nnom_activation.o
    0x08001ca8   0x08001ca8   0x000000b8   Code   RO          613    .text.check_model_version  nnom.o
    0x08001d60   0x08001d60   0x0000071c   Code   RO          589    .text.compile_layers  nnom.o
    0x0800247c   0x0800247c   0x00000102   Code   RO          826    .text.conv2d_build  nnom_conv2d.o
    0x0800257e   0x0800257e   0x00000002   PAD
    0x08002580   0x08002580   0x00000022   Code   RO          828    .text.conv2d_free   nnom_conv2d.o
    0x080025a2   0x080025a2   0x00000002   PAD
    0x080025a4   0x080025a4   0x000000fc   Code   RO          824    .text.conv2d_run    nnom_conv2d.o
    0x080026a0   0x080026a0   0x00000154   Code   RO          822    .text.conv2d_s      nnom_conv2d.o
    0x080027f4   0x080027f4   0x00000046   Code   RO          796    .text.default_build  nnom_baselayer.o
    0x0800283a   0x0800283a   0x00000002   PAD
    0x0800283c   0x0800283c   0x0000000a   Code   RO          663    .text.delete_tensor  nnom_tensor.o
    0x08002846   0x08002846   0x00000002   PAD
    0x08002848   0x08002848   0x000000ce   Code   RO          880    .text.dense_build   nnom_dense.o
    0x08002916   0x08002916   0x00000002   PAD
    0x08002918   0x08002918   0x00000022   Code   RO          882    .text.dense_free    nnom_dense.o
    0x0800293a   0x0800293a   0x00000002   PAD
    0x0800293c   0x0800293c   0x0000005a   Code   RO          878    .text.dense_run     nnom_dense.o
    0x08002996   0x08002996   0x00000002   PAD
    0x08002998   0x08002998   0x00000082   Code   RO          876    .text.dense_s       nnom_dense.o
    0x08002a1a   0x08002a1a   0x00000002   PAD
    0x08002a1c   0x08002a1c   0x0000000a   Code   RO          639    .text.dilation      nnom_layers.o
    0x08002a26   0x08002a26   0x00000002   PAD
    0x08002a28   0x08002a28   0x000002b0   Code   RO          349    .text.dmp_enable_feature  inv_mpu_dmp_motion_driver.o
    0x08002cd8   0x08002cd8   0x00000016   Code   RO          313    .text.dmp_load_motion_driver_firmware  inv_mpu_dmp_motion_driver.o
    0x08002cee   0x08002cee   0x00000002   PAD
    0x08002cf0   0x08002cf0   0x000000c0   Code   RO          319    .text.dmp_set_accel_bias  inv_mpu_dmp_motion_driver.o
    0x08002db0   0x08002db0   0x0000006e   Code   RO          321    .text.dmp_set_fifo_rate  inv_mpu_dmp_motion_driver.o
    0x08002e1e   0x08002e1e   0x00000002   PAD
    0x08002e20   0x08002e20   0x000000de   Code   RO          317    .text.dmp_set_gyro_bias  inv_mpu_dmp_motion_driver.o
    0x08002efe   0x08002efe   0x00000002   PAD
    0x08002f00   0x08002f00   0x00000110   Code   RO          315    .text.dmp_set_orientation  inv_mpu_dmp_motion_driver.o
    0x08003010   0x08003010   0x00000122   Code   RO          325    .text.dmp_set_tap_thresh  inv_mpu_dmp_motion_driver.o
    0x08003132   0x08003132   0x00000002   PAD
    0x08003134   0x08003134   0x00000054   Code   RO          916    .text.flatten_build  nnom_flatten.o
    0x08003188   0x08003188   0x00000004   Code   RO          914    .text.flatten_run   nnom_flatten.o
    0x0800318c   0x0800318c   0x0000005c   Code   RO          910    .text.flatten_s     nnom_flatten.o
    0x080031e8   0x080031e8   0x00000012   Code   RO          161    .text.fputc         hardware.o
    0x080031fa   0x080031fa   0x00000002   PAD
    0x080031fc   0x080031fc   0x0000031c   Code   RO          283    .text.get_st_biases  inv_mpu.o
    0x08003518   0x08003518   0x00000028   Code   RO          968    .text.input_build   nnom_input.o
    0x08003540   0x08003540   0x0000001e   Code   RO          966    .text.input_run     nnom_input.o
    0x0800355e   0x0800355e   0x00000002   PAD
    0x08003560   0x08003560   0x000000de   Code   RO          964    .text.input_s       nnom_input.o
    0x0800363e   0x0800363e   0x00000002   PAD
    0x08003640   0x08003640   0x00000008   Code   RO          643    .text.io_init       nnom_layers.o
    0x08003648   0x08003648   0x0000000a   Code   RO          635    .text.kernel        nnom_layers.o
    0x08003652   0x08003652   0x00000002   PAD
    0x08003654   0x08003654   0x00000242   Code   RO          493    .text.local_convolve_HWC_q15_nonsquare  nnom_local_q15.o
    0x08003896   0x08003896   0x00000002   PAD
    0x08003898   0x08003898   0x0000022c   Code   RO          407    .text.local_convolve_HWC_q7_nonsquare  nnom_local.o
    0x08003ac4   0x08003ac4   0x00000238   Code   RO          429    .text.local_fully_connected_q7_opt  nnom_local.o
    0x08003cfc   0x08003cfc   0x00000104   Code   RO          395    .text.local_maxpool_q7_HWC  nnom_local.o
    0x08003e00   0x08003e00   0x0000001e   Code   RO          525    .text.local_relu_q15  nnom_local_q15.o
    0x08003e1e   0x08003e1e   0x00000002   PAD
    0x08003e20   0x08003e20   0x0000001e   Code   RO          443    .text.local_relu_q7  nnom_local.o
    0x08003e3e   0x08003e3e   0x00000002   PAD
    0x08003e40   0x08003e40   0x00000092   Code   RO          433    .text.local_softmax_q7  nnom_local.o
    0x08003ed2   0x08003ed2   0x00000002   PAD
    0x08003ed4   0x08003ed4   0x000001e0   Code   RO           64    .text.main          main.o
    0x080040b4   0x080040b4   0x0000009c   Code   RO         1044    .text.maxpool_build  nnom_maxpool.o
    0x08004150   0x08004150   0x0000006c   Code   RO         1042    .text.maxpool_run   nnom_maxpool.o
    0x080041bc   0x080041bc   0x00000182   Code   RO         1038    .text.maxpool_s     nnom_maxpool.o
    0x0800433e   0x0800433e   0x00000002   PAD
    0x08004340   0x08004340   0x00000008   Code   RO          581    .text.model_active  nnom.o
    0x08004348   0x08004348   0x00000036   Code   RO          573    .text.model_add     nnom.o
    0x0800437e   0x0800437e   0x00000002   PAD
    0x08004380   0x08004380   0x000002b4   Code   RO          599    .text.model_compile  nnom.o
    0x08004634   0x08004634   0x00000086   Code   RO           58    .text.model_feed_data  main.o
    0x080046ba   0x080046ba   0x00000002   PAD
    0x080046bc   0x080046bc   0x000000d8   Code   RO           60    .text.model_get_output  main.o
    0x08004794   0x08004794   0x00000140   Code   RO          575    .text.model_hook    nnom.o
    0x080048d4   0x080048d4   0x0000000a   Code   RO          577    .text.model_merge   nnom.o
    0x080048de   0x080048de   0x00000002   PAD
    0x080048e0   0x080048e0   0x0000003a   Code   RO          579    .text.model_mergex  nnom.o
    0x0800491a   0x0800491a   0x00000002   PAD
    0x0800491c   0x0800491c   0x00000006   Code   RO          607    .text.model_run     nnom.o
    0x08004922   0x08004922   0x00000002   PAD
    0x08004924   0x08004924   0x00000104   Code   RO          605    .text.model_run_to  nnom.o
    0x08004a28   0x08004a28   0x000000a4   Code   RO          221    .text.mpu_configure_fifo  inv_mpu.o
    0x08004acc   0x08004acc   0x00000032   Code   RO          253    .text.mpu_get_accel_fsr  inv_mpu.o
    0x08004afe   0x08004afe   0x00000002   PAD
    0x08004b00   0x08004b00   0x00000034   Code   RO          265    .text.mpu_get_accel_sens  inv_mpu.o
    0x08004b34   0x08004b34   0x00000042   Code   RO          263    .text.mpu_get_gyro_sens  inv_mpu.o
    0x08004b76   0x08004b76   0x00000002   PAD
    0x08004b78   0x08004b78   0x00000100   Code   RO          211    .text.mpu_init      inv_mpu.o
    0x08004c78   0x08004c78   0x00000170   Code   RO          289    .text.mpu_load_firmware  inv_mpu.o
    0x08004de8   0x08004de8   0x000001e6   Code   RO          227    .text.mpu_lp_accel_mode  inv_mpu.o
    0x08004fce   0x08004fce   0x00000002   PAD
    0x08004fd0   0x08004fd0   0x00000176   Code   RO          249    .text.mpu_reset_fifo  inv_mpu.o
    0x08005146   0x08005146   0x00000002   PAD
    0x08005148   0x08005148   0x000004ac   Code   RO          279    .text.mpu_run_self_test  inv_mpu.o
    0x080055f4   0x080055f4   0x00000072   Code   RO          215    .text.mpu_set_accel_fsr  inv_mpu.o
    0x08005666   0x08005666   0x00000002   PAD
    0x08005668   0x08005668   0x000000ea   Code   RO          223    .text.mpu_set_bypass  inv_mpu.o
    0x08005752   0x08005752   0x00000002   PAD
    0x08005754   0x08005754   0x000000de   Code   RO          281    .text.mpu_set_dmp_state  inv_mpu.o
    0x08005832   0x08005832   0x00000002   PAD
    0x08005834   0x08005834   0x0000007a   Code   RO          213    .text.mpu_set_gyro_fsr  inv_mpu.o
    0x080058ae   0x080058ae   0x00000002   PAD
    0x080058b0   0x080058b0   0x0000006e   Code   RO          217    .text.mpu_set_lpf   inv_mpu.o
    0x0800591e   0x0800591e   0x00000002   PAD
    0x08005920   0x08005920   0x000000d8   Code   RO          219    .text.mpu_set_sample_rate  inv_mpu.o
    0x080059f8   0x080059f8   0x000000ee   Code   RO          225    .text.mpu_set_sensors  inv_mpu.o
    0x08005ae6   0x08005ae6   0x00000002   PAD
    0x08005ae8   0x08005ae8   0x0000006a   Code   RO          285    .text.mpu_write_mem  inv_mpu.o
    0x08005b52   0x08005b52   0x00000002   PAD
    0x08005b54   0x08005b54   0x000000b0   Code   RO          571    .text.new_model     nnom.o
    0x08005c04   0x08005c04   0x00000098   Code   RO          661    .text.new_tensor    nnom_tensor.o
    0x08005c9c   0x08005c9c   0x00000012   Code   RO          563    .text.nnom_alignto  nnom.o
    0x08005cae   0x08005cae   0x00000002   PAD
    0x08005cb0   0x08005cb0   0x00000002   Code   RO          565    .text.nnom_free     nnom.o
    0x08005cb2   0x08005cb2   0x00000002   PAD
    0x08005cb4   0x08005cb4   0x00000080   Code   RO          567    .text.nnom_mem      nnom.o
    0x08005d34   0x08005d34   0x00000022   Code   RO          559    .text.nnom_set_static_buf  nnom.o
    0x08005d56   0x08005d56   0x00000002   PAD
    0x08005d58   0x08005d58   0x00000020   Code   RO         1056    .text.output_run    nnom_output.o
    0x08005d78   0x08005d78   0x00000038   Code   RO         1054    .text.output_s      nnom_output.o
    0x08005db0   0x08005db0   0x00000024   Code   RO          746    .text.relu_run      nnom_activation.o
    0x08005dd4   0x08005dd4   0x00000008   Code   RO          633    .text.shape         nnom_layers.o
    0x08005ddc   0x08005ddc   0x00000036   Code   RO         1120    .text.softmax_build  nnom_softmax.o
    0x08005e12   0x08005e12   0x00000002   PAD
    0x08005e14   0x08005e14   0x00000024   Code   RO         1118    .text.softmax_run   nnom_softmax.o
    0x08005e38   0x08005e38   0x00000058   Code   RO         1114    .text.softmax_s     nnom_softmax.o
    0x08005e90   0x08005e90   0x0000000a   Code   RO          637    .text.stride        nnom_layers.o
    0x08005e9a   0x08005e9a   0x00000002   PAD
    0x08005e9c   0x08005e9c   0x00000062   Code   RO          669    .text.tensor_cpy_attr  nnom_tensor.o
    0x08005efe   0x08005efe   0x00000002   PAD
    0x08005f00   0x08005f00   0x0000000e   Code   RO          659    .text.tensor_get_num_channel  nnom_tensor.o
    0x08005f0e   0x08005f0e   0x00000002   PAD
    0x08005f10   0x08005f10   0x00000050   Code   RO          667    .text.tensor_set_attr  nnom_tensor.o
    0x08005f60   0x08005f60   0x0000002a   Code   RO          665    .text.tensor_set_attr_v  nnom_tensor.o
    0x08005f8a   0x08005f8a   0x00000002   PAD
    0x08005f8c   0x08005f8c   0x00000028   Code   RO          655    .text.tensor_size   nnom_tensor.o
    0x08005fb4   0x08005fb4   0x00000020   Code   RO         2604    i.__0printf         mc_w.l(printfa.o)
    0x08005fd4   0x08005fd4   0x0000000e   Code   RO         2715    i.__scatterload_copy  mc_w.l(handlers.o)
    0x08005fe2   0x08005fe2   0x00000002   Code   RO         2716    i.__scatterload_null  mc_w.l(handlers.o)
    0x08005fe4   0x08005fe4   0x0000000e   Code   RO         2717    i.__scatterload_zeroinit  mc_w.l(handlers.o)
    0x08005ff2   0x08005ff2   0x00000002   PAD
    0x08005ff4   0x08005ff4   0x00000184   Code   RO         2611    i._fp_digits        mc_w.l(printfa.o)
    0x08006178   0x08006178   0x000006dc   Code   RO         2612    i._printf_core      mc_w.l(printfa.o)
    0x08006854   0x08006854   0x00000024   Code   RO         2613    i._printf_post_padding  mc_w.l(printfa.o)
    0x08006878   0x08006878   0x0000002e   Code   RO         2614    i._printf_pre_padding  mc_w.l(printfa.o)
    0x080068a6   0x080068a6   0x00000002   PAD
    0x080068a8   0x080068a8   0x0000000c   Code   RO         2350    i.putchar           mc_w.l(putchar.o)
    0x080068b4   0x080068b4   0x00000024   Code   RO         2346    i.puts              mc_w.l(puts.o)
    0x080068d8   0x080068d8   0x00000094   Code   RO         2339    i.round             m_ws.l(round.o)
    0x0800696c   0x0800696c   0x00000003   Data   RO          369    .rodata..L__const.dmp_set_orientation.accel_axes  inv_mpu_dmp_motion_driver.o
    0x0800696f   0x0800696f   0x00000003   Data   RO          368    .rodata..L__const.dmp_set_orientation.gyro_axes  inv_mpu_dmp_motion_driver.o
    0x08006972   0x08006972   0x00000004   Data   RO         1878    .rodata.ADCPrescTable  stm32f10x_rcc.o
    0x08006976   0x08006976   0x00000010   Data   RO         1877    .rodata.APBAHBPrescTable  stm32f10x_rcc.o
    0x08006986   0x08006986   0x00000002   PAD
    0x08006988   0x08006988   0x00000004   Data   RO           97    .rodata.conv1d_1_bias_shift  main.o
    0x0800698c   0x0800698c   0x00000028   Data   RO           98    .rodata.conv1d_1_config  main.o
    0x080069b4   0x080069b4   0x00000004   Data   RO           96    .rodata.conv1d_1_output_shift  main.o
    0x080069b8   0x080069b8   0x00000004   Data   RO          110    .rodata.conv1d_2_bias_shift  main.o
    0x080069bc   0x080069bc   0x00000028   Data   RO          111    .rodata.conv1d_2_config  main.o
    0x080069e4   0x080069e4   0x00000004   Data   RO          109    .rodata.conv1d_2_output_shift  main.o
    0x080069e8   0x080069e8   0x00000004   Data   RO          123    .rodata.conv1d_3_bias_shift  main.o
    0x080069ec   0x080069ec   0x00000028   Data   RO          124    .rodata.conv1d_3_config  main.o
    0x08006a14   0x08006a14   0x00000004   Data   RO          122    .rodata.conv1d_3_output_shift  main.o
    0x08006a18   0x08006a18   0x00000004   Data   RO           84    .rodata.conv1d_bias_shift  main.o
    0x08006a1c   0x08006a1c   0x00000028   Data   RO           85    .rodata.conv1d_config  main.o
    0x08006a44   0x08006a44   0x00000004   Data   RO           83    .rodata.conv1d_output_shift  main.o
    0x08006a48   0x08006a48   0x00000008   Data   RO          303    .rodata.cst8        inv_mpu.o
    0x08006a50   0x08006a50   0x00000040   Data   RO          616    .rodata.default_activation_names  nnom.o
    0x08006a90   0x08006a90   0x00000020   Data   RO          617    .rodata.default_cell_names  nnom.o
    0x08006ab0   0x08006ab0   0x0000018c   Data   RO          615    .rodata.default_layer_names  nnom.o
    0x08006c3c   0x08006c3c   0x00000004   Data   RO          138    .rodata.dense_bias_shift  main.o
    0x08006c40   0x08006c40   0x00000018   Data   RO          139    .rodata.dense_config  main.o
    0x08006c58   0x08006c58   0x00000004   Data   RO          137    .rodata.dense_output_shift  main.o
    0x08006c5c   0x08006c5c   0x00000bf6   Data   RO          367    .rodata.dmp_memory  inv_mpu_dmp_motion_driver.o
    0x08007852   0x08007852   0x00000002   PAD
    0x08007854   0x08007854   0x00000004   Data   RO          126    .rodata.flatten_config  main.o
    0x08007858   0x08007858   0x0000000c   Data   RO          300    .rodata.hw          inv_mpu.o
    0x08007864   0x08007864   0x00000008   Data   RO           72    .rodata.input_1_config  main.o
    0x0800786c   0x0800786c   0x00000010   Data   RO          125    .rodata.max_pooling1d_config  main.o
    0x0800787c   0x0800787c   0x00000008   Data   RO          146    .rodata.output0_config  main.o
    0x08007884   0x08007884   0x0000001e   Data   RO          299    .rodata.reg         inv_mpu.o
    0x080078a2   0x080078a2   0x00000002   PAD
    0x080078a4   0x080078a4   0x00000004   Data   RO          140    .rodata.softmax_config  main.o
    0x080078a8   0x080078a8   0x000000cd   Data   RO           71    .rodata.str1.1      main.o
    0x08007975   0x08007975   0x00000384   Data   RO          622    .rodata.str1.1      nnom.o
    0x08007cf9   0x08007cf9   0x00000003   PAD
    0x08007cfc   0x08007cfc   0x00000018   Data   RO           95    .rodata.tensor_conv1d_1_bias_0  main.o
    0x08007d14   0x08007d14   0x0000000c   Data   RO           91    .rodata.tensor_conv1d_1_bias_0_data  main.o
    0x08007d20   0x08007d20   0x00000004   Data   RO           93    .rodata.tensor_conv1d_1_bias_0_dec  main.o
    0x08007d24   0x08007d24   0x00000002   Data   RO           92    .rodata.tensor_conv1d_1_bias_0_dim  main.o
    0x08007d26   0x08007d26   0x00000002   PAD
    0x08007d28   0x08007d28   0x00000004   Data   RO           94    .rodata.tensor_conv1d_1_bias_0_offset  main.o
    0x08007d2c   0x08007d2c   0x00000018   Data   RO           90    .rodata.tensor_conv1d_1_kernel_0  main.o
    0x08007d44   0x08007d44   0x00000360   Data   RO           86    .rodata.tensor_conv1d_1_kernel_0_data  main.o
    0x080080a4   0x080080a4   0x00000004   Data   RO           88    .rodata.tensor_conv1d_1_kernel_0_dec  main.o
    0x080080a8   0x080080a8   0x00000006   Data   RO           87    .rodata.tensor_conv1d_1_kernel_0_dim  main.o
    0x080080ae   0x080080ae   0x00000002   PAD
    0x080080b0   0x080080b0   0x00000004   Data   RO           89    .rodata.tensor_conv1d_1_kernel_0_offset  main.o
    0x080080b4   0x080080b4   0x00000018   Data   RO          108    .rodata.tensor_conv1d_2_bias_0  main.o
    0x080080cc   0x080080cc   0x0000000c   Data   RO          104    .rodata.tensor_conv1d_2_bias_0_data  main.o
    0x080080d8   0x080080d8   0x00000004   Data   RO          106    .rodata.tensor_conv1d_2_bias_0_dec  main.o
    0x080080dc   0x080080dc   0x00000002   Data   RO          105    .rodata.tensor_conv1d_2_bias_0_dim  main.o
    0x080080de   0x080080de   0x00000002   PAD
    0x080080e0   0x080080e0   0x00000004   Data   RO          107    .rodata.tensor_conv1d_2_bias_0_offset  main.o
    0x080080e4   0x080080e4   0x00000018   Data   RO          103    .rodata.tensor_conv1d_2_kernel_0  main.o
    0x080080fc   0x080080fc   0x000001b0   Data   RO           99    .rodata.tensor_conv1d_2_kernel_0_data  main.o
    0x080082ac   0x080082ac   0x00000004   Data   RO          101    .rodata.tensor_conv1d_2_kernel_0_dec  main.o
    0x080082b0   0x080082b0   0x00000006   Data   RO          100    .rodata.tensor_conv1d_2_kernel_0_dim  main.o
    0x080082b6   0x080082b6   0x00000002   PAD
    0x080082b8   0x080082b8   0x00000004   Data   RO          102    .rodata.tensor_conv1d_2_kernel_0_offset  main.o
    0x080082bc   0x080082bc   0x00000018   Data   RO          121    .rodata.tensor_conv1d_3_bias_0  main.o
    0x080082d4   0x080082d4   0x0000000c   Data   RO          117    .rodata.tensor_conv1d_3_bias_0_data  main.o
    0x080082e0   0x080082e0   0x00000004   Data   RO          119    .rodata.tensor_conv1d_3_bias_0_dec  main.o
    0x080082e4   0x080082e4   0x00000002   Data   RO          118    .rodata.tensor_conv1d_3_bias_0_dim  main.o
    0x080082e6   0x080082e6   0x00000002   PAD
    0x080082e8   0x080082e8   0x00000004   Data   RO          120    .rodata.tensor_conv1d_3_bias_0_offset  main.o
    0x080082ec   0x080082ec   0x00000018   Data   RO          116    .rodata.tensor_conv1d_3_kernel_0  main.o
    0x08008304   0x08008304   0x000001b0   Data   RO          112    .rodata.tensor_conv1d_3_kernel_0_data  main.o
    0x080084b4   0x080084b4   0x00000004   Data   RO          114    .rodata.tensor_conv1d_3_kernel_0_dec  main.o
    0x080084b8   0x080084b8   0x00000006   Data   RO          113    .rodata.tensor_conv1d_3_kernel_0_dim  main.o
    0x080084be   0x080084be   0x00000002   PAD
    0x080084c0   0x080084c0   0x00000004   Data   RO          115    .rodata.tensor_conv1d_3_kernel_0_offset  main.o
    0x080084c4   0x080084c4   0x00000018   Data   RO           82    .rodata.tensor_conv1d_bias_0  main.o
    0x080084dc   0x080084dc   0x00000018   Data   RO           78    .rodata.tensor_conv1d_bias_0_data  main.o
    0x080084f4   0x080084f4   0x00000004   Data   RO           80    .rodata.tensor_conv1d_bias_0_dec  main.o
    0x080084f8   0x080084f8   0x00000002   Data   RO           79    .rodata.tensor_conv1d_bias_0_dim  main.o
    0x080084fa   0x080084fa   0x00000002   PAD
    0x080084fc   0x080084fc   0x00000004   Data   RO           81    .rodata.tensor_conv1d_bias_0_offset  main.o
    0x08008500   0x08008500   0x00000018   Data   RO           77    .rodata.tensor_conv1d_kernel_0  main.o
    0x08008518   0x08008518   0x000000d8   Data   RO           73    .rodata.tensor_conv1d_kernel_0_data  main.o
    0x080085f0   0x080085f0   0x00000004   Data   RO           75    .rodata.tensor_conv1d_kernel_0_dec  main.o
    0x080085f4   0x080085f4   0x00000006   Data   RO           74    .rodata.tensor_conv1d_kernel_0_dim  main.o
    0x080085fa   0x080085fa   0x00000002   PAD
    0x080085fc   0x080085fc   0x00000004   Data   RO           76    .rodata.tensor_conv1d_kernel_0_offset  main.o
    0x08008600   0x08008600   0x00000018   Data   RO          136    .rodata.tensor_dense_bias_0  main.o
    0x08008618   0x08008618   0x0000000d   Data   RO          132    .rodata.tensor_dense_bias_0_data  main.o
    0x08008625   0x08008625   0x00000003   PAD
    0x08008628   0x08008628   0x00000004   Data   RO          134    .rodata.tensor_dense_bias_0_dec  main.o
    0x0800862c   0x0800862c   0x00000002   Data   RO          133    .rodata.tensor_dense_bias_0_dim  main.o
    0x0800862e   0x0800862e   0x00000002   PAD
    0x08008630   0x08008630   0x00000004   Data   RO          135    .rodata.tensor_dense_bias_0_offset  main.o
    0x08008634   0x08008634   0x00000018   Data   RO          131    .rodata.tensor_dense_kernel_0  main.o
    0x0800864c   0x0800864c   0x00001e78   Data   RO          127    .rodata.tensor_dense_kernel_0_data  main.o
    0x0800a4c4   0x0800a4c4   0x00000004   Data   RO          129    .rodata.tensor_dense_kernel_0_dec  main.o
    0x0800a4c8   0x0800a4c8   0x00000004   Data   RO          128    .rodata.tensor_dense_kernel_0_dim  main.o
    0x0800a4cc   0x0800a4cc   0x00000004   Data   RO          130    .rodata.tensor_dense_kernel_0_offset  main.o
    0x0800a4d0   0x0800a4d0   0x00000018   Data   RO           70    .rodata.tensor_input_1  main.o
    0x0800a4e8   0x0800a4e8   0x00000004   Data   RO           67    .rodata.tensor_input_1_dec  main.o
    0x0800a4ec   0x0800a4ec   0x00000004   Data   RO           66    .rodata.tensor_input_1_dim  main.o
    0x0800a4f0   0x0800a4f0   0x00000004   Data   RO           68    .rodata.tensor_input_1_offset  main.o
    0x0800a4f4   0x0800a4f4   0x00000018   Data   RO          145    .rodata.tensor_output0  main.o
    0x0800a50c   0x0800a50c   0x00000004   Data   RO          142    .rodata.tensor_output0_dec  main.o
    0x0800a510   0x0800a510   0x00000002   Data   RO          141    .rodata.tensor_output0_dim  main.o
    0x0800a512   0x0800a512   0x00000002   PAD
    0x0800a514   0x0800a514   0x00000004   Data   RO          143    .rodata.tensor_output0_offset  main.o
    0x0800a518   0x0800a518   0x00000028   Data   RO          301    .rodata.test        inv_mpu.o
    0x0800a540   0x0800a540   0x00000020   Data   RO         2714    Region$$Table       anon$$obj.o


    Execution Region RW_IRAM1 (Exec base: 0x20000000, Load base: 0x0800a560, Size: 0x00002b70, Max: 0x00005000, ABSOLUTE)

    Exec Addr    Load Addr    Size         Type   Attr      Idx    E Section Name        Object

    0x20000000   0x0800a560   0x00000004   Data   RW         2678    .data               mc_w.l(stdout.o)
    0x20000004   0x0800a564   0x00000001   Data   RW           18    .data.TIM4_IRQHandler.previous_stuatus  cyberrypotter.o
    0x20000005   0x0800a565   0x00000001   Data   RW          147    .data.model_output  main.o
    0x20000006   0x0800a566   0x00000002   PAD
    0x20000008   0x0800a568   0x0000002c   Data   RW          302    .data.st            inv_mpu.o
    0x20000034   0x0800a594   0x00000004   PAD
    0x20000038        -       0x00000018   Zero   RW           17    .bss.Cyberry_Potter_Status  cyberrypotter.o
    0x20000050        -       0x000002d0   Zero   RW           48    .bss.IMU_Data_mAcc  imu.o
    0x20000320        -       0x000002d0   Zero   RW           49    .bss.IMU_Data_mdAngle  imu.o
    0x200005f0        -       0x0000000c   Zero   RW           47    .bss.IMU_bias       imu.o
    0x200005fc        -       0x00000002   Zero   RW          374    .bss.dmp.2          inv_mpu_dmp_motion_driver.o
    0x200005fe   0x0800a594   0x00000002   PAD
    0x20000600        -       0x00000002   Zero   RW          375    .bss.dmp.3          inv_mpu_dmp_motion_driver.o
    0x20000602   0x0800a594   0x00000002   PAD
    0x20000604        -       0x00000002   Zero   RW          376    .bss.dmp.4          inv_mpu_dmp_motion_driver.o
    0x20000606        -       0x00000001   Zero   RW          377    .bss.dmp.5          inv_mpu_dmp_motion_driver.o
    0x20000607   0x0800a594   0x00000001   PAD
    0x20000608        -       0x00000002   Zero   RW           16    .bss.i              cyberrypotter.o
    0x2000060a        -       0x000000b4   Zero   RW           69    .bss.nnom_input_data  main.o
    0x200006be   0x0800a594   0x00000002   PAD
    0x200006c0        -       0x00000004   Zero   RW          618    .bss.nnom_memory_taken  nnom.o
    0x200006c4        -       0x00000088   Zero   RW          149    .bss.nnom_model_create.model  main.o
    0x2000074c        -       0x0000000d   Zero   RW          144    .bss.nnom_output_data  main.o
    0x20000759   0x0800a594   0x00000003   PAD
    0x2000075c        -       0x00000004   Zero   RW          619    .bss.nnom_static_buf  nnom.o
    0x20000760        -       0x00000004   Zero   RW          621    .bss.nnom_static_buf_curr  nnom.o
    0x20000764        -       0x00000004   Zero   RW          620    .bss.nnom_static_buf_size  nnom.o
    0x20000768        -       0x00002000   Zero   RW          148    .bss.static_buf     main.o
    0x20002768        -       0x00000002   Zero   RW           14    .bss.time_hold_count_ms  cyberrypotter.o
    0x2000276a        -       0x00000002   Zero   RW           15    .bss.time_release_count_ms  cyberrypotter.o
    0x2000276c   0x0800a594   0x00000004   PAD
    0x20002770        -       0x00000400   Zero   RW         2316    STACK               startup_stm32f10x_md.o


==============================================================================

Image component sizes


      Code (inc. data)   RO Data    RW Data    ZI Data      Debug   Object Name

       432         24          0          1         30       4880   cyberrypotter.o
        98          0          0          0          0       1591   delay.o
       550          8          0          0          0       6102   hardware.o
      1050          0          0          0          0       5415   iic.o
       320          0          0          0       1452       2468   imu.o
      5170         28         90         44          0      26360   inv_mpu.o
      1796          8       3068          0          7      11154   inv_mpu_dmp_motion_driver.o
       976        108      10714          1       8521      12249   main.o
       114          0          0          0          0       3757   misc.o
       312         20          0          0          0       2541   mpu6050.o
      3770        452       1392          0         16      22968   nnom.o
        82          0          0          0          0      12756   nnom_activation.o
        70          0          0          0          0       4872   nnom_baselayer.o
       884          0          0          0          0       8010   nnom_conv2d.o
       460          0          0          0          0       6361   nnom_dense.o
       180          0          0          0          0       4741   nnom_flatten.o
       292          0          0          0          0       5155   nnom_input.o
        46          0          0          0          0       5253   nnom_layers.o
      1560          0          0          0          0      43541   nnom_local.o
       608          0          0          0          0      45856   nnom_local_q15.o
       650          0          0          0          0       6832   nnom_maxpool.o
        88          0          0          0          0       4420   nnom_output.o
       178          0          0          0          0       4681   nnom_softmax.o
       436         36          0          0          0       7018   nnom_tensor.o
        36          8        236          0       1024        908   startup_stm32f10x_md.o
       146          0          0          0          0       3094   stm32f10x_exti.o
       264          0          0          0          0       6272   stm32f10x_gpio.o
       188          0         20          0          0       8641   stm32f10x_rcc.o
       240          0          0          0          0      30004   stm32f10x_tim.o
       248          0          0          0          0       8950   stm32f10x_usart.o
       272          0          0          0          0       2938   system_stm32f10x.o

    ----------------------------------------------------------------------
     21648        692      15584         48      11068     319788   Object Totals
         0          0         32          0          0          0   (incl. Generated)
       132          0         32          2         18          0   (incl. Padding)

    ----------------------------------------------------------------------

      Code (inc. data)   RO Data    RW Data    ZI Data      Debug   Library Member Name

       148         12          0          0          0         88   round.o
         0          0          0          0          0          0   entry.o
         0          0          0          0          0          0   entry10a.o
         0          0          0          0          0          0   entry11a.o
         8          4          0          0          0          0   entry2.o
         4          0          0          0          0          0   entry5.o
         0          0          0          0          0          0   entry7b.o
         0          0          0          0          0          0   entry8b.o
         8          4          0          0          0          0   entry9a.o
        30          0          0          0          0          0   handlers.o
        48         10          0          0          0         68   init.o
         0          0          0          0          0          0   iusefp.o
        98          0          0          0          0         84   ldiv.o
        30          0          0          0          0         68   llshl.o
        36          0          0          0          0         68   llsshr.o
        32          0          0          0          0         68   llushr.o
        26          0          0          0          0         80   memcmp.o
        36          0          0          0          0         68   memcpya.o
        36          0          0          0          0        108   memseta.o
      2258         90          0          0          0        452   printfa.o
        12          6          0          0          0         68   putchar.o
        36          6          0          0          0         80   puts.o
         0          0          0          4          0          0   stdout.o
        44          0          0          0          0         80   uidiv.o
        98          0          0          0          0         92   uldiv.o
        48          0          0          0          0         68   cdcmple.o
        48          0          0          0          0         68   cdrcmple.o
        56          0          0          0          0         88   d2f.o
       334          0          0          0          0        148   dadd.o
       222          0          0          0          0        100   ddiv.o
       186          0          0          0          0        176   depilogue.o
        62          0          0          0          0         80   dfixi.o
        48          0          0          0          0         68   dfixul.o
        34          0          0          0          0         76   dflti.o
       228          0          0          0          0         96   dmul.o
       136          4          0          0          0         92   drnd.o
        38          0          0          0          0         68   f2d.o
       176          0          0          0          0        140   fadd.o
        28          0          0          0          0         68   fcmpeq.o
        28          0          0          0          0         68   fcmple.o
        28          0          0          0          0         68   fcmplt.o
       124          0          0          0          0         88   fdiv.o
       110          0          0          0          0        168   fepilogue.o
        50          0          0          0          0         68   ffixi.o
        18          0          0          0          0         68   fflti.o
        10          0          0          0          0         68   ffltui.o
       100          0          0          0          0         76   fmul.o

    ----------------------------------------------------------------------
      5104        136          0          4          0       3480   Library Totals
         4          0          0          0          0          0   (incl. Padding)

    ----------------------------------------------------------------------

      Code (inc. data)   RO Data    RW Data    ZI Data      Debug   Library Name

       148         12          0          0          0         88   m_ws.l
      2840        120          0          4          0       1384   mc_w.l
      2112          4          0          0          0       2008   mf_w.l

    ----------------------------------------------------------------------
      5104        136          0          4          0       3480   Library Totals

    ----------------------------------------------------------------------

==============================================================================


      Code (inc. data)   RO Data    RW Data    ZI Data      Debug   

     26752        828      15584         52      11068     320916   Grand Totals
     26752        828      15584         52      11068     320916   ELF Image Totals
     26752        828      15584         52          0          0   ROM Totals

==============================================================================

    Total RO  Size (Code + RO Data)                42336 (  41.34kB)
    Total RW  Size (RW Data + ZI Data)             11120 (  10.86kB)
    Total ROM Size (Code + RO Data + RW Data)      42388 (  41.39kB)

==============================================================================

